10:00:54 **** Incremental Build of configuration Release for project ARM_NTI ****
make all 
Invoking: Cross ARM GNU Print Size
arm-none-eabi-size --format=berkeley "ARM_NTI.elf"
   text	   data	    bss	    dec	    hex	filename
   2515	    168	    288	   2971	    b9b	ARM_NTI.elf
Finished building: ARM_NTI.siz
 
10:07:28 **** Incremental Build of configuration Release for project ARM_NTI ****
make all 
Building file: ../src/MCAL/UART/UART_Program.c
Invoking: Cross ARM GNU C Compiler
arm-none-eabi-gcc -mcpu=cortex-m3 -mthumb -Os -fmessage-length=0 -fsigned-char -ffunction-sections -fdata-sections -ffreestanding -Wall -Wextra  -g -DNDEBUG -DSTM32F10X_MD -DUSE_STDPERIPH_DRIVER -DHSE_VALUE=8000000 -I"../include" -I"../system/include" -I"../system/include/cmsis" -I"../system/include/stm32f1-stdperiph" -std=gnu11 -MMD -MP -MF"src/MCAL/UART/UART_Program.d" -MT"src/MCAL/UART/UART_Program.o" -c -o "src/MCAL/UART/UART_Program.o" "../src/MCAL/UART/UART_Program.c"
Finished building: ../src/MCAL/UART/UART_Program.c
 
Building file: ../src/main.c
Invoking: Cross ARM GNU C Compiler
arm-none-eabi-gcc -mcpu=cortex-m3 -mthumb -Os -fmessage-length=0 -fsigned-char -ffunction-sections -fdata-sections -ffreestanding -Wall -Wextra  -g -DNDEBUG -DSTM32F10X_MD -DUSE_STDPERIPH_DRIVER -DHSE_VALUE=8000000 -I"../include" -I"../system/include" -I"../system/include/cmsis" -I"../system/include/stm32f1-stdperiph" -std=gnu11 -MMD -MP -MF"src/main.d" -MT"src/main.o" -c -o "src/main.o" "../src/main.c"
../src/main.c: In function 'main':
../src/main.c:52:18: warning: passing argument 1 of 'LCD_WriteString' discards 'volatile' qualifier from pointer target type [-Wdiscarded-qualifiers]
  LCD_WriteString(str);
                  ^~~
In file included from ../src/main.c:18:0:
../src/HAL/LCD/LCD_Interface.h:14:6: note: expected 'char *' but argument is of type 'volatile u8 * {aka volatile unsigned char *}'
 void LCD_WriteString(char*str);
      ^~~~~~~~~~~~~~~
Finished building: ../src/main.c
 
Building target: ARM_NTI.elf
Invoking: Cross ARM GNU C++ Linker
arm-none-eabi-g++ -mcpu=cortex-m3 -mthumb -Os -fmessage-length=0 -fsigned-char -ffunction-sections -fdata-sections -ffreestanding -Wall -Wextra  -g -T mem.ld -T libs.ld -T sections.ld -nostartfiles -Xlinker --gc-sections -L"../ldscripts" -Wl,-Map,"ARM_NTI.map" --specs=nano.specs -o "ARM_NTI.elf"  ./system/src/stm32f1-stdperiph/misc.o ./system/src/stm32f1-stdperiph/stm32f10x_gpio.o ./system/src/stm32f1-stdperiph/stm32f10x_rcc.o  ./system/src/newlib/_cxx.o ./system/src/newlib/_exit.o ./system/src/newlib/_sbrk.o ./system/src/newlib/_startup.o ./system/src/newlib/_syscalls.o ./system/src/newlib/assert.o  ./system/src/diag/Trace.o ./system/src/diag/trace_impl.o  ./system/src/cortexm/_initialize_hardware.o ./system/src/cortexm/_reset_hardware.o ./system/src/cortexm/exception_handlers.o  ./system/src/cmsis/system_stm32f10x.o ./system/src/cmsis/vectors_stm32f10x.o  ./src/MCAL/UART/UART_Program.o  ./src/MCAL/TIMER/TIMER_Services.o ./src/MCAL/TIMER/Timer_Program.o  ./src/MCAL/SYSTICK/SYSTICK_Program.o  ./src/MCAL/SPI/SPI_Program.o  ./src/MCAL/RCC/RCC_Program.o  ./src/MCAL/NVIC/NVIC.o  ./src/MCAL/GPIO/GPIO_Program.o  ./src/MCAL/EXI_INTERRUPT/EX_Interrupt.o  ./src/MCAL/DMA/DMA_Program.o  ./src/MCAL/AFIO/AFIO.o  ./src/HAL/MOTOR/MOTOR_Program.o  ./src/HAL/LCD/LCD_Program.o  ./src/HAL/ESP/ESP_Program.o  ./src/main.o   
Finished building target: ARM_NTI.elf
 
Invoking: Cross ARM GNU Create Flash Image
arm-none-eabi-objcopy -O ihex "ARM_NTI.elf"  "ARM_NTI.hex"
Finished building: ARM_NTI.hex
 
Invoking: Cross ARM GNU Print Size
arm-none-eabi-size --format=berkeley "ARM_NTI.elf"
   text	   data	    bss	    dec	    hex	filename
   2499	    168	    284	   2951	    b87	ARM_NTI.elf
Finished building: ARM_NTI.siz
 
10:08:04 **** Incremental Build of configuration Release for project ARM_NTI ****
make all 
Invoking: Cross ARM GNU Print Size
arm-none-eabi-size --format=berkeley "ARM_NTI.elf"
   text	   data	    bss	    dec	    hex	filename
   2499	    168	    284	   2951	    b87	ARM_NTI.elf
Finished building: ARM_NTI.siz
 
10:08:15 **** Incremental Build of configuration Release for project ARM_NTI ****
make all 
Building file: ../src/main.c
Invoking: Cross ARM GNU C Compiler
arm-none-eabi-gcc -mcpu=cortex-m3 -mthumb -Os -fmessage-length=0 -fsigned-char -ffunction-sections -fdata-sections -ffreestanding -Wall -Wextra  -g -DNDEBUG -DSTM32F10X_MD -DUSE_STDPERIPH_DRIVER -DHSE_VALUE=8000000 -I"../include" -I"../system/include" -I"../system/include/cmsis" -I"../system/include/stm32f1-stdperiph" -std=gnu11 -MMD -MP -MF"src/main.d" -MT"src/main.o" -c -o "src/main.o" "../src/main.c"
../src/main.c: In function 'main':
../src/main.c:53:18: warning: passing argument 1 of 'LCD_WriteString' discards 'volatile' qualifier from pointer target type [-Wdiscarded-qualifiers]
  LCD_WriteString(str);
                  ^~~
In file included from ../src/main.c:18:0:
../src/HAL/LCD/LCD_Interface.h:14:6: note: expected 'char *' but argument is of type 'volatile u8 * {aka volatile unsigned char *}'
 void LCD_WriteString(char*str);
      ^~~~~~~~~~~~~~~
Finished building: ../src/main.c
 
Building target: ARM_NTI.elf
Invoking: Cross ARM GNU C++ Linker
arm-none-eabi-g++ -mcpu=cortex-m3 -mthumb -Os -fmessage-length=0 -fsigned-char -ffunction-sections -fdata-sections -ffreestanding -Wall -Wextra  -g -T mem.ld -T libs.ld -T sections.ld -nostartfiles -Xlinker --gc-sections -L"../ldscripts" -Wl,-Map,"ARM_NTI.map" --specs=nano.specs -o "ARM_NTI.elf"  ./system/src/stm32f1-stdperiph/misc.o ./system/src/stm32f1-stdperiph/stm32f10x_gpio.o ./system/src/stm32f1-stdperiph/stm32f10x_rcc.o  ./system/src/newlib/_cxx.o ./system/src/newlib/_exit.o ./system/src/newlib/_sbrk.o ./system/src/newlib/_startup.o ./system/src/newlib/_syscalls.o ./system/src/newlib/assert.o  ./system/src/diag/Trace.o ./system/src/diag/trace_impl.o  ./system/src/cortexm/_initialize_hardware.o ./system/src/cortexm/_reset_hardware.o ./system/src/cortexm/exception_handlers.o  ./system/src/cmsis/system_stm32f10x.o ./system/src/cmsis/vectors_stm32f10x.o  ./src/MCAL/UART/UART_Program.o  ./src/MCAL/TIMER/TIMER_Services.o ./src/MCAL/TIMER/Timer_Program.o  ./src/MCAL/SYSTICK/SYSTICK_Program.o  ./src/MCAL/SPI/SPI_Program.o  ./src/MCAL/RCC/RCC_Program.o  ./src/MCAL/NVIC/NVIC.o  ./src/MCAL/GPIO/GPIO_Program.o  ./src/MCAL/EXI_INTERRUPT/EX_Interrupt.o  ./src/MCAL/DMA/DMA_Program.o  ./src/MCAL/AFIO/AFIO.o  ./src/HAL/MOTOR/MOTOR_Program.o  ./src/HAL/LCD/LCD_Program.o  ./src/HAL/ESP/ESP_Program.o  ./src/main.o   
Finished building target: ARM_NTI.elf
 
Invoking: Cross ARM GNU Create Flash Image
arm-none-eabi-objcopy -O ihex "ARM_NTI.elf"  "ARM_NTI.hex"
Finished building: ARM_NTI.hex
 
Invoking: Cross ARM GNU Print Size
arm-none-eabi-size --format=berkeley "ARM_NTI.elf"
   text	   data	    bss	    dec	    hex	filename
   2499	    168	    284	   2951	    b87	ARM_NTI.elf
Finished building: ARM_NTI.siz
 
10:10:05 **** Incremental Build of configuration Release for project ARM_NTI ****
make all 
Building file: ../src/main.c
Invoking: Cross ARM GNU C Compiler
arm-none-eabi-gcc -mcpu=cortex-m3 -mthumb -Os -fmessage-length=0 -fsigned-char -ffunction-sections -fdata-sections -ffreestanding -Wall -Wextra  -g -DNDEBUG -DSTM32F10X_MD -DUSE_STDPERIPH_DRIVER -DHSE_VALUE=8000000 -I"../include" -I"../system/include" -I"../system/include/cmsis" -I"../system/include/stm32f1-stdperiph" -std=gnu11 -MMD -MP -MF"src/main.d" -MT"src/main.o" -c -o "src/main.o" "../src/main.c"
../src/main.c: In function 'main':
../src/main.c:53:18: warning: passing argument 1 of 'LCD_WriteString' discards 'volatile' qualifier from pointer target type [-Wdiscarded-qualifiers]
  LCD_WriteString(str);
                  ^~~
In file included from ../src/main.c:18:0:
../src/HAL/LCD/LCD_Interface.h:14:6: note: expected 'char *' but argument is of type 'volatile u8 * {aka volatile unsigned char *}'
 void LCD_WriteString(char*str);
      ^~~~~~~~~~~~~~~
Finished building: ../src/main.c
 
Building target: ARM_NTI.elf
Invoking: Cross ARM GNU C++ Linker
arm-none-eabi-g++ -mcpu=cortex-m3 -mthumb -Os -fmessage-length=0 -fsigned-char -ffunction-sections -fdata-sections -ffreestanding -Wall -Wextra  -g -T mem.ld -T libs.ld -T sections.ld -nostartfiles -Xlinker --gc-sections -L"../ldscripts" -Wl,-Map,"ARM_NTI.map" --specs=nano.specs -o "ARM_NTI.elf"  ./system/src/stm32f1-stdperiph/misc.o ./system/src/stm32f1-stdperiph/stm32f10x_gpio.o ./system/src/stm32f1-stdperiph/stm32f10x_rcc.o  ./system/src/newlib/_cxx.o ./system/src/newlib/_exit.o ./system/src/newlib/_sbrk.o ./system/src/newlib/_startup.o ./system/src/newlib/_syscalls.o ./system/src/newlib/assert.o  ./system/src/diag/Trace.o ./system/src/diag/trace_impl.o  ./system/src/cortexm/_initialize_hardware.o ./system/src/cortexm/_reset_hardware.o ./system/src/cortexm/exception_handlers.o  ./system/src/cmsis/system_stm32f10x.o ./system/src/cmsis/vectors_stm32f10x.o  ./src/MCAL/UART/UART_Program.o  ./src/MCAL/TIMER/TIMER_Services.o ./src/MCAL/TIMER/Timer_Program.o  ./src/MCAL/SYSTICK/SYSTICK_Program.o  ./src/MCAL/SPI/SPI_Program.o  ./src/MCAL/RCC/RCC_Program.o  ./src/MCAL/NVIC/NVIC.o  ./src/MCAL/GPIO/GPIO_Program.o  ./src/MCAL/EXI_INTERRUPT/EX_Interrupt.o  ./src/MCAL/DMA/DMA_Program.o  ./src/MCAL/AFIO/AFIO.o  ./src/HAL/MOTOR/MOTOR_Program.o  ./src/HAL/LCD/LCD_Program.o  ./src/HAL/ESP/ESP_Program.o  ./src/main.o   
Finished building target: ARM_NTI.elf
 
Invoking: Cross ARM GNU Create Flash Image
arm-none-eabi-objcopy -O ihex "ARM_NTI.elf"  "ARM_NTI.hex"
Finished building: ARM_NTI.hex
 
Invoking: Cross ARM GNU Print Size
arm-none-eabi-size --format=berkeley "ARM_NTI.elf"
   text	   data	    bss	    dec	    hex	filename
   2514	    168	    284	   2966	    b96	ARM_NTI.elf
Finished building: ARM_NTI.siz
 
10:10:39 **** Incremental Build of configuration Release for project ARM_NTI ****
make all 
Building file: ../src/main.c
Invoking: Cross ARM GNU C Compiler
arm-none-eabi-gcc -mcpu=cortex-m3 -mthumb -Os -fmessage-length=0 -fsigned-char -ffunction-sections -fdata-sections -ffreestanding -Wall -Wextra  -g -DNDEBUG -DSTM32F10X_MD -DUSE_STDPERIPH_DRIVER -DHSE_VALUE=8000000 -I"../include" -I"../system/include" -I"../system/include/cmsis" -I"../system/include/stm32f1-stdperiph" -std=gnu11 -MMD -MP -MF"src/main.d" -MT"src/main.o" -c -o "src/main.o" "../src/main.c"
../src/main.c: In function 'main':
../src/main.c:51:18: warning: passing argument 1 of 'LCD_WriteString' discards 'volatile' qualifier from pointer target type [-Wdiscarded-qualifiers]
  LCD_WriteString(str);
                  ^~~
In file included from ../src/main.c:18:0:
../src/HAL/LCD/LCD_Interface.h:14:6: note: expected 'char *' but argument is of type 'volatile u8 * {aka volatile unsigned char *}'
 void LCD_WriteString(char*str);
      ^~~~~~~~~~~~~~~
../src/main.c:57:18: warning: passing argument 1 of 'LCD_WriteString' discards 'volatile' qualifier from pointer target type [-Wdiscarded-qualifiers]
  LCD_WriteString(str);
                  ^~~
In file included from ../src/main.c:18:0:
../src/HAL/LCD/LCD_Interface.h:14:6: note: expected 'char *' but argument is of type 'volatile u8 * {aka volatile unsigned char *}'
 void LCD_WriteString(char*str);
      ^~~~~~~~~~~~~~~
Finished building: ../src/main.c
 
Building target: ARM_NTI.elf
Invoking: Cross ARM GNU C++ Linker
arm-none-eabi-g++ -mcpu=cortex-m3 -mthumb -Os -fmessage-length=0 -fsigned-char -ffunction-sections -fdata-sections -ffreestanding -Wall -Wextra  -g -T mem.ld -T libs.ld -T sections.ld -nostartfiles -Xlinker --gc-sections -L"../ldscripts" -Wl,-Map,"ARM_NTI.map" --specs=nano.specs -o "ARM_NTI.elf"  ./system/src/stm32f1-stdperiph/misc.o ./system/src/stm32f1-stdperiph/stm32f10x_gpio.o ./system/src/stm32f1-stdperiph/stm32f10x_rcc.o  ./system/src/newlib/_cxx.o ./system/src/newlib/_exit.o ./system/src/newlib/_sbrk.o ./system/src/newlib/_startup.o ./system/src/newlib/_syscalls.o ./system/src/newlib/assert.o  ./system/src/diag/Trace.o ./system/src/diag/trace_impl.o  ./system/src/cortexm/_initialize_hardware.o ./system/src/cortexm/_reset_hardware.o ./system/src/cortexm/exception_handlers.o  ./system/src/cmsis/system_stm32f10x.o ./system/src/cmsis/vectors_stm32f10x.o  ./src/MCAL/UART/UART_Program.o  ./src/MCAL/TIMER/TIMER_Services.o ./src/MCAL/TIMER/Timer_Program.o  ./src/MCAL/SYSTICK/SYSTICK_Program.o  ./src/MCAL/SPI/SPI_Program.o  ./src/MCAL/RCC/RCC_Program.o  ./src/MCAL/NVIC/NVIC.o  ./src/MCAL/GPIO/GPIO_Program.o  ./src/MCAL/EXI_INTERRUPT/EX_Interrupt.o  ./src/MCAL/DMA/DMA_Program.o  ./src/MCAL/AFIO/AFIO.o  ./src/HAL/MOTOR/MOTOR_Program.o  ./src/HAL/LCD/LCD_Program.o  ./src/HAL/ESP/ESP_Program.o  ./src/main.o   
Finished building target: ARM_NTI.elf
 
Invoking: Cross ARM GNU Create Flash Image
arm-none-eabi-objcopy -O ihex "ARM_NTI.elf"  "ARM_NTI.hex"
Finished building: ARM_NTI.hex
 
Invoking: Cross ARM GNU Print Size
arm-none-eabi-size --format=berkeley "ARM_NTI.elf"
   text	   data	    bss	    dec	    hex	filename
   2540	    168	    284	   2992	    bb0	ARM_NTI.elf
Finished building: ARM_NTI.siz
 
10:10:48 **** Incremental Build of configuration Release for project ARM_NTI ****
make all 
Invoking: Cross ARM GNU Print Size
arm-none-eabi-size --format=berkeley "ARM_NTI.elf"
   text	   data	    bss	    dec	    hex	filename
   2540	    168	    284	   2992	    bb0	ARM_NTI.elf
Finished building: ARM_NTI.siz
 
10:12:52 **** Incremental Build of configuration Release for project ARM_NTI ****
make all 
Building file: ../src/main.c
Invoking: Cross ARM GNU C Compiler
arm-none-eabi-gcc -mcpu=cortex-m3 -mthumb -Os -fmessage-length=0 -fsigned-char -ffunction-sections -fdata-sections -ffreestanding -Wall -Wextra  -g -DNDEBUG -DSTM32F10X_MD -DUSE_STDPERIPH_DRIVER -DHSE_VALUE=8000000 -I"../include" -I"../system/include" -I"../system/include/cmsis" -I"../system/include/stm32f1-stdperiph" -std=gnu11 -MMD -MP -MF"src/main.d" -MT"src/main.o" -c -o "src/main.o" "../src/main.c"
../src/main.c: In function 'main':
../src/main.c:51:18: warning: passing argument 1 of 'LCD_WriteString' discards 'volatile' qualifier from pointer target type [-Wdiscarded-qualifiers]
  LCD_WriteString(str);
                  ^~~
In file included from ../src/main.c:18:0:
../src/HAL/LCD/LCD_Interface.h:14:6: note: expected 'char *' but argument is of type 'volatile u8 * {aka volatile unsigned char *}'
 void LCD_WriteString(char*str);
      ^~~~~~~~~~~~~~~
../src/main.c:57:18: warning: passing argument 1 of 'LCD_WriteString' discards 'volatile' qualifier from pointer target type [-Wdiscarded-qualifiers]
  LCD_WriteString(str);
                  ^~~
In file included from ../src/main.c:18:0:
../src/HAL/LCD/LCD_Interface.h:14:6: note: expected 'char *' but argument is of type 'volatile u8 * {aka volatile unsigned char *}'
 void LCD_WriteString(char*str);
      ^~~~~~~~~~~~~~~
Finished building: ../src/main.c
 
Building target: ARM_NTI.elf
Invoking: Cross ARM GNU C++ Linker
arm-none-eabi-g++ -mcpu=cortex-m3 -mthumb -Os -fmessage-length=0 -fsigned-char -ffunction-sections -fdata-sections -ffreestanding -Wall -Wextra  -g -T mem.ld -T libs.ld -T sections.ld -nostartfiles -Xlinker --gc-sections -L"../ldscripts" -Wl,-Map,"ARM_NTI.map" --specs=nano.specs -o "ARM_NTI.elf"  ./system/src/stm32f1-stdperiph/misc.o ./system/src/stm32f1-stdperiph/stm32f10x_gpio.o ./system/src/stm32f1-stdperiph/stm32f10x_rcc.o  ./system/src/newlib/_cxx.o ./system/src/newlib/_exit.o ./system/src/newlib/_sbrk.o ./system/src/newlib/_startup.o ./system/src/newlib/_syscalls.o ./system/src/newlib/assert.o  ./system/src/diag/Trace.o ./system/src/diag/trace_impl.o  ./system/src/cortexm/_initialize_hardware.o ./system/src/cortexm/_reset_hardware.o ./system/src/cortexm/exception_handlers.o  ./system/src/cmsis/system_stm32f10x.o ./system/src/cmsis/vectors_stm32f10x.o  ./src/MCAL/UART/UART_Program.o  ./src/MCAL/TIMER/TIMER_Services.o ./src/MCAL/TIMER/Timer_Program.o  ./src/MCAL/SYSTICK/SYSTICK_Program.o  ./src/MCAL/SPI/SPI_Program.o  ./src/MCAL/RCC/RCC_Program.o  ./src/MCAL/NVIC/NVIC.o  ./src/MCAL/GPIO/GPIO_Program.o  ./src/MCAL/EXI_INTERRUPT/EX_Interrupt.o  ./src/MCAL/DMA/DMA_Program.o  ./src/MCAL/AFIO/AFIO.o  ./src/HAL/MOTOR/MOTOR_Program.o  ./src/HAL/LCD/LCD_Program.o  ./src/HAL/ESP/ESP_Program.o  ./src/main.o   
Finished building target: ARM_NTI.elf
 
Invoking: Cross ARM GNU Create Flash Image
arm-none-eabi-objcopy -O ihex "ARM_NTI.elf"  "ARM_NTI.hex"
Finished building: ARM_NTI.hex
 
Invoking: Cross ARM GNU Print Size
arm-none-eabi-size --format=berkeley "ARM_NTI.elf"
   text	   data	    bss	    dec	    hex	filename
   2544	    168	    284	   2996	    bb4	ARM_NTI.elf
Finished building: ARM_NTI.siz
 
10:17:20 **** Incremental Build of configuration Release for project ARM_NTI ****
make all 
Building file: ../src/main.c
Invoking: Cross ARM GNU C Compiler
arm-none-eabi-gcc -mcpu=cortex-m3 -mthumb -Os -fmessage-length=0 -fsigned-char -ffunction-sections -fdata-sections -ffreestanding -Wall -Wextra  -g -DNDEBUG -DSTM32F10X_MD -DUSE_STDPERIPH_DRIVER -DHSE_VALUE=8000000 -I"../include" -I"../system/include" -I"../system/include/cmsis" -I"../system/include/stm32f1-stdperiph" -std=gnu11 -MMD -MP -MF"src/main.d" -MT"src/main.o" -c -o "src/main.o" "../src/main.c"
../src/main.c: In function 'main':
../src/main.c:55:18: warning: passing argument 1 of 'LCD_WriteString' discards 'volatile' qualifier from pointer target type [-Wdiscarded-qualifiers]
  LCD_WriteString(str);
                  ^~~
In file included from ../src/main.c:18:0:
../src/HAL/LCD/LCD_Interface.h:14:6: note: expected 'char *' but argument is of type 'volatile u8 * {aka volatile unsigned char *}'
 void LCD_WriteString(char*str);
      ^~~~~~~~~~~~~~~
../src/main.c:61:18: warning: passing argument 1 of 'LCD_WriteString' discards 'volatile' qualifier from pointer target type [-Wdiscarded-qualifiers]
  LCD_WriteString(str);
                  ^~~
In file included from ../src/main.c:18:0:
../src/HAL/LCD/LCD_Interface.h:14:6: note: expected 'char *' but argument is of type 'volatile u8 * {aka volatile unsigned char *}'
 void LCD_WriteString(char*str);
      ^~~~~~~~~~~~~~~
Finished building: ../src/main.c
 
Building target: ARM_NTI.elf
Invoking: Cross ARM GNU C++ Linker
arm-none-eabi-g++ -mcpu=cortex-m3 -mthumb -Os -fmessage-length=0 -fsigned-char -ffunction-sections -fdata-sections -ffreestanding -Wall -Wextra  -g -T mem.ld -T libs.ld -T sections.ld -nostartfiles -Xlinker --gc-sections -L"../ldscripts" -Wl,-Map,"ARM_NTI.map" --specs=nano.specs -o "ARM_NTI.elf"  ./system/src/stm32f1-stdperiph/misc.o ./system/src/stm32f1-stdperiph/stm32f10x_gpio.o ./system/src/stm32f1-stdperiph/stm32f10x_rcc.o  ./system/src/newlib/_cxx.o ./system/src/newlib/_exit.o ./system/src/newlib/_sbrk.o ./system/src/newlib/_startup.o ./system/src/newlib/_syscalls.o ./system/src/newlib/assert.o  ./system/src/diag/Trace.o ./system/src/diag/trace_impl.o  ./system/src/cortexm/_initialize_hardware.o ./system/src/cortexm/_reset_hardware.o ./system/src/cortexm/exception_handlers.o  ./system/src/cmsis/system_stm32f10x.o ./system/src/cmsis/vectors_stm32f10x.o  ./src/MCAL/UART/UART_Program.o  ./src/MCAL/TIMER/TIMER_Services.o ./src/MCAL/TIMER/Timer_Program.o  ./src/MCAL/SYSTICK/SYSTICK_Program.o  ./src/MCAL/SPI/SPI_Program.o  ./src/MCAL/RCC/RCC_Program.o  ./src/MCAL/NVIC/NVIC.o  ./src/MCAL/GPIO/GPIO_Program.o  ./src/MCAL/EXI_INTERRUPT/EX_Interrupt.o  ./src/MCAL/DMA/DMA_Program.o  ./src/MCAL/AFIO/AFIO.o  ./src/HAL/MOTOR/MOTOR_Program.o  ./src/HAL/LCD/LCD_Program.o  ./src/HAL/ESP/ESP_Program.o  ./src/main.o   
Finished building target: ARM_NTI.elf
 
Invoking: Cross ARM GNU Create Flash Image
arm-none-eabi-objcopy -O ihex "ARM_NTI.elf"  "ARM_NTI.hex"
Finished building: ARM_NTI.hex
 
Invoking: Cross ARM GNU Print Size
arm-none-eabi-size --format=berkeley "ARM_NTI.elf"
   text	   data	    bss	    dec	    hex	filename
   2570	    168	    284	   3022	    bce	ARM_NTI.elf
Finished building: ARM_NTI.siz
 
10:17:28 **** Incremental Build of configuration Release for project ARM_NTI ****
make all 
Invoking: Cross ARM GNU Print Size
arm-none-eabi-size --format=berkeley "ARM_NTI.elf"
   text	   data	    bss	    dec	    hex	filename
   2570	    168	    284	   3022	    bce	ARM_NTI.elf
Finished building: ARM_NTI.siz
 
10:19:33 **** Incremental Build of configuration Release for project ARM_NTI ****
make all 
Building file: ../src/main.c
Invoking: Cross ARM GNU C Compiler
arm-none-eabi-gcc -mcpu=cortex-m3 -mthumb -Os -fmessage-length=0 -fsigned-char -ffunction-sections -fdata-sections -ffreestanding -Wall -Wextra  -g -DNDEBUG -DSTM32F10X_MD -DUSE_STDPERIPH_DRIVER -DHSE_VALUE=8000000 -I"../include" -I"../system/include" -I"../system/include/cmsis" -I"../system/include/stm32f1-stdperiph" -std=gnu11 -MMD -MP -MF"src/main.d" -MT"src/main.o" -c -o "src/main.o" "../src/main.c"
../src/main.c: In function 'main':
../src/main.c:55:18: warning: passing argument 1 of 'LCD_WriteString' discards 'volatile' qualifier from pointer target type [-Wdiscarded-qualifiers]
  LCD_WriteString(str);
                  ^~~
In file included from ../src/main.c:18:0:
../src/HAL/LCD/LCD_Interface.h:14:6: note: expected 'char *' but argument is of type 'volatile u8 * {aka volatile unsigned char *}'
 void LCD_WriteString(char*str);
      ^~~~~~~~~~~~~~~
../src/main.c:61:18: warning: passing argument 1 of 'LCD_WriteString' discards 'volatile' qualifier from pointer target type [-Wdiscarded-qualifiers]
  LCD_WriteString(str);
                  ^~~
In file included from ../src/main.c:18:0:
../src/HAL/LCD/LCD_Interface.h:14:6: note: expected 'char *' but argument is of type 'volatile u8 * {aka volatile unsigned char *}'
 void LCD_WriteString(char*str);
      ^~~~~~~~~~~~~~~
../src/main.c:67:18: warning: passing argument 1 of 'LCD_WriteString' discards 'volatile' qualifier from pointer target type [-Wdiscarded-qualifiers]
  LCD_WriteString(str);
                  ^~~
In file included from ../src/main.c:18:0:
../src/HAL/LCD/LCD_Interface.h:14:6: note: expected 'char *' but argument is of type 'volatile u8 * {aka volatile unsigned char *}'
 void LCD_WriteString(char*str);
      ^~~~~~~~~~~~~~~
Finished building: ../src/main.c
 
Building target: ARM_NTI.elf
Invoking: Cross ARM GNU C++ Linker
arm-none-eabi-g++ -mcpu=cortex-m3 -mthumb -Os -fmessage-length=0 -fsigned-char -ffunction-sections -fdata-sections -ffreestanding -Wall -Wextra  -g -T mem.ld -T libs.ld -T sections.ld -nostartfiles -Xlinker --gc-sections -L"../ldscripts" -Wl,-Map,"ARM_NTI.map" --specs=nano.specs -o "ARM_NTI.elf"  ./system/src/stm32f1-stdperiph/misc.o ./system/src/stm32f1-stdperiph/stm32f10x_gpio.o ./system/src/stm32f1-stdperiph/stm32f10x_rcc.o  ./system/src/newlib/_cxx.o ./system/src/newlib/_exit.o ./system/src/newlib/_sbrk.o ./system/src/newlib/_startup.o ./system/src/newlib/_syscalls.o ./system/src/newlib/assert.o  ./system/src/diag/Trace.o ./system/src/diag/trace_impl.o  ./system/src/cortexm/_initialize_hardware.o ./system/src/cortexm/_reset_hardware.o ./system/src/cortexm/exception_handlers.o  ./system/src/cmsis/system_stm32f10x.o ./system/src/cmsis/vectors_stm32f10x.o  ./src/MCAL/UART/UART_Program.o  ./src/MCAL/TIMER/TIMER_Services.o ./src/MCAL/TIMER/Timer_Program.o  ./src/MCAL/SYSTICK/SYSTICK_Program.o  ./src/MCAL/SPI/SPI_Program.o  ./src/MCAL/RCC/RCC_Program.o  ./src/MCAL/NVIC/NVIC.o  ./src/MCAL/GPIO/GPIO_Program.o  ./src/MCAL/EXI_INTERRUPT/EX_Interrupt.o  ./src/MCAL/DMA/DMA_Program.o  ./src/MCAL/AFIO/AFIO.o  ./src/HAL/MOTOR/MOTOR_Program.o  ./src/HAL/LCD/LCD_Program.o  ./src/HAL/ESP/ESP_Program.o  ./src/main.o   
Finished building target: ARM_NTI.elf
 
Invoking: Cross ARM GNU Create Flash Image
arm-none-eabi-objcopy -O ihex "ARM_NTI.elf"  "ARM_NTI.hex"
Finished building: ARM_NTI.hex
 
Invoking: Cross ARM GNU Print Size
arm-none-eabi-size --format=berkeley "ARM_NTI.elf"
   text	   data	    bss	    dec	    hex	filename
   2642	    168	    284	   3094	    c16	ARM_NTI.elf
Finished building: ARM_NTI.siz
 
10:19:42 **** Incremental Build of configuration Release for project ARM_NTI ****
make all 
Invoking: Cross ARM GNU Print Size
arm-none-eabi-size --format=berkeley "ARM_NTI.elf"
   text	   data	    bss	    dec	    hex	filename
   2642	    168	    284	   3094	    c16	ARM_NTI.elf
Finished building: ARM_NTI.siz
 
10:22:21 **** Incremental Build of configuration Release for project ARM_NTI ****
make all 
Building file: ../src/main.c
Invoking: Cross ARM GNU C Compiler
arm-none-eabi-gcc -mcpu=cortex-m3 -mthumb -Os -fmessage-length=0 -fsigned-char -ffunction-sections -fdata-sections -ffreestanding -Wall -Wextra  -g -DNDEBUG -DSTM32F10X_MD -DUSE_STDPERIPH_DRIVER -DHSE_VALUE=8000000 -I"../include" -I"../system/include" -I"../system/include/cmsis" -I"../system/include/stm32f1-stdperiph" -std=gnu11 -MMD -MP -MF"src/main.d" -MT"src/main.o" -c -o "src/main.o" "../src/main.c"
../src/main.c: In function 'main':
../src/main.c:63:18: warning: passing argument 1 of 'LCD_WriteString' discards 'volatile' qualifier from pointer target type [-Wdiscarded-qualifiers]
  LCD_WriteString(str);
                  ^~~
In file included from ../src/main.c:18:0:
../src/HAL/LCD/LCD_Interface.h:14:6: note: expected 'char *' but argument is of type 'volatile u8 * {aka volatile unsigned char *}'
 void LCD_WriteString(char*str);
      ^~~~~~~~~~~~~~~
Finished building: ../src/main.c
 
Building target: ARM_NTI.elf
Invoking: Cross ARM GNU C++ Linker
arm-none-eabi-g++ -mcpu=cortex-m3 -mthumb -Os -fmessage-length=0 -fsigned-char -ffunction-sections -fdata-sections -ffreestanding -Wall -Wextra  -g -T mem.ld -T libs.ld -T sections.ld -nostartfiles -Xlinker --gc-sections -L"../ldscripts" -Wl,-Map,"ARM_NTI.map" --specs=nano.specs -o "ARM_NTI.elf"  ./system/src/stm32f1-stdperiph/misc.o ./system/src/stm32f1-stdperiph/stm32f10x_gpio.o ./system/src/stm32f1-stdperiph/stm32f10x_rcc.o  ./system/src/newlib/_cxx.o ./system/src/newlib/_exit.o ./system/src/newlib/_sbrk.o ./system/src/newlib/_startup.o ./system/src/newlib/_syscalls.o ./system/src/newlib/assert.o  ./system/src/diag/Trace.o ./system/src/diag/trace_impl.o  ./system/src/cortexm/_initialize_hardware.o ./system/src/cortexm/_reset_hardware.o ./system/src/cortexm/exception_handlers.o  ./system/src/cmsis/system_stm32f10x.o ./system/src/cmsis/vectors_stm32f10x.o  ./src/MCAL/UART/UART_Program.o  ./src/MCAL/TIMER/TIMER_Services.o ./src/MCAL/TIMER/Timer_Program.o  ./src/MCAL/SYSTICK/SYSTICK_Program.o  ./src/MCAL/SPI/SPI_Program.o  ./src/MCAL/RCC/RCC_Program.o  ./src/MCAL/NVIC/NVIC.o  ./src/MCAL/GPIO/GPIO_Program.o  ./src/MCAL/EXI_INTERRUPT/EX_Interrupt.o  ./src/MCAL/DMA/DMA_Program.o  ./src/MCAL/AFIO/AFIO.o  ./src/HAL/MOTOR/MOTOR_Program.o  ./src/HAL/LCD/LCD_Program.o  ./src/HAL/ESP/ESP_Program.o  ./src/main.o   
Finished building target: ARM_NTI.elf
 
Invoking: Cross ARM GNU Create Flash Image
arm-none-eabi-objcopy -O ihex "ARM_NTI.elf"  "ARM_NTI.hex"
Finished building: ARM_NTI.hex
 
Invoking: Cross ARM GNU Print Size
arm-none-eabi-size --format=berkeley "ARM_NTI.elf"
   text	   data	    bss	    dec	    hex	filename
   2630	    168	    284	   3082	    c0a	ARM_NTI.elf
Finished building: ARM_NTI.siz
 
10:23:15 **** Incremental Build of configuration Release for project ARM_NTI ****
make all 
Building file: ../src/main.c
Invoking: Cross ARM GNU C Compiler
arm-none-eabi-gcc -mcpu=cortex-m3 -mthumb -Os -fmessage-length=0 -fsigned-char -ffunction-sections -fdata-sections -ffreestanding -Wall -Wextra  -g -DNDEBUG -DSTM32F10X_MD -DUSE_STDPERIPH_DRIVER -DHSE_VALUE=8000000 -I"../include" -I"../system/include" -I"../system/include/cmsis" -I"../system/include/stm32f1-stdperiph" -std=gnu11 -MMD -MP -MF"src/main.d" -MT"src/main.o" -c -o "src/main.o" "../src/main.c"
../src/main.c: In function 'main':
../src/main.c:58:18: warning: passing argument 1 of 'LCD_WriteString' discards 'volatile' qualifier from pointer target type [-Wdiscarded-qualifiers]
  LCD_WriteString(str);
                  ^~~
In file included from ../src/main.c:18:0:
../src/HAL/LCD/LCD_Interface.h:14:6: note: expected 'char *' but argument is of type 'volatile u8 * {aka volatile unsigned char *}'
 void LCD_WriteString(char*str);
      ^~~~~~~~~~~~~~~
Finished building: ../src/main.c
 
Building target: ARM_NTI.elf
Invoking: Cross ARM GNU C++ Linker
arm-none-eabi-g++ -mcpu=cortex-m3 -mthumb -Os -fmessage-length=0 -fsigned-char -ffunction-sections -fdata-sections -ffreestanding -Wall -Wextra  -g -T mem.ld -T libs.ld -T sections.ld -nostartfiles -Xlinker --gc-sections -L"../ldscripts" -Wl,-Map,"ARM_NTI.map" --specs=nano.specs -o "ARM_NTI.elf"  ./system/src/stm32f1-stdperiph/misc.o ./system/src/stm32f1-stdperiph/stm32f10x_gpio.o ./system/src/stm32f1-stdperiph/stm32f10x_rcc.o  ./system/src/newlib/_cxx.o ./system/src/newlib/_exit.o ./system/src/newlib/_sbrk.o ./system/src/newlib/_startup.o ./system/src/newlib/_syscalls.o ./system/src/newlib/assert.o  ./system/src/diag/Trace.o ./system/src/diag/trace_impl.o  ./system/src/cortexm/_initialize_hardware.o ./system/src/cortexm/_reset_hardware.o ./system/src/cortexm/exception_handlers.o  ./system/src/cmsis/system_stm32f10x.o ./system/src/cmsis/vectors_stm32f10x.o  ./src/MCAL/UART/UART_Program.o  ./src/MCAL/TIMER/TIMER_Services.o ./src/MCAL/TIMER/Timer_Program.o  ./src/MCAL/SYSTICK/SYSTICK_Program.o  ./src/MCAL/SPI/SPI_Program.o  ./src/MCAL/RCC/RCC_Program.o  ./src/MCAL/NVIC/NVIC.o  ./src/MCAL/GPIO/GPIO_Program.o  ./src/MCAL/EXI_INTERRUPT/EX_Interrupt.o  ./src/MCAL/DMA/DMA_Program.o  ./src/MCAL/AFIO/AFIO.o  ./src/HAL/MOTOR/MOTOR_Program.o  ./src/HAL/LCD/LCD_Program.o  ./src/HAL/ESP/ESP_Program.o  ./src/main.o   
Finished building target: ARM_NTI.elf
 
Invoking: Cross ARM GNU Create Flash Image
arm-none-eabi-objcopy -O ihex "ARM_NTI.elf"  "ARM_NTI.hex"
Finished building: ARM_NTI.hex
 
Invoking: Cross ARM GNU Print Size
arm-none-eabi-size --format=berkeley "ARM_NTI.elf"
   text	   data	    bss	    dec	    hex	filename
   2618	    168	    284	   3070	    bfe	ARM_NTI.elf
Finished building: ARM_NTI.siz
 
10:24:40 **** Incremental Build of configuration Release for project ARM_NTI ****
make all 
Building file: ../src/main.c
Invoking: Cross ARM GNU C Compiler
arm-none-eabi-gcc -mcpu=cortex-m3 -mthumb -Os -fmessage-length=0 -fsigned-char -ffunction-sections -fdata-sections -ffreestanding -Wall -Wextra  -g -DNDEBUG -DSTM32F10X_MD -DUSE_STDPERIPH_DRIVER -DHSE_VALUE=8000000 -I"../include" -I"../system/include" -I"../system/include/cmsis" -I"../system/include/stm32f1-stdperiph" -std=gnu11 -MMD -MP -MF"src/main.d" -MT"src/main.o" -c -o "src/main.o" "../src/main.c"
../src/main.c: In function 'main':
../src/main.c:58:18: warning: passing argument 1 of 'LCD_WriteString' discards 'volatile' qualifier from pointer target type [-Wdiscarded-qualifiers]
  LCD_WriteString(str);
                  ^~~
In file included from ../src/main.c:18:0:
../src/HAL/LCD/LCD_Interface.h:14:6: note: expected 'char *' but argument is of type 'volatile u8 * {aka volatile unsigned char *}'
 void LCD_WriteString(char*str);
      ^~~~~~~~~~~~~~~
Finished building: ../src/main.c
 
Building target: ARM_NTI.elf
Invoking: Cross ARM GNU C++ Linker
arm-none-eabi-g++ -mcpu=cortex-m3 -mthumb -Os -fmessage-length=0 -fsigned-char -ffunction-sections -fdata-sections -ffreestanding -Wall -Wextra  -g -T mem.ld -T libs.ld -T sections.ld -nostartfiles -Xlinker --gc-sections -L"../ldscripts" -Wl,-Map,"ARM_NTI.map" --specs=nano.specs -o "ARM_NTI.elf"  ./system/src/stm32f1-stdperiph/misc.o ./system/src/stm32f1-stdperiph/stm32f10x_gpio.o ./system/src/stm32f1-stdperiph/stm32f10x_rcc.o  ./system/src/newlib/_cxx.o ./system/src/newlib/_exit.o ./system/src/newlib/_sbrk.o ./system/src/newlib/_startup.o ./system/src/newlib/_syscalls.o ./system/src/newlib/assert.o  ./system/src/diag/Trace.o ./system/src/diag/trace_impl.o  ./system/src/cortexm/_initialize_hardware.o ./system/src/cortexm/_reset_hardware.o ./system/src/cortexm/exception_handlers.o  ./system/src/cmsis/system_stm32f10x.o ./system/src/cmsis/vectors_stm32f10x.o  ./src/MCAL/UART/UART_Program.o  ./src/MCAL/TIMER/TIMER_Services.o ./src/MCAL/TIMER/Timer_Program.o  ./src/MCAL/SYSTICK/SYSTICK_Program.o  ./src/MCAL/SPI/SPI_Program.o  ./src/MCAL/RCC/RCC_Program.o  ./src/MCAL/NVIC/NVIC.o  ./src/MCAL/GPIO/GPIO_Program.o  ./src/MCAL/EXI_INTERRUPT/EX_Interrupt.o  ./src/MCAL/DMA/DMA_Program.o  ./src/MCAL/AFIO/AFIO.o  ./src/HAL/MOTOR/MOTOR_Program.o  ./src/HAL/LCD/LCD_Program.o  ./src/HAL/ESP/ESP_Program.o  ./src/main.o   
Finished building target: ARM_NTI.elf
 
Invoking: Cross ARM GNU Create Flash Image
arm-none-eabi-objcopy -O ihex "ARM_NTI.elf"  "ARM_NTI.hex"
Finished building: ARM_NTI.hex
 
Invoking: Cross ARM GNU Print Size
arm-none-eabi-size --format=berkeley "ARM_NTI.elf"
   text	   data	    bss	    dec	    hex	filename
   2618	    168	    284	   3070	    bfe	ARM_NTI.elf
Finished building: ARM_NTI.siz
 
10:26:04 **** Incremental Build of configuration Release for project ARM_NTI ****
make all 
Building file: ../src/main.c
Invoking: Cross ARM GNU C Compiler
arm-none-eabi-gcc -mcpu=cortex-m3 -mthumb -Os -fmessage-length=0 -fsigned-char -ffunction-sections -fdata-sections -ffreestanding -Wall -Wextra  -g -DNDEBUG -DSTM32F10X_MD -DUSE_STDPERIPH_DRIVER -DHSE_VALUE=8000000 -I"../include" -I"../system/include" -I"../system/include/cmsis" -I"../system/include/stm32f1-stdperiph" -std=gnu11 -MMD -MP -MF"src/main.d" -MT"src/main.o" -c -o "src/main.o" "../src/main.c"
../src/main.c: In function 'main':
../src/main.c:58:18: warning: passing argument 1 of 'LCD_WriteString' discards 'volatile' qualifier from pointer target type [-Wdiscarded-qualifiers]
  LCD_WriteString(str);
                  ^~~
In file included from ../src/main.c:18:0:
../src/HAL/LCD/LCD_Interface.h:14:6: note: expected 'char *' but argument is of type 'volatile u8 * {aka volatile unsigned char *}'
 void LCD_WriteString(char*str);
      ^~~~~~~~~~~~~~~
Finished building: ../src/main.c
 
Building target: ARM_NTI.elf
Invoking: Cross ARM GNU C++ Linker
arm-none-eabi-g++ -mcpu=cortex-m3 -mthumb -Os -fmessage-length=0 -fsigned-char -ffunction-sections -fdata-sections -ffreestanding -Wall -Wextra  -g -T mem.ld -T libs.ld -T sections.ld -nostartfiles -Xlinker --gc-sections -L"../ldscripts" -Wl,-Map,"ARM_NTI.map" --specs=nano.specs -o "ARM_NTI.elf"  ./system/src/stm32f1-stdperiph/misc.o ./system/src/stm32f1-stdperiph/stm32f10x_gpio.o ./system/src/stm32f1-stdperiph/stm32f10x_rcc.o  ./system/src/newlib/_cxx.o ./system/src/newlib/_exit.o ./system/src/newlib/_sbrk.o ./system/src/newlib/_startup.o ./system/src/newlib/_syscalls.o ./system/src/newlib/assert.o  ./system/src/diag/Trace.o ./system/src/diag/trace_impl.o  ./system/src/cortexm/_initialize_hardware.o ./system/src/cortexm/_reset_hardware.o ./system/src/cortexm/exception_handlers.o  ./system/src/cmsis/system_stm32f10x.o ./system/src/cmsis/vectors_stm32f10x.o  ./src/MCAL/UART/UART_Program.o  ./src/MCAL/TIMER/TIMER_Services.o ./src/MCAL/TIMER/Timer_Program.o  ./src/MCAL/SYSTICK/SYSTICK_Program.o  ./src/MCAL/SPI/SPI_Program.o  ./src/MCAL/RCC/RCC_Program.o  ./src/MCAL/NVIC/NVIC.o  ./src/MCAL/GPIO/GPIO_Program.o  ./src/MCAL/EXI_INTERRUPT/EX_Interrupt.o  ./src/MCAL/DMA/DMA_Program.o  ./src/MCAL/AFIO/AFIO.o  ./src/HAL/MOTOR/MOTOR_Program.o  ./src/HAL/LCD/LCD_Program.o  ./src/HAL/ESP/ESP_Program.o  ./src/main.o   
Finished building target: ARM_NTI.elf
 
Invoking: Cross ARM GNU Create Flash Image
arm-none-eabi-objcopy -O ihex "ARM_NTI.elf"  "ARM_NTI.hex"
Finished building: ARM_NTI.hex
 
Invoking: Cross ARM GNU Print Size
arm-none-eabi-size --format=berkeley "ARM_NTI.elf"
   text	   data	    bss	    dec	    hex	filename
   2618	    168	    284	   3070	    bfe	ARM_NTI.elf
Finished building: ARM_NTI.siz
 
10:26:34 **** Incremental Build of configuration Release for project ARM_NTI ****
make all 
Invoking: Cross ARM GNU Print Size
arm-none-eabi-size --format=berkeley "ARM_NTI.elf"
   text	   data	    bss	    dec	    hex	filename
   2618	    168	    284	   3070	    bfe	ARM_NTI.elf
Finished building: ARM_NTI.siz
 
10:27:10 **** Incremental Build of configuration Release for project ARM_NTI ****
make all 
Building file: ../src/main.c
Invoking: Cross ARM GNU C Compiler
arm-none-eabi-gcc -mcpu=cortex-m3 -mthumb -Os -fmessage-length=0 -fsigned-char -ffunction-sections -fdata-sections -ffreestanding -Wall -Wextra  -g -DNDEBUG -DSTM32F10X_MD -DUSE_STDPERIPH_DRIVER -DHSE_VALUE=8000000 -I"../include" -I"../system/include" -I"../system/include/cmsis" -I"../system/include/stm32f1-stdperiph" -std=gnu11 -MMD -MP -MF"src/main.d" -MT"src/main.o" -c -o "src/main.o" "../src/main.c"
../src/main.c: In function 'main':
../src/main.c:59:18: warning: passing argument 1 of 'LCD_WriteString' discards 'volatile' qualifier from pointer target type [-Wdiscarded-qualifiers]
  LCD_WriteString(str);
                  ^~~
In file included from ../src/main.c:18:0:
../src/HAL/LCD/LCD_Interface.h:14:6: note: expected 'char *' but argument is of type 'volatile u8 * {aka volatile unsigned char *}'
 void LCD_WriteString(char*str);
      ^~~~~~~~~~~~~~~
Finished building: ../src/main.c
 
Building target: ARM_NTI.elf
Invoking: Cross ARM GNU C++ Linker
arm-none-eabi-g++ -mcpu=cortex-m3 -mthumb -Os -fmessage-length=0 -fsigned-char -ffunction-sections -fdata-sections -ffreestanding -Wall -Wextra  -g -T mem.ld -T libs.ld -T sections.ld -nostartfiles -Xlinker --gc-sections -L"../ldscripts" -Wl,-Map,"ARM_NTI.map" --specs=nano.specs -o "ARM_NTI.elf"  ./system/src/stm32f1-stdperiph/misc.o ./system/src/stm32f1-stdperiph/stm32f10x_gpio.o ./system/src/stm32f1-stdperiph/stm32f10x_rcc.o  ./system/src/newlib/_cxx.o ./system/src/newlib/_exit.o ./system/src/newlib/_sbrk.o ./system/src/newlib/_startup.o ./system/src/newlib/_syscalls.o ./system/src/newlib/assert.o  ./system/src/diag/Trace.o ./system/src/diag/trace_impl.o  ./system/src/cortexm/_initialize_hardware.o ./system/src/cortexm/_reset_hardware.o ./system/src/cortexm/exception_handlers.o  ./system/src/cmsis/system_stm32f10x.o ./system/src/cmsis/vectors_stm32f10x.o  ./src/MCAL/UART/UART_Program.o  ./src/MCAL/TIMER/TIMER_Services.o ./src/MCAL/TIMER/Timer_Program.o  ./src/MCAL/SYSTICK/SYSTICK_Program.o  ./src/MCAL/SPI/SPI_Program.o  ./src/MCAL/RCC/RCC_Program.o  ./src/MCAL/NVIC/NVIC.o  ./src/MCAL/GPIO/GPIO_Program.o  ./src/MCAL/EXI_INTERRUPT/EX_Interrupt.o  ./src/MCAL/DMA/DMA_Program.o  ./src/MCAL/AFIO/AFIO.o  ./src/HAL/MOTOR/MOTOR_Program.o  ./src/HAL/LCD/LCD_Program.o  ./src/HAL/ESP/ESP_Program.o  ./src/main.o   
Finished building target: ARM_NTI.elf
 
Invoking: Cross ARM GNU Create Flash Image
arm-none-eabi-objcopy -O ihex "ARM_NTI.elf"  "ARM_NTI.hex"
Finished building: ARM_NTI.hex
 
Invoking: Cross ARM GNU Print Size
arm-none-eabi-size --format=berkeley "ARM_NTI.elf"
   text	   data	    bss	    dec	    hex	filename
   2626	    168	    284	   3078	    c06	ARM_NTI.elf
Finished building: ARM_NTI.siz
 
10:29:12 **** Incremental Build of configuration Release for project ARM_NTI ****
make all 
Building file: ../src/main.c
Invoking: Cross ARM GNU C Compiler
arm-none-eabi-gcc -mcpu=cortex-m3 -mthumb -Os -fmessage-length=0 -fsigned-char -ffunction-sections -fdata-sections -ffreestanding -Wall -Wextra  -g -DNDEBUG -DSTM32F10X_MD -DUSE_STDPERIPH_DRIVER -DHSE_VALUE=8000000 -I"../include" -I"../system/include" -I"../system/include/cmsis" -I"../system/include/stm32f1-stdperiph" -std=gnu11 -MMD -MP -MF"src/main.d" -MT"src/main.o" -c -o "src/main.o" "../src/main.c"
../src/main.c: In function 'main':
../src/main.c:60:18: warning: passing argument 1 of 'LCD_WriteString' discards 'volatile' qualifier from pointer target type [-Wdiscarded-qualifiers]
  LCD_WriteString(str);
                  ^~~
In file included from ../src/main.c:18:0:
../src/HAL/LCD/LCD_Interface.h:14:6: note: expected 'char *' but argument is of type 'volatile u8 * {aka volatile unsigned char *}'
 void LCD_WriteString(char*str);
      ^~~~~~~~~~~~~~~
Finished building: ../src/main.c
 
Building target: ARM_NTI.elf
Invoking: Cross ARM GNU C++ Linker
arm-none-eabi-g++ -mcpu=cortex-m3 -mthumb -Os -fmessage-length=0 -fsigned-char -ffunction-sections -fdata-sections -ffreestanding -Wall -Wextra  -g -T mem.ld -T libs.ld -T sections.ld -nostartfiles -Xlinker --gc-sections -L"../ldscripts" -Wl,-Map,"ARM_NTI.map" --specs=nano.specs -o "ARM_NTI.elf"  ./system/src/stm32f1-stdperiph/misc.o ./system/src/stm32f1-stdperiph/stm32f10x_gpio.o ./system/src/stm32f1-stdperiph/stm32f10x_rcc.o  ./system/src/newlib/_cxx.o ./system/src/newlib/_exit.o ./system/src/newlib/_sbrk.o ./system/src/newlib/_startup.o ./system/src/newlib/_syscalls.o ./system/src/newlib/assert.o  ./system/src/diag/Trace.o ./system/src/diag/trace_impl.o  ./system/src/cortexm/_initialize_hardware.o ./system/src/cortexm/_reset_hardware.o ./system/src/cortexm/exception_handlers.o  ./system/src/cmsis/system_stm32f10x.o ./system/src/cmsis/vectors_stm32f10x.o  ./src/MCAL/UART/UART_Program.o  ./src/MCAL/TIMER/TIMER_Services.o ./src/MCAL/TIMER/Timer_Program.o  ./src/MCAL/SYSTICK/SYSTICK_Program.o  ./src/MCAL/SPI/SPI_Program.o  ./src/MCAL/RCC/RCC_Program.o  ./src/MCAL/NVIC/NVIC.o  ./src/MCAL/GPIO/GPIO_Program.o  ./src/MCAL/EXI_INTERRUPT/EX_Interrupt.o  ./src/MCAL/DMA/DMA_Program.o  ./src/MCAL/AFIO/AFIO.o  ./src/HAL/MOTOR/MOTOR_Program.o  ./src/HAL/LCD/LCD_Program.o  ./src/HAL/ESP/ESP_Program.o  ./src/main.o   
Finished building target: ARM_NTI.elf
 
Invoking: Cross ARM GNU Create Flash Image
arm-none-eabi-objcopy -O ihex "ARM_NTI.elf"  "ARM_NTI.hex"
Finished building: ARM_NTI.hex
 
Invoking: Cross ARM GNU Print Size
arm-none-eabi-size --format=berkeley "ARM_NTI.elf"
   text	   data	    bss	    dec	    hex	filename
   2626	    168	    284	   3078	    c06	ARM_NTI.elf
Finished building: ARM_NTI.siz
 
10:29:21 **** Incremental Build of configuration Release for project ARM_NTI ****
make all 
Building file: ../src/main.c
Invoking: Cross ARM GNU C Compiler
arm-none-eabi-gcc -mcpu=cortex-m3 -mthumb -Os -fmessage-length=0 -fsigned-char -ffunction-sections -fdata-sections -ffreestanding -Wall -Wextra  -g -DNDEBUG -DSTM32F10X_MD -DUSE_STDPERIPH_DRIVER -DHSE_VALUE=8000000 -I"../include" -I"../system/include" -I"../system/include/cmsis" -I"../system/include/stm32f1-stdperiph" -std=gnu11 -MMD -MP -MF"src/main.d" -MT"src/main.o" -c -o "src/main.o" "../src/main.c"
../src/main.c: In function 'main':
../src/main.c:59:18: warning: passing argument 1 of 'LCD_WriteString' discards 'volatile' qualifier from pointer target type [-Wdiscarded-qualifiers]
  LCD_WriteString(str);
                  ^~~
In file included from ../src/main.c:18:0:
../src/HAL/LCD/LCD_Interface.h:14:6: note: expected 'char *' but argument is of type 'volatile u8 * {aka volatile unsigned char *}'
 void LCD_WriteString(char*str);
      ^~~~~~~~~~~~~~~
Finished building: ../src/main.c
 
Building target: ARM_NTI.elf
Invoking: Cross ARM GNU C++ Linker
arm-none-eabi-g++ -mcpu=cortex-m3 -mthumb -Os -fmessage-length=0 -fsigned-char -ffunction-sections -fdata-sections -ffreestanding -Wall -Wextra  -g -T mem.ld -T libs.ld -T sections.ld -nostartfiles -Xlinker --gc-sections -L"../ldscripts" -Wl,-Map,"ARM_NTI.map" --specs=nano.specs -o "ARM_NTI.elf"  ./system/src/stm32f1-stdperiph/misc.o ./system/src/stm32f1-stdperiph/stm32f10x_gpio.o ./system/src/stm32f1-stdperiph/stm32f10x_rcc.o  ./system/src/newlib/_cxx.o ./system/src/newlib/_exit.o ./system/src/newlib/_sbrk.o ./system/src/newlib/_startup.o ./system/src/newlib/_syscalls.o ./system/src/newlib/assert.o  ./system/src/diag/Trace.o ./system/src/diag/trace_impl.o  ./system/src/cortexm/_initialize_hardware.o ./system/src/cortexm/_reset_hardware.o ./system/src/cortexm/exception_handlers.o  ./system/src/cmsis/system_stm32f10x.o ./system/src/cmsis/vectors_stm32f10x.o  ./src/MCAL/UART/UART_Program.o  ./src/MCAL/TIMER/TIMER_Services.o ./src/MCAL/TIMER/Timer_Program.o  ./src/MCAL/SYSTICK/SYSTICK_Program.o  ./src/MCAL/SPI/SPI_Program.o  ./src/MCAL/RCC/RCC_Program.o  ./src/MCAL/NVIC/NVIC.o  ./src/MCAL/GPIO/GPIO_Program.o  ./src/MCAL/EXI_INTERRUPT/EX_Interrupt.o  ./src/MCAL/DMA/DMA_Program.o  ./src/MCAL/AFIO/AFIO.o  ./src/HAL/MOTOR/MOTOR_Program.o  ./src/HAL/LCD/LCD_Program.o  ./src/HAL/ESP/ESP_Program.o  ./src/main.o   
Finished building target: ARM_NTI.elf
 
Invoking: Cross ARM GNU Create Flash Image
arm-none-eabi-objcopy -O ihex "ARM_NTI.elf"  "ARM_NTI.hex"
Finished building: ARM_NTI.hex
 
Invoking: Cross ARM GNU Print Size
arm-none-eabi-size --format=berkeley "ARM_NTI.elf"
   text	   data	    bss	    dec	    hex	filename
   2626	    168	    284	   3078	    c06	ARM_NTI.elf
Finished building: ARM_NTI.siz
 
10:31:31 **** Incremental Build of configuration Release for project ARM_NTI ****
make all 
Building file: ../src/main.c
Invoking: Cross ARM GNU C Compiler
arm-none-eabi-gcc -mcpu=cortex-m3 -mthumb -Os -fmessage-length=0 -fsigned-char -ffunction-sections -fdata-sections -ffreestanding -Wall -Wextra  -g -DNDEBUG -DSTM32F10X_MD -DUSE_STDPERIPH_DRIVER -DHSE_VALUE=8000000 -I"../include" -I"../system/include" -I"../system/include/cmsis" -I"../system/include/stm32f1-stdperiph" -std=gnu11 -MMD -MP -MF"src/main.d" -MT"src/main.o" -c -o "src/main.o" "../src/main.c"
../src/main.c: In function 'main':
../src/main.c:60:18: warning: passing argument 1 of 'LCD_WriteString' discards 'volatile' qualifier from pointer target type [-Wdiscarded-qualifiers]
  LCD_WriteString(str);
                  ^~~
In file included from ../src/main.c:18:0:
../src/HAL/LCD/LCD_Interface.h:14:6: note: expected 'char *' but argument is of type 'volatile u8 * {aka volatile unsigned char *}'
 void LCD_WriteString(char*str);
      ^~~~~~~~~~~~~~~
Finished building: ../src/main.c
 
Building target: ARM_NTI.elf
Invoking: Cross ARM GNU C++ Linker
arm-none-eabi-g++ -mcpu=cortex-m3 -mthumb -Os -fmessage-length=0 -fsigned-char -ffunction-sections -fdata-sections -ffreestanding -Wall -Wextra  -g -T mem.ld -T libs.ld -T sections.ld -nostartfiles -Xlinker --gc-sections -L"../ldscripts" -Wl,-Map,"ARM_NTI.map" --specs=nano.specs -o "ARM_NTI.elf"  ./system/src/stm32f1-stdperiph/misc.o ./system/src/stm32f1-stdperiph/stm32f10x_gpio.o ./system/src/stm32f1-stdperiph/stm32f10x_rcc.o  ./system/src/newlib/_cxx.o ./system/src/newlib/_exit.o ./system/src/newlib/_sbrk.o ./system/src/newlib/_startup.o ./system/src/newlib/_syscalls.o ./system/src/newlib/assert.o  ./system/src/diag/Trace.o ./system/src/diag/trace_impl.o  ./system/src/cortexm/_initialize_hardware.o ./system/src/cortexm/_reset_hardware.o ./system/src/cortexm/exception_handlers.o  ./system/src/cmsis/system_stm32f10x.o ./system/src/cmsis/vectors_stm32f10x.o  ./src/MCAL/UART/UART_Program.o  ./src/MCAL/TIMER/TIMER_Services.o ./src/MCAL/TIMER/Timer_Program.o  ./src/MCAL/SYSTICK/SYSTICK_Program.o  ./src/MCAL/SPI/SPI_Program.o  ./src/MCAL/RCC/RCC_Program.o  ./src/MCAL/NVIC/NVIC.o  ./src/MCAL/GPIO/GPIO_Program.o  ./src/MCAL/EXI_INTERRUPT/EX_Interrupt.o  ./src/MCAL/DMA/DMA_Program.o  ./src/MCAL/AFIO/AFIO.o  ./src/HAL/MOTOR/MOTOR_Program.o  ./src/HAL/LCD/LCD_Program.o  ./src/HAL/ESP/ESP_Program.o  ./src/main.o   
Finished building target: ARM_NTI.elf
 
Invoking: Cross ARM GNU Create Flash Image
arm-none-eabi-objcopy -O ihex "ARM_NTI.elf"  "ARM_NTI.hex"
Finished building: ARM_NTI.hex
 
Invoking: Cross ARM GNU Print Size
arm-none-eabi-size --format=berkeley "ARM_NTI.elf"
   text	   data	    bss	    dec	    hex	filename
   2626	    168	    284	   3078	    c06	ARM_NTI.elf
Finished building: ARM_NTI.siz
 
10:31:34 **** Incremental Build of configuration Release for project ARM_NTI ****
make all 
Invoking: Cross ARM GNU Print Size
arm-none-eabi-size --format=berkeley "ARM_NTI.elf"
   text	   data	    bss	    dec	    hex	filename
   2626	    168	    284	   3078	    c06	ARM_NTI.elf
Finished building: ARM_NTI.siz
 
10:33:34 **** Incremental Build of configuration Release for project ARM_NTI ****
make all 
Building file: ../src/main.c
Invoking: Cross ARM GNU C Compiler
arm-none-eabi-gcc -mcpu=cortex-m3 -mthumb -Os -fmessage-length=0 -fsigned-char -ffunction-sections -fdata-sections -ffreestanding -Wall -Wextra  -g -DNDEBUG -DSTM32F10X_MD -DUSE_STDPERIPH_DRIVER -DHSE_VALUE=8000000 -I"../include" -I"../system/include" -I"../system/include/cmsis" -I"../system/include/stm32f1-stdperiph" -std=gnu11 -MMD -MP -MF"src/main.d" -MT"src/main.o" -c -o "src/main.o" "../src/main.c"
../src/main.c: In function 'main':
../src/main.c:59:18: warning: passing argument 1 of 'LCD_WriteString' discards 'volatile' qualifier from pointer target type [-Wdiscarded-qualifiers]
  LCD_WriteString(str);
                  ^~~
In file included from ../src/main.c:18:0:
../src/HAL/LCD/LCD_Interface.h:14:6: note: expected 'char *' but argument is of type 'volatile u8 * {aka volatile unsigned char *}'
 void LCD_WriteString(char*str);
      ^~~~~~~~~~~~~~~
Finished building: ../src/main.c
 
Building target: ARM_NTI.elf
Invoking: Cross ARM GNU C++ Linker
arm-none-eabi-g++ -mcpu=cortex-m3 -mthumb -Os -fmessage-length=0 -fsigned-char -ffunction-sections -fdata-sections -ffreestanding -Wall -Wextra  -g -T mem.ld -T libs.ld -T sections.ld -nostartfiles -Xlinker --gc-sections -L"../ldscripts" -Wl,-Map,"ARM_NTI.map" --specs=nano.specs -o "ARM_NTI.elf"  ./system/src/stm32f1-stdperiph/misc.o ./system/src/stm32f1-stdperiph/stm32f10x_gpio.o ./system/src/stm32f1-stdperiph/stm32f10x_rcc.o  ./system/src/newlib/_cxx.o ./system/src/newlib/_exit.o ./system/src/newlib/_sbrk.o ./system/src/newlib/_startup.o ./system/src/newlib/_syscalls.o ./system/src/newlib/assert.o  ./system/src/diag/Trace.o ./system/src/diag/trace_impl.o  ./system/src/cortexm/_initialize_hardware.o ./system/src/cortexm/_reset_hardware.o ./system/src/cortexm/exception_handlers.o  ./system/src/cmsis/system_stm32f10x.o ./system/src/cmsis/vectors_stm32f10x.o  ./src/MCAL/UART/UART_Program.o  ./src/MCAL/TIMER/TIMER_Services.o ./src/MCAL/TIMER/Timer_Program.o  ./src/MCAL/SYSTICK/SYSTICK_Program.o  ./src/MCAL/SPI/SPI_Program.o  ./src/MCAL/RCC/RCC_Program.o  ./src/MCAL/NVIC/NVIC.o  ./src/MCAL/GPIO/GPIO_Program.o  ./src/MCAL/EXI_INTERRUPT/EX_Interrupt.o  ./src/MCAL/DMA/DMA_Program.o  ./src/MCAL/AFIO/AFIO.o  ./src/HAL/MOTOR/MOTOR_Program.o  ./src/HAL/LCD/LCD_Program.o  ./src/HAL/ESP/ESP_Program.o  ./src/main.o   
Finished building target: ARM_NTI.elf
 
Invoking: Cross ARM GNU Create Flash Image
arm-none-eabi-objcopy -O ihex "ARM_NTI.elf"  "ARM_NTI.hex"
Finished building: ARM_NTI.hex
 
Invoking: Cross ARM GNU Print Size
arm-none-eabi-size --format=berkeley "ARM_NTI.elf"
   text	   data	    bss	    dec	    hex	filename
   2626	    168	    284	   3078	    c06	ARM_NTI.elf
Finished building: ARM_NTI.siz
 
10:34:12 **** Incremental Build of configuration Release for project ARM_NTI ****
make all 
Building file: ../src/main.c
Invoking: Cross ARM GNU C Compiler
arm-none-eabi-gcc -mcpu=cortex-m3 -mthumb -Os -fmessage-length=0 -fsigned-char -ffunction-sections -fdata-sections -ffreestanding -Wall -Wextra  -g -DNDEBUG -DSTM32F10X_MD -DUSE_STDPERIPH_DRIVER -DHSE_VALUE=8000000 -I"../include" -I"../system/include" -I"../system/include/cmsis" -I"../system/include/stm32f1-stdperiph" -std=gnu11 -MMD -MP -MF"src/main.d" -MT"src/main.o" -c -o "src/main.o" "../src/main.c"
../src/main.c: In function 'main':
../src/main.c:52:18: warning: passing argument 1 of 'LCD_WriteString' discards 'volatile' qualifier from pointer target type [-Wdiscarded-qualifiers]
  LCD_WriteString(str);
                  ^~~
In file included from ../src/main.c:18:0:
../src/HAL/LCD/LCD_Interface.h:14:6: note: expected 'char *' but argument is of type 'volatile u8 * {aka volatile unsigned char *}'
 void LCD_WriteString(char*str);
      ^~~~~~~~~~~~~~~
../src/main.c:58:18: warning: passing argument 1 of 'LCD_WriteString' discards 'volatile' qualifier from pointer target type [-Wdiscarded-qualifiers]
  LCD_WriteString(str);
                  ^~~
In file included from ../src/main.c:18:0:
../src/HAL/LCD/LCD_Interface.h:14:6: note: expected 'char *' but argument is of type 'volatile u8 * {aka volatile unsigned char *}'
 void LCD_WriteString(char*str);
      ^~~~~~~~~~~~~~~
../src/main.c:64:18: warning: passing argument 1 of 'LCD_WriteString' discards 'volatile' qualifier from pointer target type [-Wdiscarded-qualifiers]
  LCD_WriteString(str);
                  ^~~
In file included from ../src/main.c:18:0:
../src/HAL/LCD/LCD_Interface.h:14:6: note: expected 'char *' but argument is of type 'volatile u8 * {aka volatile unsigned char *}'
 void LCD_WriteString(char*str);
      ^~~~~~~~~~~~~~~
../src/main.c:70:18: warning: passing argument 1 of 'LCD_WriteString' discards 'volatile' qualifier from pointer target type [-Wdiscarded-qualifiers]
  LCD_WriteString(str);
                  ^~~
In file included from ../src/main.c:18:0:
../src/HAL/LCD/LCD_Interface.h:14:6: note: expected 'char *' but argument is of type 'volatile u8 * {aka volatile unsigned char *}'
 void LCD_WriteString(char*str);
      ^~~~~~~~~~~~~~~
Finished building: ../src/main.c
 
Building target: ARM_NTI.elf
Invoking: Cross ARM GNU C++ Linker
arm-none-eabi-g++ -mcpu=cortex-m3 -mthumb -Os -fmessage-length=0 -fsigned-char -ffunction-sections -fdata-sections -ffreestanding -Wall -Wextra  -g -T mem.ld -T libs.ld -T sections.ld -nostartfiles -Xlinker --gc-sections -L"../ldscripts" -Wl,-Map,"ARM_NTI.map" --specs=nano.specs -o "ARM_NTI.elf"  ./system/src/stm32f1-stdperiph/misc.o ./system/src/stm32f1-stdperiph/stm32f10x_gpio.o ./system/src/stm32f1-stdperiph/stm32f10x_rcc.o  ./system/src/newlib/_cxx.o ./system/src/newlib/_exit.o ./system/src/newlib/_sbrk.o ./system/src/newlib/_startup.o ./system/src/newlib/_syscalls.o ./system/src/newlib/assert.o  ./system/src/diag/Trace.o ./system/src/diag/trace_impl.o  ./system/src/cortexm/_initialize_hardware.o ./system/src/cortexm/_reset_hardware.o ./system/src/cortexm/exception_handlers.o  ./system/src/cmsis/system_stm32f10x.o ./system/src/cmsis/vectors_stm32f10x.o  ./src/MCAL/UART/UART_Program.o  ./src/MCAL/TIMER/TIMER_Services.o ./src/MCAL/TIMER/Timer_Program.o  ./src/MCAL/SYSTICK/SYSTICK_Program.o  ./src/MCAL/SPI/SPI_Program.o  ./src/MCAL/RCC/RCC_Program.o  ./src/MCAL/NVIC/NVIC.o  ./src/MCAL/GPIO/GPIO_Program.o  ./src/MCAL/EXI_INTERRUPT/EX_Interrupt.o  ./src/MCAL/DMA/DMA_Program.o  ./src/MCAL/AFIO/AFIO.o  ./src/HAL/MOTOR/MOTOR_Program.o  ./src/HAL/LCD/LCD_Program.o  ./src/HAL/ESP/ESP_Program.o  ./src/main.o   
Finished building target: ARM_NTI.elf
 
Invoking: Cross ARM GNU Create Flash Image
arm-none-eabi-objcopy -O ihex "ARM_NTI.elf"  "ARM_NTI.hex"
Finished building: ARM_NTI.hex
 
Invoking: Cross ARM GNU Print Size
arm-none-eabi-size --format=berkeley "ARM_NTI.elf"
   text	   data	    bss	    dec	    hex	filename
   2686	    168	    284	   3138	    c42	ARM_NTI.elf
Finished building: ARM_NTI.siz
 
10:35:18 **** Incremental Build of configuration Release for project ARM_NTI ****
make all 
Invoking: Cross ARM GNU Print Size
arm-none-eabi-size --format=berkeley "ARM_NTI.elf"
   text	   data	    bss	    dec	    hex	filename
   2686	    168	    284	   3138	    c42	ARM_NTI.elf
Finished building: ARM_NTI.siz
 
10:39:12 **** Incremental Build of configuration Release for project ARM_NTI ****
make all 
Building file: ../src/main.c
Invoking: Cross ARM GNU C Compiler
arm-none-eabi-gcc -mcpu=cortex-m3 -mthumb -Os -fmessage-length=0 -fsigned-char -ffunction-sections -fdata-sections -ffreestanding -Wall -Wextra  -g -DNDEBUG -DSTM32F10X_MD -DUSE_STDPERIPH_DRIVER -DHSE_VALUE=8000000 -I"../include" -I"../system/include" -I"../system/include/cmsis" -I"../system/include/stm32f1-stdperiph" -std=gnu11 -MMD -MP -MF"src/main.d" -MT"src/main.o" -c -o "src/main.o" "../src/main.c"
../src/main.c: In function 'main':
../src/main.c:53:9: warning: multi-character character constant [-Wmultichar]
  str[i]='/0';
         ^~~~
../src/main.c:53:9: warning: large integer implicitly truncated to unsigned type [-Woverflow]
../src/main.c:54:18: warning: passing argument 1 of 'LCD_WriteString' discards 'volatile' qualifier from pointer target type [-Wdiscarded-qualifiers]
  LCD_WriteString(str);
                  ^~~
In file included from ../src/main.c:18:0:
../src/HAL/LCD/LCD_Interface.h:14:6: note: expected 'char *' but argument is of type 'volatile u8 * {aka volatile unsigned char *}'
 void LCD_WriteString(char*str);
      ^~~~~~~~~~~~~~~
../src/main.c:60:9: warning: multi-character character constant [-Wmultichar]
  str[i]='/0';
         ^~~~
../src/main.c:60:9: warning: large integer implicitly truncated to unsigned type [-Woverflow]
../src/main.c:61:18: warning: passing argument 1 of 'LCD_WriteString' discards 'volatile' qualifier from pointer target type [-Wdiscarded-qualifiers]
  LCD_WriteString(str);
                  ^~~
In file included from ../src/main.c:18:0:
../src/HAL/LCD/LCD_Interface.h:14:6: note: expected 'char *' but argument is of type 'volatile u8 * {aka volatile unsigned char *}'
 void LCD_WriteString(char*str);
      ^~~~~~~~~~~~~~~
../src/main.c:77:2: warning: "/*" within comment [-Wcomment]
  /*UART_Send_String("AT+CIPSEND=55\r\n");
   
Finished building: ../src/main.c
 
Building target: ARM_NTI.elf
Invoking: Cross ARM GNU C++ Linker
arm-none-eabi-g++ -mcpu=cortex-m3 -mthumb -Os -fmessage-length=0 -fsigned-char -ffunction-sections -fdata-sections -ffreestanding -Wall -Wextra  -g -T mem.ld -T libs.ld -T sections.ld -nostartfiles -Xlinker --gc-sections -L"../ldscripts" -Wl,-Map,"ARM_NTI.map" --specs=nano.specs -o "ARM_NTI.elf"  ./system/src/stm32f1-stdperiph/misc.o ./system/src/stm32f1-stdperiph/stm32f10x_gpio.o ./system/src/stm32f1-stdperiph/stm32f10x_rcc.o  ./system/src/newlib/_cxx.o ./system/src/newlib/_exit.o ./system/src/newlib/_sbrk.o ./system/src/newlib/_startup.o ./system/src/newlib/_syscalls.o ./system/src/newlib/assert.o  ./system/src/diag/Trace.o ./system/src/diag/trace_impl.o  ./system/src/cortexm/_initialize_hardware.o ./system/src/cortexm/_reset_hardware.o ./system/src/cortexm/exception_handlers.o  ./system/src/cmsis/system_stm32f10x.o ./system/src/cmsis/vectors_stm32f10x.o  ./src/MCAL/UART/UART_Program.o  ./src/MCAL/TIMER/TIMER_Services.o ./src/MCAL/TIMER/Timer_Program.o  ./src/MCAL/SYSTICK/SYSTICK_Program.o  ./src/MCAL/SPI/SPI_Program.o  ./src/MCAL/RCC/RCC_Program.o  ./src/MCAL/NVIC/NVIC.o  ./src/MCAL/GPIO/GPIO_Program.o  ./src/MCAL/EXI_INTERRUPT/EX_Interrupt.o  ./src/MCAL/DMA/DMA_Program.o  ./src/MCAL/AFIO/AFIO.o  ./src/HAL/MOTOR/MOTOR_Program.o  ./src/HAL/LCD/LCD_Program.o  ./src/HAL/ESP/ESP_Program.o  ./src/main.o   
Finished building target: ARM_NTI.elf
 
Invoking: Cross ARM GNU Create Flash Image
arm-none-eabi-objcopy -O ihex "ARM_NTI.elf"  "ARM_NTI.hex"
Finished building: ARM_NTI.hex
 
Invoking: Cross ARM GNU Print Size
arm-none-eabi-size --format=berkeley "ARM_NTI.elf"
   text	   data	    bss	    dec	    hex	filename
   2526	    168	    284	   2978	    ba2	ARM_NTI.elf
Finished building: ARM_NTI.siz
 
10:39:53 **** Incremental Build of configuration Release for project ARM_NTI ****
make all 
Building file: ../src/main.c
Invoking: Cross ARM GNU C Compiler
arm-none-eabi-gcc -mcpu=cortex-m3 -mthumb -Os -fmessage-length=0 -fsigned-char -ffunction-sections -fdata-sections -ffreestanding -Wall -Wextra  -g -DNDEBUG -DSTM32F10X_MD -DUSE_STDPERIPH_DRIVER -DHSE_VALUE=8000000 -I"../include" -I"../system/include" -I"../system/include/cmsis" -I"../system/include/stm32f1-stdperiph" -std=gnu11 -MMD -MP -MF"src/main.d" -MT"src/main.o" -c -o "src/main.o" "../src/main.c"
../src/main.c: In function 'main':
../src/main.c:53:9: warning: multi-character character constant [-Wmultichar]
  str[i]='/0';
         ^~~~
../src/main.c:53:9: warning: large integer implicitly truncated to unsigned type [-Woverflow]
../src/main.c:54:18: warning: passing argument 1 of 'LCD_WriteString' discards 'volatile' qualifier from pointer target type [-Wdiscarded-qualifiers]
  LCD_WriteString(str);
                  ^~~
In file included from ../src/main.c:18:0:
../src/HAL/LCD/LCD_Interface.h:14:6: note: expected 'char *' but argument is of type 'volatile u8 * {aka volatile unsigned char *}'
 void LCD_WriteString(char*str);
      ^~~~~~~~~~~~~~~
../src/main.c:60:9: warning: multi-character character constant [-Wmultichar]
  str[i]='/0';
         ^~~~
../src/main.c:60:9: warning: large integer implicitly truncated to unsigned type [-Woverflow]
../src/main.c:61:18: warning: passing argument 1 of 'LCD_WriteString' discards 'volatile' qualifier from pointer target type [-Wdiscarded-qualifiers]
  LCD_WriteString(str);
                  ^~~
In file included from ../src/main.c:18:0:
../src/HAL/LCD/LCD_Interface.h:14:6: note: expected 'char *' but argument is of type 'volatile u8 * {aka volatile unsigned char *}'
 void LCD_WriteString(char*str);
      ^~~~~~~~~~~~~~~
../src/main.c:67:9: warning: multi-character character constant [-Wmultichar]
  str[i]='/0';
         ^~~~
../src/main.c:67:9: warning: large integer implicitly truncated to unsigned type [-Woverflow]
../src/main.c:68:18: warning: passing argument 1 of 'LCD_WriteString' discards 'volatile' qualifier from pointer target type [-Wdiscarded-qualifiers]
  LCD_WriteString(str);
                  ^~~
In file included from ../src/main.c:18:0:
../src/HAL/LCD/LCD_Interface.h:14:6: note: expected 'char *' but argument is of type 'volatile u8 * {aka volatile unsigned char *}'
 void LCD_WriteString(char*str);
      ^~~~~~~~~~~~~~~
../src/main.c:74:9: warning: multi-character character constant [-Wmultichar]
  str[i]='/0';
         ^~~~
../src/main.c:74:9: warning: large integer implicitly truncated to unsigned type [-Woverflow]
../src/main.c:75:18: warning: passing argument 1 of 'LCD_WriteString' discards 'volatile' qualifier from pointer target type [-Wdiscarded-qualifiers]
  LCD_WriteString(str);
                  ^~~
In file included from ../src/main.c:18:0:
../src/HAL/LCD/LCD_Interface.h:14:6: note: expected 'char *' but argument is of type 'volatile u8 * {aka volatile unsigned char *}'
 void LCD_WriteString(char*str);
      ^~~~~~~~~~~~~~~
Finished building: ../src/main.c
 
Building target: ARM_NTI.elf
Invoking: Cross ARM GNU C++ Linker
arm-none-eabi-g++ -mcpu=cortex-m3 -mthumb -Os -fmessage-length=0 -fsigned-char -ffunction-sections -fdata-sections -ffreestanding -Wall -Wextra  -g -T mem.ld -T libs.ld -T sections.ld -nostartfiles -Xlinker --gc-sections -L"../ldscripts" -Wl,-Map,"ARM_NTI.map" --specs=nano.specs -o "ARM_NTI.elf"  ./system/src/stm32f1-stdperiph/misc.o ./system/src/stm32f1-stdperiph/stm32f10x_gpio.o ./system/src/stm32f1-stdperiph/stm32f10x_rcc.o  ./system/src/newlib/_cxx.o ./system/src/newlib/_exit.o ./system/src/newlib/_sbrk.o ./system/src/newlib/_startup.o ./system/src/newlib/_syscalls.o ./system/src/newlib/assert.o  ./system/src/diag/Trace.o ./system/src/diag/trace_impl.o  ./system/src/cortexm/_initialize_hardware.o ./system/src/cortexm/_reset_hardware.o ./system/src/cortexm/exception_handlers.o  ./system/src/cmsis/system_stm32f10x.o ./system/src/cmsis/vectors_stm32f10x.o  ./src/MCAL/UART/UART_Program.o  ./src/MCAL/TIMER/TIMER_Services.o ./src/MCAL/TIMER/Timer_Program.o  ./src/MCAL/SYSTICK/SYSTICK_Program.o  ./src/MCAL/SPI/SPI_Program.o  ./src/MCAL/RCC/RCC_Program.o  ./src/MCAL/NVIC/NVIC.o  ./src/MCAL/GPIO/GPIO_Program.o  ./src/MCAL/EXI_INTERRUPT/EX_Interrupt.o  ./src/MCAL/DMA/DMA_Program.o  ./src/MCAL/AFIO/AFIO.o  ./src/HAL/MOTOR/MOTOR_Program.o  ./src/HAL/LCD/LCD_Program.o  ./src/HAL/ESP/ESP_Program.o  ./src/main.o   
Finished building target: ARM_NTI.elf
 
Invoking: Cross ARM GNU Create Flash Image
arm-none-eabi-objcopy -O ihex "ARM_NTI.elf"  "ARM_NTI.hex"
Finished building: ARM_NTI.hex
 
Invoking: Cross ARM GNU Print Size
arm-none-eabi-size --format=berkeley "ARM_NTI.elf"
   text	   data	    bss	    dec	    hex	filename
   2694	    168	    284	   3146	    c4a	ARM_NTI.elf
Finished building: ARM_NTI.siz
 
10:41:05 **** Incremental Build of configuration Release for project ARM_NTI ****
make all 
Invoking: Cross ARM GNU Print Size
arm-none-eabi-size --format=berkeley "ARM_NTI.elf"
   text	   data	    bss	    dec	    hex	filename
   2694	    168	    284	   3146	    c4a	ARM_NTI.elf
Finished building: ARM_NTI.siz
 
10:44:02 **** Incremental Build of configuration Release for project ARM_NTI ****
make all 
Building file: ../src/main.c
Invoking: Cross ARM GNU C Compiler
arm-none-eabi-gcc -mcpu=cortex-m3 -mthumb -Os -fmessage-length=0 -fsigned-char -ffunction-sections -fdata-sections -ffreestanding -Wall -Wextra  -g -DNDEBUG -DSTM32F10X_MD -DUSE_STDPERIPH_DRIVER -DHSE_VALUE=8000000 -I"../include" -I"../system/include" -I"../system/include/cmsis" -I"../system/include/stm32f1-stdperiph" -std=gnu11 -MMD -MP -MF"src/main.d" -MT"src/main.o" -c -o "src/main.o" "../src/main.c"
../src/main.c: In function 'main':
../src/main.c:53:9: warning: multi-character character constant [-Wmultichar]
  str[i]='/0';
         ^~~~
../src/main.c:53:9: warning: large integer implicitly truncated to unsigned type [-Woverflow]
../src/main.c:54:18: warning: passing argument 1 of 'LCD_WriteString' discards 'volatile' qualifier from pointer target type [-Wdiscarded-qualifiers]
  LCD_WriteString(str);
                  ^~~
In file included from ../src/main.c:18:0:
../src/HAL/LCD/LCD_Interface.h:14:6: note: expected 'char *' but argument is of type 'volatile u8 * {aka volatile unsigned char *}'
 void LCD_WriteString(char*str);
      ^~~~~~~~~~~~~~~
../src/main.c:61:9: warning: multi-character character constant [-Wmultichar]
  str[i]='/0';
         ^~~~
../src/main.c:61:9: warning: large integer implicitly truncated to unsigned type [-Woverflow]
../src/main.c:62:18: warning: passing argument 1 of 'LCD_WriteString' discards 'volatile' qualifier from pointer target type [-Wdiscarded-qualifiers]
  LCD_WriteString(str);
                  ^~~
In file included from ../src/main.c:18:0:
../src/HAL/LCD/LCD_Interface.h:14:6: note: expected 'char *' but argument is of type 'volatile u8 * {aka volatile unsigned char *}'
 void LCD_WriteString(char*str);
      ^~~~~~~~~~~~~~~
../src/main.c:69:9: warning: multi-character character constant [-Wmultichar]
  str[i]='/0';
         ^~~~
../src/main.c:69:9: warning: large integer implicitly truncated to unsigned type [-Woverflow]
../src/main.c:70:18: warning: passing argument 1 of 'LCD_WriteString' discards 'volatile' qualifier from pointer target type [-Wdiscarded-qualifiers]
  LCD_WriteString(str);
                  ^~~
In file included from ../src/main.c:18:0:
../src/HAL/LCD/LCD_Interface.h:14:6: note: expected 'char *' but argument is of type 'volatile u8 * {aka volatile unsigned char *}'
 void LCD_WriteString(char*str);
      ^~~~~~~~~~~~~~~
../src/main.c:77:9: warning: multi-character character constant [-Wmultichar]
  str[i]='/0';
         ^~~~
../src/main.c:77:9: warning: large integer implicitly truncated to unsigned type [-Woverflow]
../src/main.c:78:18: warning: passing argument 1 of 'LCD_WriteString' discards 'volatile' qualifier from pointer target type [-Wdiscarded-qualifiers]
  LCD_WriteString(str);
                  ^~~
In file included from ../src/main.c:18:0:
../src/HAL/LCD/LCD_Interface.h:14:6: note: expected 'char *' but argument is of type 'volatile u8 * {aka volatile unsigned char *}'
 void LCD_WriteString(char*str);
      ^~~~~~~~~~~~~~~
Finished building: ../src/main.c
 
Building target: ARM_NTI.elf
Invoking: Cross ARM GNU C++ Linker
arm-none-eabi-g++ -mcpu=cortex-m3 -mthumb -Os -fmessage-length=0 -fsigned-char -ffunction-sections -fdata-sections -ffreestanding -Wall -Wextra  -g -T mem.ld -T libs.ld -T sections.ld -nostartfiles -Xlinker --gc-sections -L"../ldscripts" -Wl,-Map,"ARM_NTI.map" --specs=nano.specs -o "ARM_NTI.elf"  ./system/src/stm32f1-stdperiph/misc.o ./system/src/stm32f1-stdperiph/stm32f10x_gpio.o ./system/src/stm32f1-stdperiph/stm32f10x_rcc.o  ./system/src/newlib/_cxx.o ./system/src/newlib/_exit.o ./system/src/newlib/_sbrk.o ./system/src/newlib/_startup.o ./system/src/newlib/_syscalls.o ./system/src/newlib/assert.o  ./system/src/diag/Trace.o ./system/src/diag/trace_impl.o  ./system/src/cortexm/_initialize_hardware.o ./system/src/cortexm/_reset_hardware.o ./system/src/cortexm/exception_handlers.o  ./system/src/cmsis/system_stm32f10x.o ./system/src/cmsis/vectors_stm32f10x.o  ./src/MCAL/UART/UART_Program.o  ./src/MCAL/TIMER/TIMER_Services.o ./src/MCAL/TIMER/Timer_Program.o  ./src/MCAL/SYSTICK/SYSTICK_Program.o  ./src/MCAL/SPI/SPI_Program.o  ./src/MCAL/RCC/RCC_Program.o  ./src/MCAL/NVIC/NVIC.o  ./src/MCAL/GPIO/GPIO_Program.o  ./src/MCAL/EXI_INTERRUPT/EX_Interrupt.o  ./src/MCAL/DMA/DMA_Program.o  ./src/MCAL/AFIO/AFIO.o  ./src/HAL/MOTOR/MOTOR_Program.o  ./src/HAL/LCD/LCD_Program.o  ./src/HAL/ESP/ESP_Program.o  ./src/main.o   
Finished building target: ARM_NTI.elf
 
Invoking: Cross ARM GNU Create Flash Image
arm-none-eabi-objcopy -O ihex "ARM_NTI.elf"  "ARM_NTI.hex"
Finished building: ARM_NTI.hex
 
Invoking: Cross ARM GNU Print Size
arm-none-eabi-size --format=berkeley "ARM_NTI.elf"
   text	   data	    bss	    dec	    hex	filename
   2694	    168	    284	   3146	    c4a	ARM_NTI.elf
Finished building: ARM_NTI.siz
 
10:44:55 **** Incremental Build of configuration Release for project ARM_NTI ****
make all 
Invoking: Cross ARM GNU Print Size
arm-none-eabi-size --format=berkeley "ARM_NTI.elf"
   text	   data	    bss	    dec	    hex	filename
   2694	    168	    284	   3146	    c4a	ARM_NTI.elf
Finished building: ARM_NTI.siz
 
10:46:22 **** Incremental Build of configuration Release for project ARM_NTI ****
make all 
Invoking: Cross ARM GNU Print Size
arm-none-eabi-size --format=berkeley "ARM_NTI.elf"
   text	   data	    bss	    dec	    hex	filename
   2694	    168	    284	   3146	    c4a	ARM_NTI.elf
Finished building: ARM_NTI.siz
 
10:50:57 **** Incremental Build of configuration Release for project ARM_NTI ****
make all 
Building file: ../src/main.c
Invoking: Cross ARM GNU C Compiler
arm-none-eabi-gcc -mcpu=cortex-m3 -mthumb -Os -fmessage-length=0 -fsigned-char -ffunction-sections -fdata-sections -ffreestanding -Wall -Wextra  -g -DNDEBUG -DSTM32F10X_MD -DUSE_STDPERIPH_DRIVER -DHSE_VALUE=8000000 -I"../include" -I"../system/include" -I"../system/include/cmsis" -I"../system/include/stm32f1-stdperiph" -std=gnu11 -MMD -MP -MF"src/main.d" -MT"src/main.o" -c -o "src/main.o" "../src/main.c"
../src/main.c: In function 'main':
../src/main.c:53:9: warning: multi-character character constant [-Wmultichar]
  str[i]='/0';
         ^~~~
../src/main.c:53:9: warning: large integer implicitly truncated to unsigned type [-Woverflow]
../src/main.c:54:18: warning: passing argument 1 of 'LCD_WriteString' discards 'volatile' qualifier from pointer target type [-Wdiscarded-qualifiers]
  LCD_WriteString(str);
                  ^~~
In file included from ../src/main.c:18:0:
../src/HAL/LCD/LCD_Interface.h:14:6: note: expected 'char *' but argument is of type 'volatile u8 * {aka volatile unsigned char *}'
 void LCD_WriteString(char*str);
      ^~~~~~~~~~~~~~~
../src/main.c:62:9: warning: multi-character character constant [-Wmultichar]
  str[i]='/0';
         ^~~~
../src/main.c:62:9: warning: large integer implicitly truncated to unsigned type [-Woverflow]
../src/main.c:63:18: warning: passing argument 1 of 'LCD_WriteString' discards 'volatile' qualifier from pointer target type [-Wdiscarded-qualifiers]
  LCD_WriteString(str);
                  ^~~
In file included from ../src/main.c:18:0:
../src/HAL/LCD/LCD_Interface.h:14:6: note: expected 'char *' but argument is of type 'volatile u8 * {aka volatile unsigned char *}'
 void LCD_WriteString(char*str);
      ^~~~~~~~~~~~~~~
../src/main.c:69:9: warning: multi-character character constant [-Wmultichar]
  str[i]='/0';
         ^~~~
../src/main.c:69:9: warning: large integer implicitly truncated to unsigned type [-Woverflow]
../src/main.c:70:18: warning: passing argument 1 of 'LCD_WriteString' discards 'volatile' qualifier from pointer target type [-Wdiscarded-qualifiers]
  LCD_WriteString(str);
                  ^~~
In file included from ../src/main.c:18:0:
../src/HAL/LCD/LCD_Interface.h:14:6: note: expected 'char *' but argument is of type 'volatile u8 * {aka volatile unsigned char *}'
 void LCD_WriteString(char*str);
      ^~~~~~~~~~~~~~~
../src/main.c:76:9: warning: multi-character character constant [-Wmultichar]
  str[i]='/0';
         ^~~~
../src/main.c:76:9: warning: large integer implicitly truncated to unsigned type [-Woverflow]
../src/main.c:77:18: warning: passing argument 1 of 'LCD_WriteString' discards 'volatile' qualifier from pointer target type [-Wdiscarded-qualifiers]
  LCD_WriteString(str);
                  ^~~
In file included from ../src/main.c:18:0:
../src/HAL/LCD/LCD_Interface.h:14:6: note: expected 'char *' but argument is of type 'volatile u8 * {aka volatile unsigned char *}'
 void LCD_WriteString(char*str);
      ^~~~~~~~~~~~~~~
../src/main.c:83:9: warning: multi-character character constant [-Wmultichar]
  str[i]='/0';
         ^~~~
../src/main.c:83:9: warning: large integer implicitly truncated to unsigned type [-Woverflow]
../src/main.c:84:18: warning: passing argument 1 of 'LCD_WriteString' discards 'volatile' qualifier from pointer target type [-Wdiscarded-qualifiers]
  LCD_WriteString(str);
                  ^~~
In file included from ../src/main.c:18:0:
../src/HAL/LCD/LCD_Interface.h:14:6: note: expected 'char *' but argument is of type 'volatile u8 * {aka volatile unsigned char *}'
 void LCD_WriteString(char*str);
      ^~~~~~~~~~~~~~~
../src/main.c:90:9: warning: multi-character character constant [-Wmultichar]
  str[i]='/0';
         ^~~~
../src/main.c:90:9: warning: large integer implicitly truncated to unsigned type [-Woverflow]
../src/main.c:91:18: warning: passing argument 1 of 'LCD_WriteString' discards 'volatile' qualifier from pointer target type [-Wdiscarded-qualifiers]
  LCD_WriteString(str);
                  ^~~
In file included from ../src/main.c:18:0:
../src/HAL/LCD/LCD_Interface.h:14:6: note: expected 'char *' but argument is of type 'volatile u8 * {aka volatile unsigned char *}'
 void LCD_WriteString(char*str);
      ^~~~~~~~~~~~~~~
Finished building: ../src/main.c
 
Building target: ARM_NTI.elf
Invoking: Cross ARM GNU C++ Linker
arm-none-eabi-g++ -mcpu=cortex-m3 -mthumb -Os -fmessage-length=0 -fsigned-char -ffunction-sections -fdata-sections -ffreestanding -Wall -Wextra  -g -T mem.ld -T libs.ld -T sections.ld -nostartfiles -Xlinker --gc-sections -L"../ldscripts" -Wl,-Map,"ARM_NTI.map" --specs=nano.specs -o "ARM_NTI.elf"  ./system/src/stm32f1-stdperiph/misc.o ./system/src/stm32f1-stdperiph/stm32f10x_gpio.o ./system/src/stm32f1-stdperiph/stm32f10x_rcc.o  ./system/src/newlib/_cxx.o ./system/src/newlib/_exit.o ./system/src/newlib/_sbrk.o ./system/src/newlib/_startup.o ./system/src/newlib/_syscalls.o ./system/src/newlib/assert.o  ./system/src/diag/Trace.o ./system/src/diag/trace_impl.o  ./system/src/cortexm/_initialize_hardware.o ./system/src/cortexm/_reset_hardware.o ./system/src/cortexm/exception_handlers.o  ./system/src/cmsis/system_stm32f10x.o ./system/src/cmsis/vectors_stm32f10x.o  ./src/MCAL/UART/UART_Program.o  ./src/MCAL/TIMER/TIMER_Services.o ./src/MCAL/TIMER/Timer_Program.o  ./src/MCAL/SYSTICK/SYSTICK_Program.o  ./src/MCAL/SPI/SPI_Program.o  ./src/MCAL/RCC/RCC_Program.o  ./src/MCAL/NVIC/NVIC.o  ./src/MCAL/GPIO/GPIO_Program.o  ./src/MCAL/EXI_INTERRUPT/EX_Interrupt.o  ./src/MCAL/DMA/DMA_Program.o  ./src/MCAL/AFIO/AFIO.o  ./src/HAL/MOTOR/MOTOR_Program.o  ./src/HAL/LCD/LCD_Program.o  ./src/HAL/ESP/ESP_Program.o  ./src/main.o   
Finished building target: ARM_NTI.elf
 
Invoking: Cross ARM GNU Create Flash Image
arm-none-eabi-objcopy -O ihex "ARM_NTI.elf"  "ARM_NTI.hex"
Finished building: ARM_NTI.hex
 
Invoking: Cross ARM GNU Print Size
arm-none-eabi-size --format=berkeley "ARM_NTI.elf"
   text	   data	    bss	    dec	    hex	filename
   2862	    168	    284	   3314	    cf2	ARM_NTI.elf
Finished building: ARM_NTI.siz
 
10:52:44 **** Incremental Build of configuration Release for project ARM_NTI ****
make all 
Building file: ../src/main.c
Invoking: Cross ARM GNU C Compiler
arm-none-eabi-gcc -mcpu=cortex-m3 -mthumb -Os -fmessage-length=0 -fsigned-char -ffunction-sections -fdata-sections -ffreestanding -Wall -Wextra  -g -DNDEBUG -DSTM32F10X_MD -DUSE_STDPERIPH_DRIVER -DHSE_VALUE=8000000 -I"../include" -I"../system/include" -I"../system/include/cmsis" -I"../system/include/stm32f1-stdperiph" -std=gnu11 -MMD -MP -MF"src/main.d" -MT"src/main.o" -c -o "src/main.o" "../src/main.c"
../src/main.c: In function 'main':
../src/main.c:89:9: warning: multi-character character constant [-Wmultichar]
  str[i]='/0';
         ^~~~
../src/main.c:89:9: warning: large integer implicitly truncated to unsigned type [-Woverflow]
../src/main.c:90:18: warning: passing argument 1 of 'LCD_WriteString' discards 'volatile' qualifier from pointer target type [-Wdiscarded-qualifiers]
  LCD_WriteString(str);
                  ^~~
In file included from ../src/main.c:18:0:
../src/HAL/LCD/LCD_Interface.h:14:6: note: expected 'char *' but argument is of type 'volatile u8 * {aka volatile unsigned char *}'
 void LCD_WriteString(char*str);
      ^~~~~~~~~~~~~~~
Finished building: ../src/main.c
 
Building target: ARM_NTI.elf
Invoking: Cross ARM GNU C++ Linker
arm-none-eabi-g++ -mcpu=cortex-m3 -mthumb -Os -fmessage-length=0 -fsigned-char -ffunction-sections -fdata-sections -ffreestanding -Wall -Wextra  -g -T mem.ld -T libs.ld -T sections.ld -nostartfiles -Xlinker --gc-sections -L"../ldscripts" -Wl,-Map,"ARM_NTI.map" --specs=nano.specs -o "ARM_NTI.elf"  ./system/src/stm32f1-stdperiph/misc.o ./system/src/stm32f1-stdperiph/stm32f10x_gpio.o ./system/src/stm32f1-stdperiph/stm32f10x_rcc.o  ./system/src/newlib/_cxx.o ./system/src/newlib/_exit.o ./system/src/newlib/_sbrk.o ./system/src/newlib/_startup.o ./system/src/newlib/_syscalls.o ./system/src/newlib/assert.o  ./system/src/diag/Trace.o ./system/src/diag/trace_impl.o  ./system/src/cortexm/_initialize_hardware.o ./system/src/cortexm/_reset_hardware.o ./system/src/cortexm/exception_handlers.o  ./system/src/cmsis/system_stm32f10x.o ./system/src/cmsis/vectors_stm32f10x.o  ./src/MCAL/UART/UART_Program.o  ./src/MCAL/TIMER/TIMER_Services.o ./src/MCAL/TIMER/Timer_Program.o  ./src/MCAL/SYSTICK/SYSTICK_Program.o  ./src/MCAL/SPI/SPI_Program.o  ./src/MCAL/RCC/RCC_Program.o  ./src/MCAL/NVIC/NVIC.o  ./src/MCAL/GPIO/GPIO_Program.o  ./src/MCAL/EXI_INTERRUPT/EX_Interrupt.o  ./src/MCAL/DMA/DMA_Program.o  ./src/MCAL/AFIO/AFIO.o  ./src/HAL/MOTOR/MOTOR_Program.o  ./src/HAL/LCD/LCD_Program.o  ./src/HAL/ESP/ESP_Program.o  ./src/main.o   
Finished building target: ARM_NTI.elf
 
Invoking: Cross ARM GNU Create Flash Image
arm-none-eabi-objcopy -O ihex "ARM_NTI.elf"  "ARM_NTI.hex"
Finished building: ARM_NTI.hex
 
Invoking: Cross ARM GNU Print Size
arm-none-eabi-size --format=berkeley "ARM_NTI.elf"
   text	   data	    bss	    dec	    hex	filename
   2730	    168	    284	   3182	    c6e	ARM_NTI.elf
Finished building: ARM_NTI.siz
 
10:52:56 **** Incremental Build of configuration Release for project ARM_NTI ****
make all 
Building file: ../src/main.c
Invoking: Cross ARM GNU C Compiler
arm-none-eabi-gcc -mcpu=cortex-m3 -mthumb -Os -fmessage-length=0 -fsigned-char -ffunction-sections -fdata-sections -ffreestanding -Wall -Wextra  -g -DNDEBUG -DSTM32F10X_MD -DUSE_STDPERIPH_DRIVER -DHSE_VALUE=8000000 -I"../include" -I"../system/include" -I"../system/include/cmsis" -I"../system/include/stm32f1-stdperiph" -std=gnu11 -MMD -MP -MF"src/main.d" -MT"src/main.o" -c -o "src/main.o" "../src/main.c"
../src/main.c: In function 'main':
../src/main.c:89:9: warning: multi-character character constant [-Wmultichar]
  str[i]='/0';
         ^~~~
../src/main.c:89:9: warning: overflow in implicit constant conversion [-Woverflow]
../src/main.c:90:18: warning: passing argument 1 of 'LCD_WriteString' discards 'volatile' qualifier from pointer target type [-Wdiscarded-qualifiers]
  LCD_WriteString(str);
                  ^~~
In file included from ../src/main.c:18:0:
../src/HAL/LCD/LCD_Interface.h:14:6: note: expected 'char *' but argument is of type 'volatile char *'
 void LCD_WriteString(char*str);
      ^~~~~~~~~~~~~~~
Finished building: ../src/main.c
 
Building target: ARM_NTI.elf
Invoking: Cross ARM GNU C++ Linker
[...]
Finished building target: ARM_NTI.elf
 
Invoking: Cross ARM GNU Create Flash Image
arm-none-eabi-objcopy -O ihex "ARM_NTI.elf"  "ARM_NTI.hex"
Finished building: ARM_NTI.hex
 
Invoking: Cross ARM GNU Print Size
arm-none-eabi-size --format=berkeley "ARM_NTI.elf"
   text	   data	    bss	    dec	    hex	filename
   4807	   1168	    300	   6275	   1883	ARM_NTI.elf
Finished building: ARM_NTI.siz
 
23:31:24 **** Incremental Build of configuration Release for project ARM_NTI ****
make all 
Building file: ../src/main.c
Invoking: Cross ARM GNU C Compiler
arm-none-eabi-gcc -mcpu=cortex-m3 -mthumb -Os -fmessage-length=0 -fsigned-char -ffunction-sections -fdata-sections -ffreestanding -Wall -Wextra  -g -DNDEBUG -DSTM32F10X_MD -DUSE_STDPERIPH_DRIVER -DHSE_VALUE=8000000 -I"../include" -I"../system/include" -I"../system/include/cmsis" -I"../system/include/stm32f1-stdperiph" -std=gnu11 -MMD -MP -MF"src/main.d" -MT"src/main.o" -c -o "src/main.o" "../src/main.c"
../src/main.c: In function 'main':
../src/main.c:74:20: warning: pointer targets in passing argument 1 of 'UART_Send_String' differ in signedness [-Wpointer-sign]
   UART_Send_String(arr);
                    ^~~
In file included from ../src/main.c:20:0:
../src/MCAL/UART/UART_Interface.h:15:6: note: expected 'c8 * {aka char *}' but argument is of type 'u8 * {aka unsigned char *}'
 void UART_Send_String(c8*str);
      ^~~~~~~~~~~~~~~~
../src/main.c:54:5: warning: unused variable 'arr' [-Wunused-variable]
  u8 arr[]={'l','e','d','=',data,'\r','\n'};
     ^~~
Finished building: ../src/main.c
 
Building target: ARM_NTI.elf
Invoking: Cross ARM GNU C++ Linker
arm-none-eabi-g++ -mcpu=cortex-m3 -mthumb -Os -fmessage-length=0 -fsigned-char -ffunction-sections -fdata-sections -ffreestanding -Wall -Wextra  -g -T mem.ld -T libs.ld -T sections.ld -nostartfiles -Xlinker --gc-sections -L"../ldscripts" -Wl,-Map,"ARM_NTI.map" --specs=nano.specs -o "ARM_NTI.elf"  ./system/src/stm32f1-stdperiph/misc.o ./system/src/stm32f1-stdperiph/stm32f10x_gpio.o ./system/src/stm32f1-stdperiph/stm32f10x_rcc.o  ./system/src/newlib/_cxx.o ./system/src/newlib/_exit.o ./system/src/newlib/_sbrk.o ./system/src/newlib/_startup.o ./system/src/newlib/_syscalls.o ./system/src/newlib/assert.o  ./system/src/diag/Trace.o ./system/src/diag/trace_impl.o  ./system/src/cortexm/_initialize_hardware.o ./system/src/cortexm/_reset_hardware.o ./system/src/cortexm/exception_handlers.o  ./system/src/cmsis/system_stm32f10x.o ./system/src/cmsis/vectors_stm32f10x.o  ./src/MCAL/UART/UART_Program.o  ./src/MCAL/TIMER/TIMER_Services.o ./src/MCAL/TIMER/Timer_Program.o  ./src/MCAL/SYSTICK/SYSTICK_Program.o  ./src/MCAL/SPI/SPI_Program.o  ./src/MCAL/RCC/RCC_Program.o  ./src/MCAL/NVIC/NVIC.o  ./src/MCAL/GPIO/GPIO_Program.o  ./src/MCAL/EXI_INTERRUPT/EX_Interrupt.o  ./src/MCAL/DMA/DMA_Program.o  ./src/MCAL/AFIO/AFIO.o  ./src/HAL/MOTOR/MOTOR_Program.o  ./src/HAL/LCD/LCD_Program.o  ./src/HAL/ESP/ESP_Program.o  ./src/APP/VtoI/VtoI.o  ./src/main.o   
Finished building target: ARM_NTI.elf
 
Invoking: Cross ARM GNU Create Flash Image
arm-none-eabi-objcopy -O ihex "ARM_NTI.elf"  "ARM_NTI.hex"
Finished building: ARM_NTI.hex
 
Invoking: Cross ARM GNU Print Size
arm-none-eabi-size --format=berkeley "ARM_NTI.elf"
   text	   data	    bss	    dec	    hex	filename
   2583	   1068	    284	   3935	    f5f	ARM_NTI.elf
Finished building: ARM_NTI.siz
 
23:35:18 **** Incremental Build of configuration Release for project ARM_NTI ****
make all 
Building file: ../src/main.c
Invoking: Cross ARM GNU C Compiler
arm-none-eabi-gcc -mcpu=cortex-m3 -mthumb -Os -fmessage-length=0 -fsigned-char -ffunction-sections -fdata-sections -ffreestanding -Wall -Wextra  -g -DNDEBUG -DSTM32F10X_MD -DUSE_STDPERIPH_DRIVER -DHSE_VALUE=8000000 -I"../include" -I"../system/include" -I"../system/include/cmsis" -I"../system/include/stm32f1-stdperiph" -std=gnu11 -MMD -MP -MF"src/main.d" -MT"src/main.o" -c -o "src/main.o" "../src/main.c"
../src/main.c: In function 'main':
../src/main.c:54:5: warning: unused variable 'arr' [-Wunused-variable]
  u8 arr[]={'l','e','d','=',data,'\r','\n'};
     ^~~
Finished building: ../src/main.c
 
Building target: ARM_NTI.elf
Invoking: Cross ARM GNU C++ Linker
arm-none-eabi-g++ -mcpu=cortex-m3 -mthumb -Os -fmessage-length=0 -fsigned-char -ffunction-sections -fdata-sections -ffreestanding -Wall -Wextra  -g -T mem.ld -T libs.ld -T sections.ld -nostartfiles -Xlinker --gc-sections -L"../ldscripts" -Wl,-Map,"ARM_NTI.map" --specs=nano.specs -o "ARM_NTI.elf"  ./system/src/stm32f1-stdperiph/misc.o ./system/src/stm32f1-stdperiph/stm32f10x_gpio.o ./system/src/stm32f1-stdperiph/stm32f10x_rcc.o  ./system/src/newlib/_cxx.o ./system/src/newlib/_exit.o ./system/src/newlib/_sbrk.o ./system/src/newlib/_startup.o ./system/src/newlib/_syscalls.o ./system/src/newlib/assert.o  ./system/src/diag/Trace.o ./system/src/diag/trace_impl.o  ./system/src/cortexm/_initialize_hardware.o ./system/src/cortexm/_reset_hardware.o ./system/src/cortexm/exception_handlers.o  ./system/src/cmsis/system_stm32f10x.o ./system/src/cmsis/vectors_stm32f10x.o  ./src/MCAL/UART/UART_Program.o  ./src/MCAL/TIMER/TIMER_Services.o ./src/MCAL/TIMER/Timer_Program.o  ./src/MCAL/SYSTICK/SYSTICK_Program.o  ./src/MCAL/SPI/SPI_Program.o  ./src/MCAL/RCC/RCC_Program.o  ./src/MCAL/NVIC/NVIC.o  ./src/MCAL/GPIO/GPIO_Program.o  ./src/MCAL/EXI_INTERRUPT/EX_Interrupt.o  ./src/MCAL/DMA/DMA_Program.o  ./src/MCAL/AFIO/AFIO.o  ./src/HAL/MOTOR/MOTOR_Program.o  ./src/HAL/LCD/LCD_Program.o  ./src/HAL/ESP/ESP_Program.o  ./src/APP/VtoI/VtoI.o  ./src/main.o   
Finished building target: ARM_NTI.elf
 
Invoking: Cross ARM GNU Create Flash Image
arm-none-eabi-objcopy -O ihex "ARM_NTI.elf"  "ARM_NTI.hex"
Finished building: ARM_NTI.hex
 
Invoking: Cross ARM GNU Print Size
arm-none-eabi-size --format=berkeley "ARM_NTI.elf"
   text	   data	    bss	    dec	    hex	filename
   2853	   1068	    284	   4205	   106d	ARM_NTI.elf
Finished building: ARM_NTI.siz
 
23:35:38 **** Incremental Build of configuration Release for project ARM_NTI ****
make all 
Building file: ../src/main.c
Invoking: Cross ARM GNU C Compiler
arm-none-eabi-gcc -mcpu=cortex-m3 -mthumb -Os -fmessage-length=0 -fsigned-char -ffunction-sections -fdata-sections -ffreestanding -Wall -Wextra  -g -DNDEBUG -DSTM32F10X_MD -DUSE_STDPERIPH_DRIVER -DHSE_VALUE=8000000 -I"../include" -I"../system/include" -I"../system/include/cmsis" -I"../system/include/stm32f1-stdperiph" -std=gnu11 -MMD -MP -MF"src/main.d" -MT"src/main.o" -c -o "src/main.o" "../src/main.c"
../src/main.c: In function 'main':
../src/main.c:54:5: warning: unused variable 'arr' [-Wunused-variable]
  u8 arr[]={'l','e','d','=',data,'\r','\n'};
     ^~~
Finished building: ../src/main.c
 
Building target: ARM_NTI.elf
Invoking: Cross ARM GNU C++ Linker
arm-none-eabi-g++ -mcpu=cortex-m3 -mthumb -Os -fmessage-length=0 -fsigned-char -ffunction-sections -fdata-sections -ffreestanding -Wall -Wextra  -g -T mem.ld -T libs.ld -T sections.ld -nostartfiles -Xlinker --gc-sections -L"../ldscripts" -Wl,-Map,"ARM_NTI.map" --specs=nano.specs -o "ARM_NTI.elf"  ./system/src/stm32f1-stdperiph/misc.o ./system/src/stm32f1-stdperiph/stm32f10x_gpio.o ./system/src/stm32f1-stdperiph/stm32f10x_rcc.o  ./system/src/newlib/_cxx.o ./system/src/newlib/_exit.o ./system/src/newlib/_sbrk.o ./system/src/newlib/_startup.o ./system/src/newlib/_syscalls.o ./system/src/newlib/assert.o  ./system/src/diag/Trace.o ./system/src/diag/trace_impl.o  ./system/src/cortexm/_initialize_hardware.o ./system/src/cortexm/_reset_hardware.o ./system/src/cortexm/exception_handlers.o  ./system/src/cmsis/system_stm32f10x.o ./system/src/cmsis/vectors_stm32f10x.o  ./src/MCAL/UART/UART_Program.o  ./src/MCAL/TIMER/TIMER_Services.o ./src/MCAL/TIMER/Timer_Program.o  ./src/MCAL/SYSTICK/SYSTICK_Program.o  ./src/MCAL/SPI/SPI_Program.o  ./src/MCAL/RCC/RCC_Program.o  ./src/MCAL/NVIC/NVIC.o  ./src/MCAL/GPIO/GPIO_Program.o  ./src/MCAL/EXI_INTERRUPT/EX_Interrupt.o  ./src/MCAL/DMA/DMA_Program.o  ./src/MCAL/AFIO/AFIO.o  ./src/HAL/MOTOR/MOTOR_Program.o  ./src/HAL/LCD/LCD_Program.o  ./src/HAL/ESP/ESP_Program.o  ./src/APP/VtoI/VtoI.o  ./src/main.o   
Finished building target: ARM_NTI.elf
 
Invoking: Cross ARM GNU Create Flash Image
arm-none-eabi-objcopy -O ihex "ARM_NTI.elf"  "ARM_NTI.hex"
Finished building: ARM_NTI.hex
 
Invoking: Cross ARM GNU Print Size
arm-none-eabi-size --format=berkeley "ARM_NTI.elf"
   text	   data	    bss	    dec	    hex	filename
   2861	   1068	    284	   4213	   1075	ARM_NTI.elf
Finished building: ARM_NTI.siz
 
23:35:58 **** Incremental Build of configuration Release for project ARM_NTI ****
make all 
Building file: ../src/HAL/ESP/ESP_Program.c
Invoking: Cross ARM GNU C Compiler
arm-none-eabi-gcc -mcpu=cortex-m3 -mthumb -Os -fmessage-length=0 -fsigned-char -ffunction-sections -fdata-sections -ffreestanding -Wall -Wextra  -g -DNDEBUG -DSTM32F10X_MD -DUSE_STDPERIPH_DRIVER -DHSE_VALUE=8000000 -I"../include" -I"../system/include" -I"../system/include/cmsis" -I"../system/include/stm32f1-stdperiph" -std=gnu11 -MMD -MP -MF"src/HAL/ESP/ESP_Program.d" -MT"src/HAL/ESP/ESP_Program.o" -c -o "src/HAL/ESP/ESP_Program.o" "../src/HAL/ESP/ESP_Program.c"
../src/HAL/ESP/ESP_Program.c: In function 'ESP_Post':
../src/HAL/ESP/ESP_Program.c:54:19: warning: pointer targets in passing argument 1 of 'UART_Send_String' differ in signedness [-Wpointer-sign]
  UART_Send_String(arr);
                   ^~~
In file included from ../src/HAL/ESP/ESP_Program.c:13:0:
../src/HAL/ESP/../../MCAL/UART/UART_Interface.h:15:6: note: expected 'c8 * {aka char *}' but argument is of type 'u8 * {aka unsigned char *}'
 void UART_Send_String(c8*str);
      ^~~~~~~~~~~~~~~~
Finished building: ../src/HAL/ESP/ESP_Program.c
 
Building target: ARM_NTI.elf
Invoking: Cross ARM GNU C++ Linker
arm-none-eabi-g++ -mcpu=cortex-m3 -mthumb -Os -fmessage-length=0 -fsigned-char -ffunction-sections -fdata-sections -ffreestanding -Wall -Wextra  -g -T mem.ld -T libs.ld -T sections.ld -nostartfiles -Xlinker --gc-sections -L"../ldscripts" -Wl,-Map,"ARM_NTI.map" --specs=nano.specs -o "ARM_NTI.elf"  ./system/src/stm32f1-stdperiph/misc.o ./system/src/stm32f1-stdperiph/stm32f10x_gpio.o ./system/src/stm32f1-stdperiph/stm32f10x_rcc.o  ./system/src/newlib/_cxx.o ./system/src/newlib/_exit.o ./system/src/newlib/_sbrk.o ./system/src/newlib/_startup.o ./system/src/newlib/_syscalls.o ./system/src/newlib/assert.o  ./system/src/diag/Trace.o ./system/src/diag/trace_impl.o  ./system/src/cortexm/_initialize_hardware.o ./system/src/cortexm/_reset_hardware.o ./system/src/cortexm/exception_handlers.o  ./system/src/cmsis/system_stm32f10x.o ./system/src/cmsis/vectors_stm32f10x.o  ./src/MCAL/UART/UART_Program.o  ./src/MCAL/TIMER/TIMER_Services.o ./src/MCAL/TIMER/Timer_Program.o  ./src/MCAL/SYSTICK/SYSTICK_Program.o  ./src/MCAL/SPI/SPI_Program.o  ./src/MCAL/RCC/RCC_Program.o  ./src/MCAL/NVIC/NVIC.o  ./src/MCAL/GPIO/GPIO_Program.o  ./src/MCAL/EXI_INTERRUPT/EX_Interrupt.o  ./src/MCAL/DMA/DMA_Program.o  ./src/MCAL/AFIO/AFIO.o  ./src/HAL/MOTOR/MOTOR_Program.o  ./src/HAL/LCD/LCD_Program.o  ./src/HAL/ESP/ESP_Program.o  ./src/APP/VtoI/VtoI.o  ./src/main.o   
Finished building target: ARM_NTI.elf
 
Invoking: Cross ARM GNU Create Flash Image
arm-none-eabi-objcopy -O ihex "ARM_NTI.elf"  "ARM_NTI.hex"
Finished building: ARM_NTI.hex
 
Invoking: Cross ARM GNU Print Size
arm-none-eabi-size --format=berkeley "ARM_NTI.elf"
   text	   data	    bss	    dec	    hex	filename
   2861	   1068	    284	   4213	   1075	ARM_NTI.elf
Finished building: ARM_NTI.siz
 
23:38:56 **** Incremental Build of configuration Release for project ARM_NTI ****
make all 
Building file: ../src/main.c
Invoking: Cross ARM GNU C Compiler
arm-none-eabi-gcc -mcpu=cortex-m3 -mthumb -Os -fmessage-length=0 -fsigned-char -ffunction-sections -fdata-sections -ffreestanding -Wall -Wextra  -g -DNDEBUG -DSTM32F10X_MD -DUSE_STDPERIPH_DRIVER -DHSE_VALUE=8000000 -I"../include" -I"../system/include" -I"../system/include/cmsis" -I"../system/include/stm32f1-stdperiph" -std=gnu11 -MMD -MP -MF"src/main.d" -MT"src/main.o" -c -o "src/main.o" "../src/main.c"
../src/main.c: In function 'main':
../src/main.c:54:5: warning: unused variable 'arr' [-Wunused-variable]
  u8 arr[]={'l','e','d','=',data,'\r','\n'};
     ^~~
Finished building: ../src/main.c
 
Building target: ARM_NTI.elf
Invoking: Cross ARM GNU C++ Linker
arm-none-eabi-g++ -mcpu=cortex-m3 -mthumb -Os -fmessage-length=0 -fsigned-char -ffunction-sections -fdata-sections -ffreestanding -Wall -Wextra  -g -T mem.ld -T libs.ld -T sections.ld -nostartfiles -Xlinker --gc-sections -L"../ldscripts" -Wl,-Map,"ARM_NTI.map" --specs=nano.specs -o "ARM_NTI.elf"  ./system/src/stm32f1-stdperiph/misc.o ./system/src/stm32f1-stdperiph/stm32f10x_gpio.o ./system/src/stm32f1-stdperiph/stm32f10x_rcc.o  ./system/src/newlib/_cxx.o ./system/src/newlib/_exit.o ./system/src/newlib/_sbrk.o ./system/src/newlib/_startup.o ./system/src/newlib/_syscalls.o ./system/src/newlib/assert.o  ./system/src/diag/Trace.o ./system/src/diag/trace_impl.o  ./system/src/cortexm/_initialize_hardware.o ./system/src/cortexm/_reset_hardware.o ./system/src/cortexm/exception_handlers.o  ./system/src/cmsis/system_stm32f10x.o ./system/src/cmsis/vectors_stm32f10x.o  ./src/MCAL/UART/UART_Program.o  ./src/MCAL/TIMER/TIMER_Services.o ./src/MCAL/TIMER/Timer_Program.o  ./src/MCAL/SYSTICK/SYSTICK_Program.o  ./src/MCAL/SPI/SPI_Program.o  ./src/MCAL/RCC/RCC_Program.o  ./src/MCAL/NVIC/NVIC.o  ./src/MCAL/GPIO/GPIO_Program.o  ./src/MCAL/EXI_INTERRUPT/EX_Interrupt.o  ./src/MCAL/DMA/DMA_Program.o  ./src/MCAL/AFIO/AFIO.o  ./src/HAL/MOTOR/MOTOR_Program.o  ./src/HAL/LCD/LCD_Program.o  ./src/HAL/ESP/ESP_Program.o  ./src/APP/VtoI/VtoI.o  ./src/main.o   
Finished building target: ARM_NTI.elf
 
Invoking: Cross ARM GNU Create Flash Image
arm-none-eabi-objcopy -O ihex "ARM_NTI.elf"  "ARM_NTI.hex"
Finished building: ARM_NTI.hex
 
Invoking: Cross ARM GNU Print Size
arm-none-eabi-size --format=berkeley "ARM_NTI.elf"
   text	   data	    bss	    dec	    hex	filename
   2857	   1068	    284	   4209	   1071	ARM_NTI.elf
Finished building: ARM_NTI.siz
 
23:42:17 **** Incremental Build of configuration Release for project ARM_NTI ****
make all 
Building file: ../src/main.c
Invoking: Cross ARM GNU C Compiler
arm-none-eabi-gcc -mcpu=cortex-m3 -mthumb -Os -fmessage-length=0 -fsigned-char -ffunction-sections -fdata-sections -ffreestanding -Wall -Wextra  -g -DNDEBUG -DSTM32F10X_MD -DUSE_STDPERIPH_DRIVER -DHSE_VALUE=8000000 -I"../include" -I"../system/include" -I"../system/include/cmsis" -I"../system/include/stm32f1-stdperiph" -std=gnu11 -MMD -MP -MF"src/main.d" -MT"src/main.o" -c -o "src/main.o" "../src/main.c"
../src/main.c: In function 'main':
../src/main.c:54:5: warning: unused variable 'arr' [-Wunused-variable]
  u8 arr[]={'l','e','d','=',data,'\r','\n'};
     ^~~
Finished building: ../src/main.c
 
Building target: ARM_NTI.elf
Invoking: Cross ARM GNU C++ Linker
arm-none-eabi-g++ -mcpu=cortex-m3 -mthumb -Os -fmessage-length=0 -fsigned-char -ffunction-sections -fdata-sections -ffreestanding -Wall -Wextra  -g -T mem.ld -T libs.ld -T sections.ld -nostartfiles -Xlinker --gc-sections -L"../ldscripts" -Wl,-Map,"ARM_NTI.map" --specs=nano.specs -o "ARM_NTI.elf"  ./system/src/stm32f1-stdperiph/misc.o ./system/src/stm32f1-stdperiph/stm32f10x_gpio.o ./system/src/stm32f1-stdperiph/stm32f10x_rcc.o  ./system/src/newlib/_cxx.o ./system/src/newlib/_exit.o ./system/src/newlib/_sbrk.o ./system/src/newlib/_startup.o ./system/src/newlib/_syscalls.o ./system/src/newlib/assert.o  ./system/src/diag/Trace.o ./system/src/diag/trace_impl.o  ./system/src/cortexm/_initialize_hardware.o ./system/src/cortexm/_reset_hardware.o ./system/src/cortexm/exception_handlers.o  ./system/src/cmsis/system_stm32f10x.o ./system/src/cmsis/vectors_stm32f10x.o  ./src/MCAL/UART/UART_Program.o  ./src/MCAL/TIMER/TIMER_Services.o ./src/MCAL/TIMER/Timer_Program.o  ./src/MCAL/SYSTICK/SYSTICK_Program.o  ./src/MCAL/SPI/SPI_Program.o  ./src/MCAL/RCC/RCC_Program.o  ./src/MCAL/NVIC/NVIC.o  ./src/MCAL/GPIO/GPIO_Program.o  ./src/MCAL/EXI_INTERRUPT/EX_Interrupt.o  ./src/MCAL/DMA/DMA_Program.o  ./src/MCAL/AFIO/AFIO.o  ./src/HAL/MOTOR/MOTOR_Program.o  ./src/HAL/LCD/LCD_Program.o  ./src/HAL/ESP/ESP_Program.o  ./src/APP/VtoI/VtoI.o  ./src/main.o   
Finished building target: ARM_NTI.elf
 
Invoking: Cross ARM GNU Create Flash Image
arm-none-eabi-objcopy -O ihex "ARM_NTI.elf"  "ARM_NTI.hex"
Finished building: ARM_NTI.hex
 
Invoking: Cross ARM GNU Print Size
arm-none-eabi-size --format=berkeley "ARM_NTI.elf"
   text	   data	    bss	    dec	    hex	filename
   2865	   1068	    284	   4217	   1079	ARM_NTI.elf
Finished building: ARM_NTI.siz
 
10:06:26 **** Incremental Build of configuration Release for project ARM_NTI ****
make all 
Building file: ../src/HAL/ESP/ESP_Program.c
Invoking: Cross ARM GNU C Compiler
arm-none-eabi-gcc -mcpu=cortex-m3 -mthumb -Os -fmessage-length=0 -fsigned-char -ffunction-sections -fdata-sections -ffreestanding -Wall -Wextra  -g -DNDEBUG -DSTM32F10X_MD -DUSE_STDPERIPH_DRIVER -DHSE_VALUE=8000000 -I"../include" -I"../system/include" -I"../system/include/cmsis" -I"../system/include/stm32f1-stdperiph" -std=gnu11 -MMD -MP -MF"src/HAL/ESP/ESP_Program.d" -MT"src/HAL/ESP/ESP_Program.o" -c -o "src/HAL/ESP/ESP_Program.o" "../src/HAL/ESP/ESP_Program.c"
../src/HAL/ESP/ESP_Program.c: In function 'ESP_Post':
../src/HAL/ESP/ESP_Program.c:54:19: warning: pointer targets in passing argument 1 of 'UART_Send_String' differ in signedness [-Wpointer-sign]
  UART_Send_String(arr);
                   ^~~
In file included from ../src/HAL/ESP/ESP_Program.c:13:0:
../src/HAL/ESP/../../MCAL/UART/UART_Interface.h:15:6: note: expected 'c8 * {aka char *}' but argument is of type 'u8 * {aka unsigned char *}'
 void UART_Send_String(c8*str);
      ^~~~~~~~~~~~~~~~
Finished building: ../src/HAL/ESP/ESP_Program.c
 
Building target: ARM_NTI.elf
Invoking: Cross ARM GNU C++ Linker
arm-none-eabi-g++ -mcpu=cortex-m3 -mthumb -Os -fmessage-length=0 -fsigned-char -ffunction-sections -fdata-sections -ffreestanding -Wall -Wextra  -g -T mem.ld -T libs.ld -T sections.ld -nostartfiles -Xlinker --gc-sections -L"../ldscripts" -Wl,-Map,"ARM_NTI.map" --specs=nano.specs -o "ARM_NTI.elf"  ./system/src/stm32f1-stdperiph/misc.o ./system/src/stm32f1-stdperiph/stm32f10x_gpio.o ./system/src/stm32f1-stdperiph/stm32f10x_rcc.o  ./system/src/newlib/_cxx.o ./system/src/newlib/_exit.o ./system/src/newlib/_sbrk.o ./system/src/newlib/_startup.o ./system/src/newlib/_syscalls.o ./system/src/newlib/assert.o  ./system/src/diag/Trace.o ./system/src/diag/trace_impl.o  ./system/src/cortexm/_initialize_hardware.o ./system/src/cortexm/_reset_hardware.o ./system/src/cortexm/exception_handlers.o  ./system/src/cmsis/system_stm32f10x.o ./system/src/cmsis/vectors_stm32f10x.o  ./src/MCAL/UART/UART_Program.o  ./src/MCAL/TIMER/TIMER_Services.o ./src/MCAL/TIMER/Timer_Program.o  ./src/MCAL/SYSTICK/SYSTICK_Program.o  ./src/MCAL/SPI/SPI_Program.o  ./src/MCAL/RCC/RCC_Program.o  ./src/MCAL/NVIC/NVIC.o  ./src/MCAL/GPIO/GPIO_Program.o  ./src/MCAL/EXI_INTERRUPT/EX_Interrupt.o  ./src/MCAL/DMA/DMA_Program.o  ./src/MCAL/AFIO/AFIO.o  ./src/HAL/MOTOR/MOTOR_Program.o  ./src/HAL/LCD/LCD_Program.o  ./src/HAL/ESP/ESP_Program.o  ./src/APP/VtoI/VtoI.o  ./src/main.o   
Finished building target: ARM_NTI.elf
 
Invoking: Cross ARM GNU Create Flash Image
arm-none-eabi-objcopy -O ihex "ARM_NTI.elf"  "ARM_NTI.hex"
Finished building: ARM_NTI.hex
 
Invoking: Cross ARM GNU Print Size
arm-none-eabi-size --format=berkeley "ARM_NTI.elf"
   text	   data	    bss	    dec	    hex	filename
   2865	   1068	    284	   4217	   1079	ARM_NTI.elf
Finished building: ARM_NTI.siz
 
