21:59:24 **** Incremental Build of configuration Debug for project ARM_NTI ****
make all 
Building file: ../src/APP/VtoI/VtoI.c
Invoking: Cross ARM GNU C Compiler
arm-none-eabi-gcc -mcpu=cortex-m3 -mthumb -Og -fmessage-length=0 -fsigned-char -ffunction-sections -fdata-sections -ffreestanding -fno-move-loop-invariants -Wall -Wextra  -g3 -DDEBUG -DUSE_FULL_ASSERT -DTRACE -DOS_USE_TRACE_SEMIHOSTING_DEBUG -DSTM32F10X_MD -DUSE_STDPERIPH_DRIVER -DHSE_VALUE=8000000 -I"../include" -I"../system/include" -I"../system/include/cmsis" -I"../system/include/stm32f1-stdperiph" -std=gnu11 -MMD -MP -MF"src/APP/VtoI/VtoI.d" -MT"src/APP/VtoI/VtoI.o" -c -o "src/APP/VtoI/VtoI.o" "../src/APP/VtoI/VtoI.c"
../src/APP/VtoI/VtoI.c: In function 'MOVE_RIGHT':
../src/APP/VtoI/VtoI.c:45:16: error: invalid use of void expression
  MOTOR_CCW(M3);+
                ^
make: *** [src/APP/VtoI/subdir.mk:20: src/APP/VtoI/VtoI.o] Error 1
21:59:36 **** Incremental Build of configuration Debug for project ARM_NTI ****
make all 
Building file: ../src/APP/VtoI/VtoI.c
Invoking: Cross ARM GNU C Compiler
arm-none-eabi-gcc -mcpu=cortex-m3 -mthumb -Og -fmessage-length=0 -fsigned-char -ffunction-sections -fdata-sections -ffreestanding -fno-move-loop-invariants -Wall -Wextra  -g3 -DDEBUG -DUSE_FULL_ASSERT -DTRACE -DOS_USE_TRACE_SEMIHOSTING_DEBUG -DSTM32F10X_MD -DUSE_STDPERIPH_DRIVER -DHSE_VALUE=8000000 -I"../include" -I"../system/include" -I"../system/include/cmsis" -I"../system/include/stm32f1-stdperiph" -std=gnu11 -MMD -MP -MF"src/APP/VtoI/VtoI.d" -MT"src/APP/VtoI/VtoI.o" -c -o "src/APP/VtoI/VtoI.o" "../src/APP/VtoI/VtoI.c"
Finished building: ../src/APP/VtoI/VtoI.c
 
Building target: ARM_NTI.elf
Invoking: Cross ARM GNU C++ Linker
arm-none-eabi-g++ -mcpu=cortex-m3 -mthumb -Og -fmessage-length=0 -fsigned-char -ffunction-sections -fdata-sections -ffreestanding -fno-move-loop-invariants -Wall -Wextra  -g3 -T mem.ld -T libs.ld -T sections.ld -nostartfiles -Xlinker --gc-sections -L"../ldscripts" -Wl,-Map,"ARM_NTI.map" --specs=nano.specs -o "ARM_NTI.elf"  ./system/src/stm32f1-stdperiph/misc.o ./system/src/stm32f1-stdperiph/stm32f10x_gpio.o ./system/src/stm32f1-stdperiph/stm32f10x_rcc.o  ./system/src/newlib/_cxx.o ./system/src/newlib/_exit.o ./system/src/newlib/_sbrk.o ./system/src/newlib/_startup.o ./system/src/newlib/_syscalls.o ./system/src/newlib/assert.o  ./system/src/diag/Trace.o ./system/src/diag/trace_impl.o  ./system/src/cortexm/_initialize_hardware.o ./system/src/cortexm/_reset_hardware.o ./system/src/cortexm/exception_handlers.o  ./system/src/cmsis/system_stm32f10x.o ./system/src/cmsis/vectors_stm32f10x.o  ./src/MCAL/UART/UART_Program.o  ./src/MCAL/TIMER/TIMER_PROGRAM.o  ./src/MCAL/SYSTICK/SYSTICK_Program.o  ./src/MCAL/SPI/SPI_Program.o  ./src/MCAL/RCC/RCC_Program.o  ./src/MCAL/NVIC/NVIC.o  ./src/MCAL/GPIO/GPIO_Program.o  ./src/MCAL/EXI_INTERRUPT/EX_Interrupt.o  ./src/MCAL/DMA/DMA_Program.o  ./src/MCAL/AFIO/AFIO.o  ./src/HAL/ULTRASONIC_SENSOR/ULTRASONIC_SENSOR_PROGRAM.o  ./src/HAL/MOTOR/MOTOR_Program.o  ./src/HAL/LCD/LCD_Program.o  ./src/HAL/ESP/ESP_Program.o  ./src/APP/VtoI/VtoI.o  ./src/main.o   
Finished building target: ARM_NTI.elf
 
Invoking: Cross ARM GNU Create Flash Image
arm-none-eabi-objcopy -O ihex "ARM_NTI.elf"  "ARM_NTI.hex"
Finished building: ARM_NTI.hex
 
Invoking: Cross ARM GNU Print Size
arm-none-eabi-size --format=berkeley "ARM_NTI.elf"
   text	   data	    bss	    dec	    hex	filename
   5482	    176	    440	   6098	   17d2	ARM_NTI.elf
Finished building: ARM_NTI.siz
 
21:59:45 **** Incremental Build of configuration Debug for project ARM_NTI ****
make all 
Invoking: Cross ARM GNU Print Size
arm-none-eabi-size --format=berkeley "ARM_NTI.elf"
   text	   data	    bss	    dec	    hex	filename
   5482	    176	    440	   6098	   17d2	ARM_NTI.elf
Finished building: ARM_NTI.siz
 
22:01:37 **** Incremental Build of configuration Debug for project ARM_NTI ****
make all 
Building file: ../src/APP/VtoI/VtoI.c
Invoking: Cross ARM GNU C Compiler
arm-none-eabi-gcc -mcpu=cortex-m3 -mthumb -Og -fmessage-length=0 -fsigned-char -ffunction-sections -fdata-sections -ffreestanding -fno-move-loop-invariants -Wall -Wextra  -g3 -DDEBUG -DUSE_FULL_ASSERT -DTRACE -DOS_USE_TRACE_SEMIHOSTING_DEBUG -DSTM32F10X_MD -DUSE_STDPERIPH_DRIVER -DHSE_VALUE=8000000 -I"../include" -I"../system/include" -I"../system/include/cmsis" -I"../system/include/stm32f1-stdperiph" -std=gnu11 -MMD -MP -MF"src/APP/VtoI/VtoI.d" -MT"src/APP/VtoI/VtoI.o" -c -o "src/APP/VtoI/VtoI.o" "../src/APP/VtoI/VtoI.c"
Finished building: ../src/APP/VtoI/VtoI.c
 
Building target: ARM_NTI.elf
Invoking: Cross ARM GNU C++ Linker
arm-none-eabi-g++ -mcpu=cortex-m3 -mthumb -Og -fmessage-length=0 -fsigned-char -ffunction-sections -fdata-sections -ffreestanding -fno-move-loop-invariants -Wall -Wextra  -g3 -T mem.ld -T libs.ld -T sections.ld -nostartfiles -Xlinker --gc-sections -L"../ldscripts" -Wl,-Map,"ARM_NTI.map" --specs=nano.specs -o "ARM_NTI.elf"  ./system/src/stm32f1-stdperiph/misc.o ./system/src/stm32f1-stdperiph/stm32f10x_gpio.o ./system/src/stm32f1-stdperiph/stm32f10x_rcc.o  ./system/src/newlib/_cxx.o ./system/src/newlib/_exit.o ./system/src/newlib/_sbrk.o ./system/src/newlib/_startup.o ./system/src/newlib/_syscalls.o ./system/src/newlib/assert.o  ./system/src/diag/Trace.o ./system/src/diag/trace_impl.o  ./system/src/cortexm/_initialize_hardware.o ./system/src/cortexm/_reset_hardware.o ./system/src/cortexm/exception_handlers.o  ./system/src/cmsis/system_stm32f10x.o ./system/src/cmsis/vectors_stm32f10x.o  ./src/MCAL/UART/UART_Program.o  ./src/MCAL/TIMER/TIMER_PROGRAM.o  ./src/MCAL/SYSTICK/SYSTICK_Program.o  ./src/MCAL/SPI/SPI_Program.o  ./src/MCAL/RCC/RCC_Program.o  ./src/MCAL/NVIC/NVIC.o  ./src/MCAL/GPIO/GPIO_Program.o  ./src/MCAL/EXI_INTERRUPT/EX_Interrupt.o  ./src/MCAL/DMA/DMA_Program.o  ./src/MCAL/AFIO/AFIO.o  ./src/HAL/ULTRASONIC_SENSOR/ULTRASONIC_SENSOR_PROGRAM.o  ./src/HAL/MOTOR/MOTOR_Program.o  ./src/HAL/LCD/LCD_Program.o  ./src/HAL/ESP/ESP_Program.o  ./src/APP/VtoI/VtoI.o  ./src/main.o   
Finished building target: ARM_NTI.elf
 
Invoking: Cross ARM GNU Create Flash Image
arm-none-eabi-objcopy -O ihex "ARM_NTI.elf"  "ARM_NTI.hex"
Finished building: ARM_NTI.hex
 
Invoking: Cross ARM GNU Print Size
arm-none-eabi-size --format=berkeley "ARM_NTI.elf"
   text	   data	    bss	    dec	    hex	filename
   5478	    176	    440	   6094	   17ce	ARM_NTI.elf
Finished building: ARM_NTI.siz
 
22:01:45 **** Incremental Build of configuration Debug for project ARM_NTI ****
make all 
Invoking: Cross ARM GNU Print Size
arm-none-eabi-size --format=berkeley "ARM_NTI.elf"
   text	   data	    bss	    dec	    hex	filename
   5478	    176	    440	   6094	   17ce	ARM_NTI.elf
Finished building: ARM_NTI.siz
 
22:02:00 **** Incremental Build of configuration Debug for project ARM_NTI ****
make all 
Invoking: Cross ARM GNU Print Size
arm-none-eabi-size --format=berkeley "ARM_NTI.elf"
   text	   data	    bss	    dec	    hex	filename
   5478	    176	    440	   6094	   17ce	ARM_NTI.elf
Finished building: ARM_NTI.siz
 
22:03:14 **** Incremental Build of configuration Debug for project ARM_NTI ****
make all 
Building file: ../src/main.c
Invoking: Cross ARM GNU C Compiler
arm-none-eabi-gcc -mcpu=cortex-m3 -mthumb -Og -fmessage-length=0 -fsigned-char -ffunction-sections -fdata-sections -ffreestanding -fno-move-loop-invariants -Wall -Wextra  -g3 -DDEBUG -DUSE_FULL_ASSERT -DTRACE -DOS_USE_TRACE_SEMIHOSTING_DEBUG -DSTM32F10X_MD -DUSE_STDPERIPH_DRIVER -DHSE_VALUE=8000000 -I"../include" -I"../system/include" -I"../system/include/cmsis" -I"../system/include/stm32f1-stdperiph" -std=gnu11 -MMD -MP -MF"src/main.d" -MT"src/main.o" -c -o "src/main.o" "../src/main.c"
Finished building: ../src/main.c
 
Building target: ARM_NTI.elf
Invoking: Cross ARM GNU C++ Linker
arm-none-eabi-g++ -mcpu=cortex-m3 -mthumb -Og -fmessage-length=0 -fsigned-char -ffunction-sections -fdata-sections -ffreestanding -fno-move-loop-invariants -Wall -Wextra  -g3 -T mem.ld -T libs.ld -T sections.ld -nostartfiles -Xlinker --gc-sections -L"../ldscripts" -Wl,-Map,"ARM_NTI.map" --specs=nano.specs -o "ARM_NTI.elf"  ./system/src/stm32f1-stdperiph/misc.o ./system/src/stm32f1-stdperiph/stm32f10x_gpio.o ./system/src/stm32f1-stdperiph/stm32f10x_rcc.o  ./system/src/newlib/_cxx.o ./system/src/newlib/_exit.o ./system/src/newlib/_sbrk.o ./system/src/newlib/_startup.o ./system/src/newlib/_syscalls.o ./system/src/newlib/assert.o  ./system/src/diag/Trace.o ./system/src/diag/trace_impl.o  ./system/src/cortexm/_initialize_hardware.o ./system/src/cortexm/_reset_hardware.o ./system/src/cortexm/exception_handlers.o  ./system/src/cmsis/system_stm32f10x.o ./system/src/cmsis/vectors_stm32f10x.o  ./src/MCAL/UART/UART_Program.o  ./src/MCAL/TIMER/TIMER_PROGRAM.o  ./src/MCAL/SYSTICK/SYSTICK_Program.o  ./src/MCAL/SPI/SPI_Program.o  ./src/MCAL/RCC/RCC_Program.o  ./src/MCAL/NVIC/NVIC.o  ./src/MCAL/GPIO/GPIO_Program.o  ./src/MCAL/EXI_INTERRUPT/EX_Interrupt.o  ./src/MCAL/DMA/DMA_Program.o  ./src/MCAL/AFIO/AFIO.o  ./src/HAL/ULTRASONIC_SENSOR/ULTRASONIC_SENSOR_PROGRAM.o  ./src/HAL/MOTOR/MOTOR_Program.o  ./src/HAL/LCD/LCD_Program.o  ./src/HAL/ESP/ESP_Program.o  ./src/APP/VtoI/VtoI.o  ./src/main.o   
Finished building target: ARM_NTI.elf
 
Invoking: Cross ARM GNU Create Flash Image
arm-none-eabi-objcopy -O ihex "ARM_NTI.elf"  "ARM_NTI.hex"
Finished building: ARM_NTI.hex
 
Invoking: Cross ARM GNU Print Size
arm-none-eabi-size --format=berkeley "ARM_NTI.elf"
   text	   data	    bss	    dec	    hex	filename
   5478	    176	    440	   6094	   17ce	ARM_NTI.elf
Finished building: ARM_NTI.siz
 
22:03:21 **** Incremental Build of configuration Debug for project ARM_NTI ****
make all 
Invoking: Cross ARM GNU Print Size
arm-none-eabi-size --format=berkeley "ARM_NTI.elf"
   text	   data	    bss	    dec	    hex	filename
   5478	    176	    440	   6094	   17ce	ARM_NTI.elf
Finished building: ARM_NTI.siz
 
22:03:43 **** Incremental Build of configuration Debug for project ARM_NTI ****
make all 
Invoking: Cross ARM GNU Print Size
arm-none-eabi-size --format=berkeley "ARM_NTI.elf"
   text	   data	    bss	    dec	    hex	filename
   5478	    176	    440	   6094	   17ce	ARM_NTI.elf
Finished building: ARM_NTI.siz
 
22:04:17 **** Incremental Build of configuration Debug for project ARM_NTI ****
make all 
Building file: ../src/APP/VtoI/VtoI.c
Invoking: Cross ARM GNU C Compiler
arm-none-eabi-gcc -mcpu=cortex-m3 -mthumb -Og -fmessage-length=0 -fsigned-char -ffunction-sections -fdata-sections -ffreestanding -fno-move-loop-invariants -Wall -Wextra  -g3 -DDEBUG -DUSE_FULL_ASSERT -DTRACE -DOS_USE_TRACE_SEMIHOSTING_DEBUG -DSTM32F10X_MD -DUSE_STDPERIPH_DRIVER -DHSE_VALUE=8000000 -I"../include" -I"../system/include" -I"../system/include/cmsis" -I"../system/include/stm32f1-stdperiph" -std=gnu11 -MMD -MP -MF"src/APP/VtoI/VtoI.d" -MT"src/APP/VtoI/VtoI.o" -c -o "src/APP/VtoI/VtoI.o" "../src/APP/VtoI/VtoI.c"
Finished building: ../src/APP/VtoI/VtoI.c
 
Building target: ARM_NTI.elf
Invoking: Cross ARM GNU C++ Linker
arm-none-eabi-g++ -mcpu=cortex-m3 -mthumb -Og -fmessage-length=0 -fsigned-char -ffunction-sections -fdata-sections -ffreestanding -fno-move-loop-invariants -Wall -Wextra  -g3 -T mem.ld -T libs.ld -T sections.ld -nostartfiles -Xlinker --gc-sections -L"../ldscripts" -Wl,-Map,"ARM_NTI.map" --specs=nano.specs -o "ARM_NTI.elf"  ./system/src/stm32f1-stdperiph/misc.o ./system/src/stm32f1-stdperiph/stm32f10x_gpio.o ./system/src/stm32f1-stdperiph/stm32f10x_rcc.o  ./system/src/newlib/_cxx.o ./system/src/newlib/_exit.o ./system/src/newlib/_sbrk.o ./system/src/newlib/_startup.o ./system/src/newlib/_syscalls.o ./system/src/newlib/assert.o  ./system/src/diag/Trace.o ./system/src/diag/trace_impl.o  ./system/src/cortexm/_initialize_hardware.o ./system/src/cortexm/_reset_hardware.o ./system/src/cortexm/exception_handlers.o  ./system/src/cmsis/system_stm32f10x.o ./system/src/cmsis/vectors_stm32f10x.o  ./src/MCAL/UART/UART_Program.o  ./src/MCAL/TIMER/TIMER_PROGRAM.o  ./src/MCAL/SYSTICK/SYSTICK_Program.o  ./src/MCAL/SPI/SPI_Program.o  ./src/MCAL/RCC/RCC_Program.o  ./src/MCAL/NVIC/NVIC.o  ./src/MCAL/GPIO/GPIO_Program.o  ./src/MCAL/EXI_INTERRUPT/EX_Interrupt.o  ./src/MCAL/DMA/DMA_Program.o  ./src/MCAL/AFIO/AFIO.o  ./src/HAL/ULTRASONIC_SENSOR/ULTRASONIC_SENSOR_PROGRAM.o  ./src/HAL/MOTOR/MOTOR_Program.o  ./src/HAL/LCD/LCD_Program.o  ./src/HAL/ESP/ESP_Program.o  ./src/APP/VtoI/VtoI.o  ./src/main.o   
Finished building target: ARM_NTI.elf
 
Invoking: Cross ARM GNU Create Flash Image
arm-none-eabi-objcopy -O ihex "ARM_NTI.elf"  "ARM_NTI.hex"
Finished building: ARM_NTI.hex
 
Invoking: Cross ARM GNU Print Size
arm-none-eabi-size --format=berkeley "ARM_NTI.elf"
   text	   data	    bss	    dec	    hex	filename
   5478	    176	    440	   6094	   17ce	ARM_NTI.elf
Finished building: ARM_NTI.siz
 
22:04:25 **** Incremental Build of configuration Debug for project ARM_NTI ****
make all 
Invoking: Cross ARM GNU Print Size
arm-none-eabi-size --format=berkeley "ARM_NTI.elf"
   text	   data	    bss	    dec	    hex	filename
   5478	    176	    440	   6094	   17ce	ARM_NTI.elf
Finished building: ARM_NTI.siz
 
22:04:41 **** Incremental Build of configuration Debug for project ARM_NTI ****
make all 
Building file: ../src/main.c
Invoking: Cross ARM GNU C Compiler
arm-none-eabi-gcc -mcpu=cortex-m3 -mthumb -Og -fmessage-length=0 -fsigned-char -ffunction-sections -fdata-sections -ffreestanding -fno-move-loop-invariants -Wall -Wextra  -g3 -DDEBUG -DUSE_FULL_ASSERT -DTRACE -DOS_USE_TRACE_SEMIHOSTING_DEBUG -DSTM32F10X_MD -DUSE_STDPERIPH_DRIVER -DHSE_VALUE=8000000 -I"../include" -I"../system/include" -I"../system/include/cmsis" -I"../system/include/stm32f1-stdperiph" -std=gnu11 -MMD -MP -MF"src/main.d" -MT"src/main.o" -c -o "src/main.o" "../src/main.c"
Finished building: ../src/main.c
 
Building target: ARM_NTI.elf
Invoking: Cross ARM GNU C++ Linker
arm-none-eabi-g++ -mcpu=cortex-m3 -mthumb -Og -fmessage-length=0 -fsigned-char -ffunction-sections -fdata-sections -ffreestanding -fno-move-loop-invariants -Wall -Wextra  -g3 -T mem.ld -T libs.ld -T sections.ld -nostartfiles -Xlinker --gc-sections -L"../ldscripts" -Wl,-Map,"ARM_NTI.map" --specs=nano.specs -o "ARM_NTI.elf"  ./system/src/stm32f1-stdperiph/misc.o ./system/src/stm32f1-stdperiph/stm32f10x_gpio.o ./system/src/stm32f1-stdperiph/stm32f10x_rcc.o  ./system/src/newlib/_cxx.o ./system/src/newlib/_exit.o ./system/src/newlib/_sbrk.o ./system/src/newlib/_startup.o ./system/src/newlib/_syscalls.o ./system/src/newlib/assert.o  ./system/src/diag/Trace.o ./system/src/diag/trace_impl.o  ./system/src/cortexm/_initialize_hardware.o ./system/src/cortexm/_reset_hardware.o ./system/src/cortexm/exception_handlers.o  ./system/src/cmsis/system_stm32f10x.o ./system/src/cmsis/vectors_stm32f10x.o  ./src/MCAL/UART/UART_Program.o  ./src/MCAL/TIMER/TIMER_PROGRAM.o  ./src/MCAL/SYSTICK/SYSTICK_Program.o  ./src/MCAL/SPI/SPI_Program.o  ./src/MCAL/RCC/RCC_Program.o  ./src/MCAL/NVIC/NVIC.o  ./src/MCAL/GPIO/GPIO_Program.o  ./src/MCAL/EXI_INTERRUPT/EX_Interrupt.o  ./src/MCAL/DMA/DMA_Program.o  ./src/MCAL/AFIO/AFIO.o  ./src/HAL/ULTRASONIC_SENSOR/ULTRASONIC_SENSOR_PROGRAM.o  ./src/HAL/MOTOR/MOTOR_Program.o  ./src/HAL/LCD/LCD_Program.o  ./src/HAL/ESP/ESP_Program.o  ./src/APP/VtoI/VtoI.o  ./src/main.o   
Finished building target: ARM_NTI.elf
 
Invoking: Cross ARM GNU Create Flash Image
arm-none-eabi-objcopy -O ihex "ARM_NTI.elf"  "ARM_NTI.hex"
Finished building: ARM_NTI.hex
 
Invoking: Cross ARM GNU Print Size
arm-none-eabi-size --format=berkeley "ARM_NTI.elf"
   text	   data	    bss	    dec	    hex	filename
   5570	    176	    440	   6186	   182a	ARM_NTI.elf
Finished building: ARM_NTI.siz
 
22:04:50 **** Incremental Build of configuration Debug for project ARM_NTI ****
make all 
Invoking: Cross ARM GNU Print Size
arm-none-eabi-size --format=berkeley "ARM_NTI.elf"
   text	   data	    bss	    dec	    hex	filename
   5570	    176	    440	   6186	   182a	ARM_NTI.elf
Finished building: ARM_NTI.siz
 
22:05:34 **** Incremental Build of configuration Debug for project ARM_NTI ****
make all 
Building file: ../src/APP/VtoI/VtoI.c
Invoking: Cross ARM GNU C Compiler
arm-none-eabi-gcc -mcpu=cortex-m3 -mthumb -Og -fmessage-length=0 -fsigned-char -ffunction-sections -fdata-sections -ffreestanding -fno-move-loop-invariants -Wall -Wextra  -g3 -DDEBUG -DUSE_FULL_ASSERT -DTRACE -DOS_USE_TRACE_SEMIHOSTING_DEBUG -DSTM32F10X_MD -DUSE_STDPERIPH_DRIVER -DHSE_VALUE=8000000 -I"../include" -I"../system/include" -I"../system/include/cmsis" -I"../system/include/stm32f1-stdperiph" -std=gnu11 -MMD -MP -MF"src/APP/VtoI/VtoI.d" -MT"src/APP/VtoI/VtoI.o" -c -o "src/APP/VtoI/VtoI.o" "../src/APP/VtoI/VtoI.c"
Finished building: ../src/APP/VtoI/VtoI.c
 
Building target: ARM_NTI.elf
Invoking: Cross ARM GNU C++ Linker
arm-none-eabi-g++ -mcpu=cortex-m3 -mthumb -Og -fmessage-length=0 -fsigned-char -ffunction-sections -fdata-sections -ffreestanding -fno-move-loop-invariants -Wall -Wextra  -g3 -T mem.ld -T libs.ld -T sections.ld -nostartfiles -Xlinker --gc-sections -L"../ldscripts" -Wl,-Map,"ARM_NTI.map" --specs=nano.specs -o "ARM_NTI.elf"  ./system/src/stm32f1-stdperiph/misc.o ./system/src/stm32f1-stdperiph/stm32f10x_gpio.o ./system/src/stm32f1-stdperiph/stm32f10x_rcc.o  ./system/src/newlib/_cxx.o ./system/src/newlib/_exit.o ./system/src/newlib/_sbrk.o ./system/src/newlib/_startup.o ./system/src/newlib/_syscalls.o ./system/src/newlib/assert.o  ./system/src/diag/Trace.o ./system/src/diag/trace_impl.o  ./system/src/cortexm/_initialize_hardware.o ./system/src/cortexm/_reset_hardware.o ./system/src/cortexm/exception_handlers.o  ./system/src/cmsis/system_stm32f10x.o ./system/src/cmsis/vectors_stm32f10x.o  ./src/MCAL/UART/UART_Program.o  ./src/MCAL/TIMER/TIMER_PROGRAM.o  ./src/MCAL/SYSTICK/SYSTICK_Program.o  ./src/MCAL/SPI/SPI_Program.o  ./src/MCAL/RCC/RCC_Program.o  ./src/MCAL/NVIC/NVIC.o  ./src/MCAL/GPIO/GPIO_Program.o  ./src/MCAL/EXI_INTERRUPT/EX_Interrupt.o  ./src/MCAL/DMA/DMA_Program.o  ./src/MCAL/AFIO/AFIO.o  ./src/HAL/ULTRASONIC_SENSOR/ULTRASONIC_SENSOR_PROGRAM.o  ./src/HAL/MOTOR/MOTOR_Program.o  ./src/HAL/LCD/LCD_Program.o  ./src/HAL/ESP/ESP_Program.o  ./src/APP/VtoI/VtoI.o  ./src/main.o   
Finished building target: ARM_NTI.elf
 
Invoking: Cross ARM GNU Create Flash Image
arm-none-eabi-objcopy -O ihex "ARM_NTI.elf"  "ARM_NTI.hex"
Finished building: ARM_NTI.hex
 
Invoking: Cross ARM GNU Print Size
arm-none-eabi-size --format=berkeley "ARM_NTI.elf"
   text	   data	    bss	    dec	    hex	filename
   5570	    176	    440	   6186	   182a	ARM_NTI.elf
Finished building: ARM_NTI.siz
 
22:05:51 **** Incremental Build of configuration Debug for project ARM_NTI ****
make all 
Building file: ../src/main.c
Invoking: Cross ARM GNU C Compiler
arm-none-eabi-gcc -mcpu=cortex-m3 -mthumb -Og -fmessage-length=0 -fsigned-char -ffunction-sections -fdata-sections -ffreestanding -fno-move-loop-invariants -Wall -Wextra  -g3 -DDEBUG -DUSE_FULL_ASSERT -DTRACE -DOS_USE_TRACE_SEMIHOSTING_DEBUG -DSTM32F10X_MD -DUSE_STDPERIPH_DRIVER -DHSE_VALUE=8000000 -I"../include" -I"../system/include" -I"../system/include/cmsis" -I"../system/include/stm32f1-stdperiph" -std=gnu11 -MMD -MP -MF"src/main.d" -MT"src/main.o" -c -o "src/main.o" "../src/main.c"
Finished building: ../src/main.c
 
Building target: ARM_NTI.elf
Invoking: Cross ARM GNU C++ Linker
arm-none-eabi-g++ -mcpu=cortex-m3 -mthumb -Og -fmessage-length=0 -fsigned-char -ffunction-sections -fdata-sections -ffreestanding -fno-move-loop-invariants -Wall -Wextra  -g3 -T mem.ld -T libs.ld -T sections.ld -nostartfiles -Xlinker --gc-sections -L"../ldscripts" -Wl,-Map,"ARM_NTI.map" --specs=nano.specs -o "ARM_NTI.elf"  ./system/src/stm32f1-stdperiph/misc.o ./system/src/stm32f1-stdperiph/stm32f10x_gpio.o ./system/src/stm32f1-stdperiph/stm32f10x_rcc.o  ./system/src/newlib/_cxx.o ./system/src/newlib/_exit.o ./system/src/newlib/_sbrk.o ./system/src/newlib/_startup.o ./system/src/newlib/_syscalls.o ./system/src/newlib/assert.o  ./system/src/diag/Trace.o ./system/src/diag/trace_impl.o  ./system/src/cortexm/_initialize_hardware.o ./system/src/cortexm/_reset_hardware.o ./system/src/cortexm/exception_handlers.o  ./system/src/cmsis/system_stm32f10x.o ./system/src/cmsis/vectors_stm32f10x.o  ./src/MCAL/UART/UART_Program.o  ./src/MCAL/TIMER/TIMER_PROGRAM.o  ./src/MCAL/SYSTICK/SYSTICK_Program.o  ./src/MCAL/SPI/SPI_Program.o  ./src/MCAL/RCC/RCC_Program.o  ./src/MCAL/NVIC/NVIC.o  ./src/MCAL/GPIO/GPIO_Program.o  ./src/MCAL/EXI_INTERRUPT/EX_Interrupt.o  ./src/MCAL/DMA/DMA_Program.o  ./src/MCAL/AFIO/AFIO.o  ./src/HAL/ULTRASONIC_SENSOR/ULTRASONIC_SENSOR_PROGRAM.o  ./src/HAL/MOTOR/MOTOR_Program.o  ./src/HAL/LCD/LCD_Program.o  ./src/HAL/ESP/ESP_Program.o  ./src/APP/VtoI/VtoI.o  ./src/main.o   
Finished building target: ARM_NTI.elf
 
Invoking: Cross ARM GNU Create Flash Image
arm-none-eabi-objcopy -O ihex "ARM_NTI.elf"  "ARM_NTI.hex"
Finished building: ARM_NTI.hex
 
Invoking: Cross ARM GNU Print Size
arm-none-eabi-size --format=berkeley "ARM_NTI.elf"
   text	   data	    bss	    dec	    hex	filename
   5386	    176	    440	   6002	   1772	ARM_NTI.elf
Finished building: ARM_NTI.siz
 
22:05:58 **** Incremental Build of configuration Debug for project ARM_NTI ****
make all 
Invoking: Cross ARM GNU Print Size
arm-none-eabi-size --format=berkeley "ARM_NTI.elf"
   text	   data	    bss	    dec	    hex	filename
   5386	    176	    440	   6002	   1772	ARM_NTI.elf
Finished building: ARM_NTI.siz
 
22:06:34 **** Incremental Build of configuration Debug for project ARM_NTI ****
make all 
Building file: ../src/main.c
Invoking: Cross ARM GNU C Compiler
arm-none-eabi-gcc -mcpu=cortex-m3 -mthumb -Og -fmessage-length=0 -fsigned-char -ffunction-sections -fdata-sections -ffreestanding -fno-move-loop-invariants -Wall -Wextra  -g3 -DDEBUG -DUSE_FULL_ASSERT -DTRACE -DOS_USE_TRACE_SEMIHOSTING_DEBUG -DSTM32F10X_MD -DUSE_STDPERIPH_DRIVER -DHSE_VALUE=8000000 -I"../include" -I"../system/include" -I"../system/include/cmsis" -I"../system/include/stm32f1-stdperiph" -std=gnu11 -MMD -MP -MF"src/main.d" -MT"src/main.o" -c -o "src/main.o" "../src/main.c"
Finished building: ../src/main.c
 
Building target: ARM_NTI.elf
Invoking: Cross ARM GNU C++ Linker
arm-none-eabi-g++ -mcpu=cortex-m3 -mthumb -Og -fmessage-length=0 -fsigned-char -ffunction-sections -fdata-sections -ffreestanding -fno-move-loop-invariants -Wall -Wextra  -g3 -T mem.ld -T libs.ld -T sections.ld -nostartfiles -Xlinker --gc-sections -L"../ldscripts" -Wl,-Map,"ARM_NTI.map" --specs=nano.specs -o "ARM_NTI.elf"  ./system/src/stm32f1-stdperiph/misc.o ./system/src/stm32f1-stdperiph/stm32f10x_gpio.o ./system/src/stm32f1-stdperiph/stm32f10x_rcc.o  ./system/src/newlib/_cxx.o ./system/src/newlib/_exit.o ./system/src/newlib/_sbrk.o ./system/src/newlib/_startup.o ./system/src/newlib/_syscalls.o ./system/src/newlib/assert.o  ./system/src/diag/Trace.o ./system/src/diag/trace_impl.o  ./system/src/cortexm/_initialize_hardware.o ./system/src/cortexm/_reset_hardware.o ./system/src/cortexm/exception_handlers.o  ./system/src/cmsis/system_stm32f10x.o ./system/src/cmsis/vectors_stm32f10x.o  ./src/MCAL/UART/UART_Program.o  ./src/MCAL/TIMER/TIMER_PROGRAM.o  ./src/MCAL/SYSTICK/SYSTICK_Program.o  ./src/MCAL/SPI/SPI_Program.o  ./src/MCAL/RCC/RCC_Program.o  ./src/MCAL/NVIC/NVIC.o  ./src/MCAL/GPIO/GPIO_Program.o  ./src/MCAL/EXI_INTERRUPT/EX_Interrupt.o  ./src/MCAL/DMA/DMA_Program.o  ./src/MCAL/AFIO/AFIO.o  ./src/HAL/ULTRASONIC_SENSOR/ULTRASONIC_SENSOR_PROGRAM.o  ./src/HAL/MOTOR/MOTOR_Program.o  ./src/HAL/LCD/LCD_Program.o  ./src/HAL/ESP/ESP_Program.o  ./src/APP/VtoI/VtoI.o  ./src/main.o   
Finished building target: ARM_NTI.elf
 
Invoking: Cross ARM GNU Create Flash Image
arm-none-eabi-objcopy -O ihex "ARM_NTI.elf"  "ARM_NTI.hex"
Finished building: ARM_NTI.hex
 
Invoking: Cross ARM GNU Print Size
arm-none-eabi-size --format=berkeley "ARM_NTI.elf"
   text	   data	    bss	    dec	    hex	filename
   5750	    176	    444	   6370	   18e2	ARM_NTI.elf
Finished building: ARM_NTI.siz
 
22:06:45 **** Incremental Build of configuration Debug for project ARM_NTI ****
make all 
Invoking: Cross ARM GNU Print Size
arm-none-eabi-size --format=berkeley "ARM_NTI.elf"
   text	   data	    bss	    dec	    hex	filename
   5750	    176	    444	   6370	   18e2	ARM_NTI.elf
Finished building: ARM_NTI.siz
 
22:06:50 **** Incremental Build of configuration Debug for project ARM_NTI ****
make all 
Invoking: Cross ARM GNU Print Size
arm-none-eabi-size --format=berkeley "ARM_NTI.elf"
   text	   data	    bss	    dec	    hex	filename
   5750	    176	    444	   6370	   18e2	ARM_NTI.elf
Finished building: ARM_NTI.siz
 
12:57:11 **** Incremental Build of configuration Debug for project ARM_NTI ****
make all 
Building file: ../src/APP/VtoI/VtoI.c
Invoking: Cross ARM GNU C Compiler
arm-none-eabi-gcc -mcpu=cortex-m3 -mthumb -Og -fmessage-length=0 -fsigned-char -ffunction-sections -fdata-sections -ffreestanding -fno-move-loop-invariants -Wall -Wextra  -g3 -DDEBUG -DUSE_FULL_ASSERT -DTRACE -DOS_USE_TRACE_SEMIHOSTING_DEBUG -DSTM32F10X_MD -DUSE_STDPERIPH_DRIVER -DHSE_VALUE=8000000 -I"../include" -I"../system/include" -I"../system/include/cmsis" -I"../system/include/stm32f1-stdperiph" -std=gnu11 -MMD -MP -MF"src/APP/VtoI/VtoI.d" -MT"src/APP/VtoI/VtoI.o" -c -o "src/APP/VtoI/VtoI.o" "../src/APP/VtoI/VtoI.c"
Finished building: ../src/APP/VtoI/VtoI.c
 
Building target: ARM_NTI.elf
Invoking: Cross ARM GNU C++ Linker
arm-none-eabi-g++ -mcpu=cortex-m3 -mthumb -Og -fmessage-length=0 -fsigned-char -ffunction-sections -fdata-sections -ffreestanding -fno-move-loop-invariants -Wall -Wextra  -g3 -T mem.ld -T libs.ld -T sections.ld -nostartfiles -Xlinker --gc-sections -L"../ldscripts" -Wl,-Map,"ARM_NTI.map" --specs=nano.specs -o "ARM_NTI.elf"  ./system/src/stm32f1-stdperiph/misc.o ./system/src/stm32f1-stdperiph/stm32f10x_gpio.o ./system/src/stm32f1-stdperiph/stm32f10x_rcc.o  ./system/src/newlib/_cxx.o ./system/src/newlib/_exit.o ./system/src/newlib/_sbrk.o ./system/src/newlib/_startup.o ./system/src/newlib/_syscalls.o ./system/src/newlib/assert.o  ./system/src/diag/Trace.o ./system/src/diag/trace_impl.o  ./system/src/cortexm/_initialize_hardware.o ./system/src/cortexm/_reset_hardware.o ./system/src/cortexm/exception_handlers.o  ./system/src/cmsis/system_stm32f10x.o ./system/src/cmsis/vectors_stm32f10x.o  ./src/MCAL/UART/UART_Program.o  ./src/MCAL/TIMER/TIMER_PROGRAM.o  ./src/MCAL/SYSTICK/SYSTICK_Program.o  ./src/MCAL/SPI/SPI_Program.o  ./src/MCAL/RCC/RCC_Program.o  ./src/MCAL/NVIC/NVIC.o  ./src/MCAL/GPIO/GPIO_Program.o  ./src/MCAL/EXI_INTERRUPT/EX_Interrupt.o  ./src/MCAL/DMA/DMA_Program.o  ./src/MCAL/AFIO/AFIO.o  ./src/HAL/ULTRASONIC_SENSOR/ULTRASONIC_SENSOR_PROGRAM.o  ./src/HAL/MOTOR/MOTOR_Program.o  ./src/HAL/LCD/LCD_Program.o  ./src/HAL/ESP/ESP_Program.o  ./src/APP/VtoI/VtoI.o  ./src/main.o   
Finished building target: ARM_NTI.elf
 
Invoking: Cross ARM GNU Create Flash Image
arm-none-eabi-objcopy -O ihex "ARM_NTI.elf"  "ARM_NTI.hex"
Finished building: ARM_NTI.hex
 
Invoking: Cross ARM GNU Print Size
arm-none-eabi-size --format=berkeley "ARM_NTI.elf"
   text	   data	    bss	    dec	    hex	filename
   5750	    176	    444	   6370	   18e2	ARM_NTI.elf
Finished building: ARM_NTI.siz
 
13:55:48 **** Incremental Build of configuration Debug for project ARM_NTI ****
make all 
Building file: ../src/main.c
Invoking: Cross ARM GNU C Compiler
arm-none-eabi-gcc -mcpu=cortex-m3 -mthumb -Og -fmessage-length=0 -fsigned-char -ffunction-sections -fdata-sections -ffreestanding -fno-move-loop-invariants -Wall -Wextra  -g3 -DDEBUG -DUSE_FULL_ASSERT -DTRACE -DOS_USE_TRACE_SEMIHOSTING_DEBUG -DSTM32F10X_MD -DUSE_STDPERIPH_DRIVER -DHSE_VALUE=8000000 -I"../include" -I"../system/include" -I"../system/include/cmsis" -I"../system/include/stm32f1-stdperiph" -std=gnu11 -MMD -MP -MF"src/main.d" -MT"src/main.o" -c -o "src/main.o" "../src/main.c"
Finished building: ../src/main.c
 
Building target: ARM_NTI.elf
Invoking: Cross ARM GNU C++ Linker
arm-none-eabi-g++ -mcpu=cortex-m3 -mthumb -Og -fmessage-length=0 -fsigned-char -ffunction-sections -fdata-sections -ffreestanding -fno-move-loop-invariants -Wall -Wextra  -g3 -T mem.ld -T libs.ld -T sections.ld -nostartfiles -Xlinker --gc-sections -L"../ldscripts" -Wl,-Map,"ARM_NTI.map" --specs=nano.specs -o "ARM_NTI.elf"  ./system/src/stm32f1-stdperiph/misc.o ./system/src/stm32f1-stdperiph/stm32f10x_gpio.o ./system/src/stm32f1-stdperiph/stm32f10x_rcc.o  ./system/src/newlib/_cxx.o ./system/src/newlib/_exit.o ./system/src/newlib/_sbrk.o ./system/src/newlib/_startup.o ./system/src/newlib/_syscalls.o ./system/src/newlib/assert.o  ./system/src/diag/Trace.o ./system/src/diag/trace_impl.o  ./system/src/cortexm/_initialize_hardware.o ./system/src/cortexm/_reset_hardware.o ./system/src/cortexm/exception_handlers.o  ./system/src/cmsis/system_stm32f10x.o ./system/src/cmsis/vectors_stm32f10x.o  ./src/MCAL/UART/UART_Program.o  ./src/MCAL/TIMER/TIMER_PROGRAM.o  ./src/MCAL/SYSTICK/SYSTICK_Program.o  ./src/MCAL/SPI/SPI_Program.o  ./src/MCAL/RCC/RCC_Program.o  ./src/MCAL/NVIC/NVIC.o  ./src/MCAL/GPIO/GPIO_Program.o  ./src/MCAL/EXI_INTERRUPT/EX_Interrupt.o  ./src/MCAL/DMA/DMA_Program.o  ./src/MCAL/AFIO/AFIO.o  ./src/HAL/ULTRASONIC_SENSOR/ULTRASONIC_SENSOR_PROGRAM.o  ./src/HAL/MOTOR/MOTOR_Program.o  ./src/HAL/LCD/LCD_Program.o  ./src/HAL/ESP/ESP_Program.o  ./src/APP/VtoI/VtoI.o  ./src/main.o   
./src/main.o: In function `main':
C:\Users\lenovo\Desktop\NTI\GitHub\ARM_STM32_NTIStudy\ARM_NTI\Debug/../src/main.c:98: undefined reference to `RX'
collect2.exe: error: ld returned 1 exit status
make: *** [makefile:79: ARM_NTI.elf] Error 1
13:56:28 **** Incremental Build of configuration Debug for project ARM_NTI ****
make all 
Building file: ../src/main.c
Invoking: Cross ARM GNU C Compiler
arm-none-eabi-gcc -mcpu=cortex-m3 -mthumb -Og -fmessage-length=0 -fsigned-char -ffunction-sections -fdata-sections -ffreestanding -fno-move-loop-invariants -Wall -Wextra  -g3 -DDEBUG -DUSE_FULL_ASSERT -DTRACE -DOS_USE_TRACE_SEMIHOSTING_DEBUG -DSTM32F10X_MD -DUSE_STDPERIPH_DRIVER -DHSE_VALUE=8000000 -I"../include" -I"../system/include" -I"../system/include/cmsis" -I"../system/include/stm32f1-stdperiph" -std=gnu11 -MMD -MP -MF"src/main.d" -MT"src/main.o" -c -o "src/main.o" "../src/main.c"
Finished building: ../src/main.c
 
Building target: ARM_NTI.elf
Invoking: Cross ARM GNU C++ Linker
arm-none-eabi-g++ -mcpu=cortex-m3 -mthumb -Og -fmessage-length=0 -fsigned-char -ffunction-sections -fdata-sections -ffreestanding -fno-move-loop-invariants -Wall -Wextra  -g3 -T mem.ld -T libs.ld -T sections.ld -nostartfiles -Xlinker --gc-sections -L"../ldscripts" -Wl,-Map,"ARM_NTI.map" --specs=nano.specs -o "ARM_NTI.elf"  ./system/src/stm32f1-stdperiph/misc.o ./system/src/stm32f1-stdperiph/stm32f10x_gpio.o ./system/src/stm32f1-stdperiph/stm32f10x_rcc.o  ./system/src/newlib/_cxx.o ./system/src/newlib/_exit.o ./system/src/newlib/_sbrk.o ./system/src/newlib/_startup.o ./system/src/newlib/_syscalls.o ./system/src/newlib/assert.o  ./system/src/diag/Trace.o ./system/src/diag/trace_impl.o  ./system/src/cortexm/_initialize_hardware.o ./system/src/cortexm/_reset_hardware.o ./system/src/cortexm/exception_handlers.o  ./system/src/cmsis/system_stm32f10x.o ./system/src/cmsis/vectors_stm32f10x.o  ./src/MCAL/UART/UART_Program.o  ./src/MCAL/TIMER/TIMER_PROGRAM.o  ./src/MCAL/SYSTICK/SYSTICK_Program.o  ./src/MCAL/SPI/SPI_Program.o  ./src/MCAL/RCC/RCC_Program.o  ./src/MCAL/NVIC/NVIC.o  ./src/MCAL/GPIO/GPIO_Program.o  ./src/MCAL/EXI_INTERRUPT/EX_Interrupt.o  ./src/MCAL/DMA/DMA_Program.o  ./src/MCAL/AFIO/AFIO.o  ./src/HAL/ULTRASONIC_SENSOR/ULTRASONIC_SENSOR_PROGRAM.o  ./src/HAL/MOTOR/MOTOR_Program.o  ./src/HAL/LCD/LCD_Program.o  ./src/HAL/ESP/ESP_Program.o  ./src/APP/VtoI/VtoI.o  ./src/main.o   
Finished building target: ARM_NTI.elf
 
Invoking: Cross ARM GNU Create Flash Image
arm-none-eabi-objcopy -O ihex "ARM_NTI.elf"  "ARM_NTI.hex"
Finished building: ARM_NTI.hex
 
Invoking: Cross ARM GNU Print Size
arm-none-eabi-size --format=berkeley "ARM_NTI.elf"
   text	   data	    bss	    dec	    hex	filename
   5962	    176	    444	   6582	   19b6	ARM_NTI.elf
Finished building: ARM_NTI.siz
 
13:56:54 **** Incremental Build of configuration Debug for project ARM_NTI ****
make all 
Invoking: Cross ARM GNU Print Size
arm-none-eabi-size --format=berkeley "ARM_NTI.elf"
   text	   data	    bss	    dec	    hex	filename
   5962	    176	    444	   6582	   19b6	ARM_NTI.elf
Finished building: ARM_NTI.siz
 
14:39:24 **** Incremental Build of configuration Debug for project ARM_NTI ****
make all 
Building file: ../src/APP/VtoI/VtoI.c
Invoking: Cross ARM GNU C Compiler
arm-none-eabi-gcc -mcpu=cortex-m3 -mthumb -Og -fmessage-length=0 -fsigned-char -ffunction-sections -fdata-sections -ffreestanding -fno-move-loop-invariants -Wall -Wextra  -g3 -DDEBUG -DUSE_FULL_ASSERT -DTRACE -DOS_USE_TRACE_SEMIHOSTING_DEBUG -DSTM32F10X_MD -DUSE_STDPERIPH_DRIVER -DHSE_VALUE=8000000 -I"../include" -I"../system/include" -I"../system/include/cmsis" -I"../system/include/stm32f1-stdperiph" -std=gnu11 -MMD -MP -MF"src/APP/VtoI/VtoI.d" -MT"src/APP/VtoI/VtoI.o" -c -o "src/APP/VtoI/VtoI.o" "../src/APP/VtoI/VtoI.c"
../src/APP/VtoI/VtoI.c:8:10: fatal error: lib/BIT_MATH.h: No such file or directory
 #include "lib/BIT_MATH.h"
          ^~~~~~~~~~~~~~~~
compilation terminated.
make: *** [src/APP/VtoI/subdir.mk:20: src/APP/VtoI/VtoI.o] Error 1
14:39:52 **** Incremental Build of configuration Debug for project ARM_NTI ****
make all 
Building file: ../src/APP/VtoI/VtoI.c
Invoking: Cross ARM GNU C Compiler
arm-none-eabi-gcc -mcpu=cortex-m3 -mthumb -Og -fmessage-length=0 -fsigned-char -ffunction-sections -fdata-sections -ffreestanding -fno-move-loop-invariants -Wall -Wextra  -g3 -DDEBUG -DUSE_FULL_ASSERT -DTRACE -DOS_USE_TRACE_SEMIHOSTING_DEBUG -DSTM32F10X_MD -DUSE_STDPERIPH_DRIVER -DHSE_VALUE=8000000 -I"../include" -I"../system/include" -I"../system/include/cmsis" -I"../system/include/stm32f1-stdperiph" -std=gnu11 -MMD -MP -MF"src/APP/VtoI/VtoI.d" -MT"src/APP/VtoI/VtoI.o" -c -o "src/APP/VtoI/VtoI.o" "../src/APP/VtoI/VtoI.c"
Finished building: ../src/APP/VtoI/VtoI.c
 
Building target: ARM_NTI.elf
Invoking: Cross ARM GNU C++ Linker
arm-none-eabi-g++ -mcpu=cortex-m3 -mthumb -Og -fmessage-length=0 -fsigned-char -ffunction-sections -fdata-sections -ffreestanding -fno-move-loop-invariants -Wall -Wextra  -g3 -T mem.ld -T libs.ld -T sections.ld -nostartfiles -Xlinker --gc-sections -L"../ldscripts" -Wl,-Map,"ARM_NTI.map" --specs=nano.specs -o "ARM_NTI.elf"  ./system/src/stm32f1-stdperiph/misc.o ./system/src/stm32f1-stdperiph/stm32f10x_gpio.o ./system/src/stm32f1-stdperiph/stm32f10x_rcc.o  ./system/src/newlib/_cxx.o ./system/src/newlib/_exit.o ./system/src/newlib/_sbrk.o ./system/src/newlib/_startup.o ./system/src/newlib/_syscalls.o ./system/src/newlib/assert.o  ./system/src/diag/Trace.o ./system/src/diag/trace_impl.o  ./system/src/cortexm/_initialize_hardware.o ./system/src/cortexm/_reset_hardware.o ./system/src/cortexm/exception_handlers.o  ./system/src/cmsis/system_stm32f10x.o ./system/src/cmsis/vectors_stm32f10x.o  ./src/MCAL/UART/UART_Program.o  ./src/MCAL/TIMER/TIMER_PROGRAM.o  ./src/MCAL/SYSTICK/SYSTICK_Program.o  ./src/MCAL/SPI/SPI_Program.o  ./src/MCAL/RCC/RCC_Program.o  ./src/MCAL/NVIC/NVIC.o  ./src/MCAL/GPIO/GPIO_Program.o  ./src/MCAL/EXI_INTERRUPT/EX_Interrupt.o  ./src/MCAL/DMA/DMA_Program.o  ./src/MCAL/AFIO/AFIO.o  ./src/HAL/ULTRASONIC_SENSOR/ULTRASONIC_SENSOR_PROGRAM.o  ./src/HAL/MOTOR/MOTOR_Program.o  ./src/HAL/LCD/LCD_Program.o  ./src/HAL/ESP/ESP_Program.o  ./src/APP/VtoI/VtoI.o  ./src/main.o   
Finished building target: ARM_NTI.elf
 
Invoking: Cross ARM GNU Create Flash Image
arm-none-eabi-objcopy -O ihex "ARM_NTI.elf"  "ARM_NTI.hex"
Finished building: ARM_NTI.hex
 
Invoking: Cross ARM GNU Print Size
arm-none-eabi-size --format=berkeley "ARM_NTI.elf"
   text	   data	    bss	    dec	    hex	filename
   5962	    176	    444	   6582	   19b6	ARM_NTI.elf
Finished building: ARM_NTI.siz
 
14:40:12 **** Incremental Build of configuration Debug for project ARM_NTI ****
make all 
Building file: ../src/APP/VtoI/VtoI.c
Invoking: Cross ARM GNU C Compiler
arm-none-eabi-gcc -mcpu=cortex-m3 -mthumb -Og -fmessage-length=0 -fsigned-char -ffunction-sections -fdata-sections -ffreestanding -fno-move-loop-invariants -Wall -Wextra  -g3 -DDEBUG -DUSE_FULL_ASSERT -DTRACE -DOS_USE_TRACE_SEMIHOSTING_DEBUG -DSTM32F10X_MD -DUSE_STDPERIPH_DRIVER -DHSE_VALUE=8000000 -I"../include" -I"../system/include" -I"../system/include/cmsis" -I"../system/include/stm32f1-stdperiph" -std=gnu11 -MMD -MP -MF"src/APP/VtoI/VtoI.d" -MT"src/APP/VtoI/VtoI.o" -c -o "src/APP/VtoI/VtoI.o" "../src/APP/VtoI/VtoI.c"
Finished building: ../src/APP/VtoI/VtoI.c
 
Building target: ARM_NTI.elf
Invoking: Cross ARM GNU C++ Linker
arm-none-eabi-g++ -mcpu=cortex-m3 -mthumb -Og -fmessage-length=0 -fsigned-char -ffunction-sections -fdata-sections -ffreestanding -fno-move-loop-invariants -Wall -Wextra  -g3 -T mem.ld -T libs.ld -T sections.ld -nostartfiles -Xlinker --gc-sections -L"../ldscripts" -Wl,-Map,"ARM_NTI.map" --specs=nano.specs -o "ARM_NTI.elf"  ./system/src/stm32f1-stdperiph/misc.o ./system/src/stm32f1-stdperiph/stm32f10x_gpio.o ./system/src/stm32f1-stdperiph/stm32f10x_rcc.o  ./system/src/newlib/_cxx.o ./system/src/newlib/_exit.o ./system/src/newlib/_sbrk.o ./system/src/newlib/_startup.o ./system/src/newlib/_syscalls.o ./system/src/newlib/assert.o  ./system/src/diag/Trace.o ./system/src/diag/trace_impl.o  ./system/src/cortexm/_initialize_hardware.o ./system/src/cortexm/_reset_hardware.o ./system/src/cortexm/exception_handlers.o  ./system/src/cmsis/system_stm32f10x.o ./system/src/cmsis/vectors_stm32f10x.o  ./src/MCAL/UART/UART_Program.o  ./src/MCAL/TIMER/TIMER_PROGRAM.o  ./src/MCAL/SYSTICK/SYSTICK_Program.o  ./src/MCAL/SPI/SPI_Program.o  ./src/MCAL/RCC/RCC_Program.o  ./src/MCAL/NVIC/NVIC.o  ./src/MCAL/GPIO/GPIO_Program.o  ./src/MCAL/EXI_INTERRUPT/EX_Interrupt.o  ./src/MCAL/DMA/DMA_Program.o  ./src/MCAL/AFIO/AFIO.o  ./src/HAL/ULTRASONIC_SENSOR/ULTRASONIC_SENSOR_PROGRAM.o  ./src/HAL/MOTOR/MOTOR_Program.o  ./src/HAL/LCD/LCD_Program.o  ./src/HAL/ESP/ESP_Program.o  ./src/APP/VtoI/VtoI.o  ./src/main.o   
Finished building target: ARM_NTI.elf
 
Invoking: Cross ARM GNU Create Flash Image
arm-none-eabi-objcopy -O ihex "ARM_NTI.elf"  "ARM_NTI.hex"
Finished building: ARM_NTI.hex
 
Invoking: Cross ARM GNU Print Size
arm-none-eabi-size --format=berkeley "ARM_NTI.elf"
   text	   data	    bss	    dec	    hex	filename
   5962	    176	    444	   6582	   19b6	ARM_NTI.elf
Finished building: ARM_NTI.siz
 
14:40:30 **** Incremental Build of configuration Debug for project ARM_NTI ****
make all 
Building file: ../src/APP/VtoI/VtoI.c
Invoking: Cross ARM GNU C Compiler
arm-none-eabi-gcc -mcpu=cortex-m3 -mthumb -Og -fmessage-length=0 -fsigned-char -ffunction-sections -fdata-sections -ffreestanding -fno-move-loop-invariants -Wall -Wextra  -g3 -DDEBUG -DUSE_FULL_ASSERT -DTRACE -DOS_USE_TRACE_SEMIHOSTING_DEBUG -DSTM32F10X_MD -DUSE_STDPERIPH_DRIVER -DHSE_VALUE=8000000 -I"../include" -I"../system/include" -I"../system/include/cmsis" -I"../system/include/stm32f1-stdperiph" -std=gnu11 -MMD -MP -MF"src/APP/VtoI/VtoI.d" -MT"src/APP/VtoI/VtoI.o" -c -o "src/APP/VtoI/VtoI.o" "../src/APP/VtoI/VtoI.c"
Finished building: ../src/APP/VtoI/VtoI.c
 
Building target: ARM_NTI.elf
Invoking: Cross ARM GNU C++ Linker
arm-none-eabi-g++ -mcpu=cortex-m3 -mthumb -Og -fmessage-length=0 -fsigned-char -ffunction-sections -fdata-sections -ffreestanding -fno-move-loop-invariants -Wall -Wextra  -g3 -T mem.ld -T libs.ld -T sections.ld -nostartfiles -Xlinker --gc-sections -L"../ldscripts" -Wl,-Map,"ARM_NTI.map" --specs=nano.specs -o "ARM_NTI.elf"  ./system/src/stm32f1-stdperiph/misc.o ./system/src/stm32f1-stdperiph/stm32f10x_gpio.o ./system/src/stm32f1-stdperiph/stm32f10x_rcc.o  ./system/src/newlib/_cxx.o ./system/src/newlib/_exit.o ./system/src/newlib/_sbrk.o ./system/src/newlib/_startup.o ./system/src/newlib/_syscalls.o ./system/src/newlib/assert.o  ./system/src/diag/Trace.o ./system/src/diag/trace_impl.o  ./system/src/cortexm/_initialize_hardware.o ./system/src/cortexm/_reset_hardware.o ./system/src/cortexm/exception_handlers.o  ./system/src/cmsis/system_stm32f10x.o ./system/src/cmsis/vectors_stm32f10x.o  ./src/MCAL/UART/UART_Program.o  ./src/MCAL/TIMER/TIMER_PROGRAM.o  ./src/MCAL/SYSTICK/SYSTICK_Program.o  ./src/MCAL/SPI/SPI_Program.o  ./src/MCAL/RCC/RCC_Program.o  ./src/MCAL/NVIC/NVIC.o  ./src/MCAL/GPIO/GPIO_Program.o  ./src/MCAL/EXI_INTERRUPT/EX_Interrupt.o  ./src/MCAL/DMA/DMA_Program.o  ./src/MCAL/AFIO/AFIO.o  ./src/HAL/ULTRASONIC_SENSOR/ULTRASONIC_SENSOR_PROGRAM.o  ./src/HAL/MOTOR/MOTOR_Program.o  ./src/HAL/LCD/LCD_Program.o  ./src/HAL/ESP/ESP_Program.o  ./src/APP/VtoI/VtoI.o  ./src/main.o   
Finished building target: ARM_NTI.elf
 
Invoking: Cross ARM GNU Create Flash Image
arm-none-eabi-objcopy -O ihex "ARM_NTI.elf"  "ARM_NTI.hex"
Finished building: ARM_NTI.hex
 
Invoking: Cross ARM GNU Print Size
arm-none-eabi-size --format=berkeley "ARM_NTI.elf"
   text	   data	    bss	    dec	    hex	filename
   5994	    176	    444	   6614	   19d6	ARM_NTI.elf
Finished building: ARM_NTI.siz
 
14:40:41 **** Incremental Build of configuration Debug for project ARM_NTI ****
make all 
Invoking: Cross ARM GNU Print Size
arm-none-eabi-size --format=berkeley "ARM_NTI.elf"
   text	   data	    bss	    dec	    hex	filename
   5994	    176	    444	   6614	   19d6	ARM_NTI.elf
Finished building: ARM_NTI.siz
 
14:41:25 **** Incremental Build of configuration Debug for project ARM_NTI ****
make all 
Building file: ../src/APP/VtoI/VtoI.c
Invoking: Cross ARM GNU C Compiler
arm-none-eabi-gcc -mcpu=cortex-m3 -mthumb -Og -fmessage-length=0 -fsigned-char -ffunction-sections -fdata-sections -ffreestanding -fno-move-loop-invariants -Wall -Wextra  -g3 -DDEBUG -DUSE_FULL_ASSERT -DTRACE -DOS_USE_TRACE_SEMIHOSTING_DEBUG -DSTM32F10X_MD -DUSE_STDPERIPH_DRIVER -DHSE_VALUE=8000000 -I"../include" -I"../system/include" -I"../system/include/cmsis" -I"../system/include/stm32f1-stdperiph" -std=gnu11 -MMD -MP -MF"src/APP/VtoI/VtoI.d" -MT"src/APP/VtoI/VtoI.o" -c -o "src/APP/VtoI/VtoI.o" "../src/APP/VtoI/VtoI.c"
../src/APP/VtoI/VtoI.c: In function 'RX':
../src/APP/VtoI/VtoI.c:25:2: error: 'str' undeclared (first use in this function)
  str[i]=UART_Recieve();
  ^~~
../src/APP/VtoI/VtoI.c:25:2: note: each undeclared identifier is reported only once for each function it appears in
../src/APP/VtoI/VtoI.c:25:6: error: 'i' undeclared (first use in this function)
  str[i]=UART_Recieve();
      ^
../src/APP/VtoI/VtoI.c: In function 'RX2':
../src/APP/VtoI/VtoI.c:31:2: error: 'blu' undeclared (first use in this function)
  blu=UART2_Recieve();
  ^~~
make: *** [src/APP/VtoI/subdir.mk:20: src/APP/VtoI/VtoI.o] Error 1
14:41:42 **** Incremental Build of configuration Debug for project ARM_NTI ****
make all 
Building file: ../src/APP/VtoI/VtoI.c
Invoking: Cross ARM GNU C Compiler
arm-none-eabi-gcc -mcpu=cortex-m3 -mthumb -Og -fmessage-length=0 -fsigned-char -ffunction-sections -fdata-sections -ffreestanding -fno-move-loop-invariants -Wall -Wextra  -g3 -DDEBUG -DUSE_FULL_ASSERT -DTRACE -DOS_USE_TRACE_SEMIHOSTING_DEBUG -DSTM32F10X_MD -DUSE_STDPERIPH_DRIVER -DHSE_VALUE=8000000 -I"../include" -I"../system/include" -I"../system/include/cmsis" -I"../system/include/stm32f1-stdperiph" -std=gnu11 -MMD -MP -MF"src/APP/VtoI/VtoI.d" -MT"src/APP/VtoI/VtoI.o" -c -o "src/APP/VtoI/VtoI.o" "../src/APP/VtoI/VtoI.c"
Finished building: ../src/APP/VtoI/VtoI.c
 
Building target: ARM_NTI.elf
Invoking: Cross ARM GNU C++ Linker
arm-none-eabi-g++ -mcpu=cortex-m3 -mthumb -Og -fmessage-length=0 -fsigned-char -ffunction-sections -fdata-sections -ffreestanding -fno-move-loop-invariants -Wall -Wextra  -g3 -T mem.ld -T libs.ld -T sections.ld -nostartfiles -Xlinker --gc-sections -L"../ldscripts" -Wl,-Map,"ARM_NTI.map" --specs=nano.specs -o "ARM_NTI.elf"  ./system/src/stm32f1-stdperiph/misc.o ./system/src/stm32f1-stdperiph/stm32f10x_gpio.o ./system/src/stm32f1-stdperiph/stm32f10x_rcc.o  ./system/src/newlib/_cxx.o ./system/src/newlib/_exit.o ./system/src/newlib/_sbrk.o ./system/src/newlib/_startup.o ./system/src/newlib/_syscalls.o ./system/src/newlib/assert.o  ./system/src/diag/Trace.o ./system/src/diag/trace_impl.o  ./system/src/cortexm/_initialize_hardware.o ./system/src/cortexm/_reset_hardware.o ./system/src/cortexm/exception_handlers.o  ./system/src/cmsis/system_stm32f10x.o ./system/src/cmsis/vectors_stm32f10x.o  ./src/MCAL/UART/UART_Program.o  ./src/MCAL/TIMER/TIMER_PROGRAM.o  ./src/MCAL/SYSTICK/SYSTICK_Program.o  ./src/MCAL/SPI/SPI_Program.o  ./src/MCAL/RCC/RCC_Program.o  ./src/MCAL/NVIC/NVIC.o  ./src/MCAL/GPIO/GPIO_Program.o  ./src/MCAL/EXI_INTERRUPT/EX_Interrupt.o  ./src/MCAL/DMA/DMA_Program.o  ./src/MCAL/AFIO/AFIO.o  ./src/HAL/ULTRASONIC_SENSOR/ULTRASONIC_SENSOR_PROGRAM.o  ./src/HAL/MOTOR/MOTOR_Program.o  ./src/HAL/LCD/LCD_Program.o  ./src/HAL/ESP/ESP_Program.o  ./src/APP/VtoI/VtoI.o  ./src/main.o   
./src/main.o: In function `RX':
C:\Users\lenovo\Desktop\NTI\GitHub\ARM_STM32_NTIStudy\ARM_NTI\Debug/../src/main.c:45: multiple definition of `RX'
./src/APP/VtoI/VtoI.o:C:\Users\lenovo\Desktop\NTI\GitHub\ARM_STM32_NTIStudy\ARM_NTI\Debug/../src/APP/VtoI/VtoI.c:28: first defined here
./src/main.o:C:\Users\lenovo\Desktop\NTI\GitHub\ARM_STM32_NTIStudy\ARM_NTI\Debug/../src/main.c:36: multiple definition of `blu'
./src/APP/VtoI/VtoI.o:C:\Users\lenovo\Desktop\NTI\GitHub\ARM_STM32_NTIStudy\ARM_NTI\Debug/../src/APP/VtoI/VtoI.c:26: first defined here
./src/main.o:C:\Users\lenovo\Desktop\NTI\GitHub\ARM_STM32_NTIStudy\ARM_NTI\Debug/../src/main.c:34: multiple definition of `d'
./src/APP/VtoI/VtoI.o:C:\Users\lenovo\Desktop\NTI\GitHub\ARM_STM32_NTIStudy\ARM_NTI\Debug/../src/APP/VtoI/VtoI.c:25: first defined here
./src/main.o:C:\Users\lenovo\Desktop\NTI\GitHub\ARM_STM32_NTIStudy\ARM_NTI\Debug/../src/main.c:34: multiple definition of `t2'
./src/APP/VtoI/VtoI.o:C:\Users\lenovo\Desktop\NTI\GitHub\ARM_STM32_NTIStudy\ARM_NTI\Debug/../src/APP/VtoI/VtoI.c:25: first defined here
./src/main.o:C:\Users\lenovo\Desktop\NTI\GitHub\ARM_STM32_NTIStudy\ARM_NTI\Debug/../src/main.c:34: multiple definition of `t1'
./src/APP/VtoI/VtoI.o:C:\Users\lenovo\Desktop\NTI\GitHub\ARM_STM32_NTIStudy\ARM_NTI\Debug/../src/APP/VtoI/VtoI.c:25: first defined here
./src/main.o:C:\Users\lenovo\Desktop\NTI\GitHub\ARM_STM32_NTIStudy\ARM_NTI\Debug/../src/main.c:34: multiple definition of `t'
./src/APP/VtoI/VtoI.o:C:\Users\lenovo\Desktop\NTI\GitHub\ARM_STM32_NTIStudy\ARM_NTI\Debug/../src/APP/VtoI/VtoI.c:25: first defined here
./src/main.o:C:\Users\lenovo\Desktop\NTI\GitHub\ARM_STM32_NTIStudy\ARM_NTI\Debug/../src/main.c:33: multiple definition of `flag'
./src/APP/VtoI/VtoI.o:C:\Users\lenovo\Desktop\NTI\GitHub\ARM_STM32_NTIStudy\ARM_NTI\Debug/../src/APP/VtoI/VtoI.c:24: first defined here
./src/main.o:C:\Users\lenovo\Desktop\NTI\GitHub\ARM_STM32_NTIStudy\ARM_NTI\Debug/../src/main.c:33: multiple definition of `i'
./src/APP/VtoI/VtoI.o:C:\Users\lenovo\Desktop\NTI\GitHub\ARM_STM32_NTIStudy\ARM_NTI\Debug/../src/APP/VtoI/VtoI.c:24: first defined here
./src/main.o:C:\Users\lenovo\Desktop\NTI\GitHub\ARM_STM32_NTIStudy\ARM_NTI\Debug/../src/main.c:32: multiple definition of `str'
./src/APP/VtoI/VtoI.o:C:\Users\lenovo\Desktop\NTI\GitHub\ARM_STM32_NTIStudy\ARM_NTI\Debug/../src/APP/VtoI/VtoI.c:23: first defined here
collect2.exe: error: ld returned 1 exit status
make: *** [makefile:79: ARM_NTI.elf] Error 1
14:42:06 **** Incremental Build of configuration Debug for project ARM_NTI ****
make all 
Building file: ../src/main.c
Invoking: Cross ARM GNU C Compiler
arm-none-eabi-gcc -mcpu=cortex-m3 -mthumb -Og -fmessage-length=0 -fsigned-char -ffunction-sections -fdata-sections -ffreestanding -fno-move-loop-invariants -Wall -Wextra  -g3 -DDEBUG -DUSE_FULL_ASSERT -DTRACE -DOS_USE_TRACE_SEMIHOSTING_DEBUG -DSTM32F10X_MD -DUSE_STDPERIPH_DRIVER -DHSE_VALUE=8000000 -I"../include" -I"../system/include" -I"../system/include/cmsis" -I"../system/include/stm32f1-stdperiph" -std=gnu11 -MMD -MP -MF"src/main.d" -MT"src/main.o" -c -o "src/main.o" "../src/main.c"
../src/main.c: In function 'main':
../src/main.c:62:3: error: 'blu' undeclared (first use in this function)
   blu=UART_Recieve();
   ^~~
../src/main.c:62:3: note: each undeclared identifier is reported only once for each function it appears in
make: *** [src/subdir.mk:20: src/main.o] Error 1
14:47:16 **** Incremental Build of configuration Debug for project ARM_NTI ****
make all 
Building file: ../src/APP/VtoI/VtoI.c
Invoking: Cross ARM GNU C Compiler
arm-none-eabi-gcc -mcpu=cortex-m3 -mthumb -Og -fmessage-length=0 -fsigned-char -ffunction-sections -fdata-sections -ffreestanding -fno-move-loop-invariants -Wall -Wextra  -g3 -DDEBUG -DUSE_FULL_ASSERT -DTRACE -DOS_USE_TRACE_SEMIHOSTING_DEBUG -DSTM32F10X_MD -DUSE_STDPERIPH_DRIVER -DHSE_VALUE=8000000 -I"../include" -I"../system/include" -I"../system/include/cmsis" -I"../system/include/stm32f1-stdperiph" -std=gnu11 -MMD -MP -MF"src/APP/VtoI/VtoI.d" -MT"src/APP/VtoI/VtoI.o" -c -o "src/APP/VtoI/VtoI.o" "../src/APP/VtoI/VtoI.c"
Finished building: ../src/APP/VtoI/VtoI.c
 
Building file: ../src/main.c
Invoking: Cross ARM GNU C Compiler
arm-none-eabi-gcc -mcpu=cortex-m3 -mthumb -Og -fmessage-length=0 -fsigned-char -ffunction-sections -fdata-sections -ffreestanding -fno-move-loop-invariants -Wall -Wextra  -g3 -DDEBUG -DUSE_FULL_ASSERT -DTRACE -DOS_USE_TRACE_SEMIHOSTING_DEBUG -DSTM32F10X_MD -DUSE_STDPERIPH_DRIVER -DHSE_VALUE=8000000 -I"../include" -I"../system/include" -I"../system/include/cmsis" -I"../system/include/stm32f1-stdperiph" -std=gnu11 -MMD -MP -MF"src/main.d" -MT"src/main.o" -c -o "src/main.o" "../src/main.c"
../src/main.c: In function 'main':
../src/main.c:62:3: error: 'blu' undeclared (first use in this function)
   blu=UART_Recieve();
   ^~~
../src/main.c:62:3: note: each undeclared identifier is reported only once for each function it appears in
make: *** [src/subdir.mk:20: src/main.o] Error 1
14:48:18 **** Incremental Build of configuration Debug for project ARM_NTI ****
make all 
Building file: ../src/APP/VtoI/VtoI.c
Invoking: Cross ARM GNU C Compiler
arm-none-eabi-gcc -mcpu=cortex-m3 -mthumb -Og -fmessage-length=0 -fsigned-char -ffunction-sections -fdata-sections -ffreestanding -fno-move-loop-invariants -Wall -Wextra  -g3 -DDEBUG -DUSE_FULL_ASSERT -DTRACE -DOS_USE_TRACE_SEMIHOSTING_DEBUG -DSTM32F10X_MD -DUSE_STDPERIPH_DRIVER -DHSE_VALUE=8000000 -I"../include" -I"../system/include" -I"../system/include/cmsis" -I"../system/include/stm32f1-stdperiph" -std=gnu11 -MMD -MP -MF"src/APP/VtoI/VtoI.d" -MT"src/APP/VtoI/VtoI.o" -c -o "src/APP/VtoI/VtoI.o" "../src/APP/VtoI/VtoI.c"
../src/APP/VtoI/VtoI.c: In function 'VtoI_Init':
../src/APP/VtoI/VtoI.c:44:22: error: 'RX1' undeclared (first use in this function); did you mean 'RX'?
  UART_RX_SetCallBack(RX1);
                      ^~~
                      RX
../src/APP/VtoI/VtoI.c:44:22: note: each undeclared identifier is reported only once for each function it appears in
../src/APP/VtoI/VtoI.c:48:23: error: 'RX2' undeclared (first use in this function); did you mean 'RX1'?
  UART2_RX_SetCallBack(RX2);
                       ^~~
                       RX1
../src/APP/VtoI/VtoI.c: At top level:
../src/APP/VtoI/VtoI.c:61:1: error: two or more data types in declaration specifiers
 void CAR_Init(void)
 ^~~~
make: *** [src/APP/VtoI/subdir.mk:20: src/APP/VtoI/VtoI.o] Error 1
14:48:31 **** Incremental Build of configuration Debug for project ARM_NTI ****
make all 
Building file: ../src/APP/VtoI/VtoI.c
Invoking: Cross ARM GNU C Compiler
arm-none-eabi-gcc -mcpu=cortex-m3 -mthumb -Og -fmessage-length=0 -fsigned-char -ffunction-sections -fdata-sections -ffreestanding -fno-move-loop-invariants -Wall -Wextra  -g3 -DDEBUG -DUSE_FULL_ASSERT -DTRACE -DOS_USE_TRACE_SEMIHOSTING_DEBUG -DSTM32F10X_MD -DUSE_STDPERIPH_DRIVER -DHSE_VALUE=8000000 -I"../include" -I"../system/include" -I"../system/include/cmsis" -I"../system/include/stm32f1-stdperiph" -std=gnu11 -MMD -MP -MF"src/APP/VtoI/VtoI.d" -MT"src/APP/VtoI/VtoI.o" -c -o "src/APP/VtoI/VtoI.o" "../src/APP/VtoI/VtoI.c"
../src/APP/VtoI/VtoI.c: In function 'VtoI_Init':
../src/APP/VtoI/VtoI.c:44:22: error: 'RX1' undeclared (first use in this function); did you mean 'RX'?
  UART_RX_SetCallBack(RX1);
                      ^~~
                      RX
../src/APP/VtoI/VtoI.c:44:22: note: each undeclared identifier is reported only once for each function it appears in
../src/APP/VtoI/VtoI.c:48:23: error: 'RX2' undeclared (first use in this function); did you mean 'RX1'?
  UART2_RX_SetCallBack(RX2);
                       ^~~
                       RX1
../src/APP/VtoI/VtoI.c: At top level:
../src/APP/VtoI/VtoI.c:61:1: error: two or more data types in declaration specifiers
 void CAR_Init(void)
 ^~~~
make: *** [src/APP/VtoI/subdir.mk:20: src/APP/VtoI/VtoI.o] Error 1
14:48:56 **** Incremental Build of configuration Debug for project ARM_NTI ****
make all 
Building file: ../src/APP/VtoI/VtoI.c
Invoking: Cross ARM GNU C Compiler
arm-none-eabi-gcc -mcpu=cortex-m3 -mthumb -Og -fmessage-length=0 -fsigned-char -ffunction-sections -fdata-sections -ffreestanding -fno-move-loop-invariants -Wall -Wextra  -g3 -DDEBUG -DUSE_FULL_ASSERT -DTRACE -DOS_USE_TRACE_SEMIHOSTING_DEBUG -DSTM32F10X_MD -DUSE_STDPERIPH_DRIVER -DHSE_VALUE=8000000 -I"../include" -I"../system/include" -I"../system/include/cmsis" -I"../system/include/stm32f1-stdperiph" -std=gnu11 -MMD -MP -MF"src/APP/VtoI/VtoI.d" -MT"src/APP/VtoI/VtoI.o" -c -o "src/APP/VtoI/VtoI.o" "../src/APP/VtoI/VtoI.c"
../src/APP/VtoI/VtoI.c:61:1: error: two or more data types in declaration specifiers
 void CAR_Init(void)
 ^~~~
make: *** [src/APP/VtoI/subdir.mk:20: src/APP/VtoI/VtoI.o] Error 1
15:00:14 **** Incremental Build of configuration Debug for project ARM_NTI ****
make all 
Building file: ../src/APP/VtoI/VtoI.c
Invoking: Cross ARM GNU C Compiler
arm-none-eabi-gcc -mcpu=cortex-m3 -mthumb -Og -fmessage-length=0 -fsigned-char -ffunction-sections -fdata-sections -ffreestanding -fno-move-loop-invariants -Wall -Wextra  -g3 -DDEBUG -DUSE_FULL_ASSERT -DTRACE -DOS_USE_TRACE_SEMIHOSTING_DEBUG -DSTM32F10X_MD -DUSE_STDPERIPH_DRIVER -DHSE_VALUE=8000000 -I"../include" -I"../system/include" -I"../system/include/cmsis" -I"../system/include/stm32f1-stdperiph" -std=gnu11 -MMD -MP -MF"src/APP/VtoI/VtoI.d" -MT"src/APP/VtoI/VtoI.o" -c -o "src/APP/VtoI/VtoI.o" "../src/APP/VtoI/VtoI.c"
Finished building: ../src/APP/VtoI/VtoI.c
 
Building file: ../src/main.c
Invoking: Cross ARM GNU C Compiler
arm-none-eabi-gcc -mcpu=cortex-m3 -mthumb -Og -fmessage-length=0 -fsigned-char -ffunction-sections -fdata-sections -ffreestanding -fno-move-loop-invariants -Wall -Wextra  -g3 -DDEBUG -DUSE_FULL_ASSERT -DTRACE -DOS_USE_TRACE_SEMIHOSTING_DEBUG -DSTM32F10X_MD -DUSE_STDPERIPH_DRIVER -DHSE_VALUE=8000000 -I"../include" -I"../system/include" -I"../system/include/cmsis" -I"../system/include/stm32f1-stdperiph" -std=gnu11 -MMD -MP -MF"src/main.d" -MT"src/main.o" -c -o "src/main.o" "../src/main.c"
../src/main.c: In function 'main':
../src/main.c:62:3: error: 'blu' undeclared (first use in this function)
   blu=UART_Recieve();
   ^~~
../src/main.c:62:3: note: each undeclared identifier is reported only once for each function it appears in
make: *** [src/subdir.mk:20: src/main.o] Error 1
15:01:52 **** Incremental Build of configuration Debug for project ARM_NTI ****
make all 
Building file: ../src/APP/VtoI/VtoI.c
Invoking: Cross ARM GNU C Compiler
arm-none-eabi-gcc -mcpu=cortex-m3 -mthumb -Og -fmessage-length=0 -fsigned-char -ffunction-sections -fdata-sections -ffreestanding -fno-move-loop-invariants -Wall -Wextra  -g3 -DDEBUG -DUSE_FULL_ASSERT -DTRACE -DOS_USE_TRACE_SEMIHOSTING_DEBUG -DSTM32F10X_MD -DUSE_STDPERIPH_DRIVER -DHSE_VALUE=8000000 -I"../include" -I"../system/include" -I"../system/include/cmsis" -I"../system/include/stm32f1-stdperiph" -std=gnu11 -MMD -MP -MF"src/APP/VtoI/VtoI.d" -MT"src/APP/VtoI/VtoI.o" -c -o "src/APP/VtoI/VtoI.o" "../src/APP/VtoI/VtoI.c"
../src/APP/VtoI/VtoI.c: In function 'RC_Control':
../src/APP/VtoI/VtoI.c:59:2: error: 'bluetooth' undeclared (first use in this function); did you mean 'bluetoothetooth'?
  bluetooth=UART_Recieve();
  ^~~~~~~~~
  bluetoothetooth
../src/APP/VtoI/VtoI.c:59:2: note: each undeclared identifier is reported only once for each function it appears in
../src/APP/VtoI/VtoI.c: In function 'RX2':
../src/APP/VtoI/VtoI.c:136:2: error: 'bluetooth' undeclared (first use in this function); did you mean 'bluetoothetooth'?
  bluetooth=UART2_Recieve();
  ^~~~~~~~~
  bluetoothetooth
make: *** [src/APP/VtoI/subdir.mk:20: src/APP/VtoI/VtoI.o] Error 1
15:02:16 **** Incremental Build of configuration Debug for project ARM_NTI ****
make all 
Building file: ../src/APP/VtoI/VtoI.c
Invoking: Cross ARM GNU C Compiler
arm-none-eabi-gcc -mcpu=cortex-m3 -mthumb -Og -fmessage-length=0 -fsigned-char -ffunction-sections -fdata-sections -ffreestanding -fno-move-loop-invariants -Wall -Wextra  -g3 -DDEBUG -DUSE_FULL_ASSERT -DTRACE -DOS_USE_TRACE_SEMIHOSTING_DEBUG -DSTM32F10X_MD -DUSE_STDPERIPH_DRIVER -DHSE_VALUE=8000000 -I"../include" -I"../system/include" -I"../system/include/cmsis" -I"../system/include/stm32f1-stdperiph" -std=gnu11 -MMD -MP -MF"src/APP/VtoI/VtoI.d" -MT"src/APP/VtoI/VtoI.o" -c -o "src/APP/VtoI/VtoI.o" "../src/APP/VtoI/VtoI.c"
../src/APP/VtoI/VtoI.c: In function 'RC_Control':
../src/APP/VtoI/VtoI.c:59:2: error: 'bluetooth' undeclared (first use in this function); did you mean 'bluetoothetooth'?
  bluetooth=UART_Recieve();
  ^~~~~~~~~
  bluetoothetooth
../src/APP/VtoI/VtoI.c:59:2: note: each undeclared identifier is reported only once for each function it appears in
make: *** [src/APP/VtoI/subdir.mk:20: src/APP/VtoI/VtoI.o] Error 1
15:02:34 **** Incremental Build of configuration Debug for project ARM_NTI ****
make all 
Building file: ../src/APP/VtoI/VtoI.c
Invoking: Cross ARM GNU C Compiler
arm-none-eabi-gcc -mcpu=cortex-m3 -mthumb -Og -fmessage-length=0 -fsigned-char -ffunction-sections -fdata-sections -ffreestanding -fno-move-loop-invariants -Wall -Wextra  -g3 -DDEBUG -DUSE_FULL_ASSERT -DTRACE -DOS_USE_TRACE_SEMIHOSTING_DEBUG -DSTM32F10X_MD -DUSE_STDPERIPH_DRIVER -DHSE_VALUE=8000000 -I"../include" -I"../system/include" -I"../system/include/cmsis" -I"../system/include/stm32f1-stdperiph" -std=gnu11 -MMD -MP -MF"src/APP/VtoI/VtoI.d" -MT"src/APP/VtoI/VtoI.o" -c -o "src/APP/VtoI/VtoI.o" "../src/APP/VtoI/VtoI.c"
Finished building: ../src/APP/VtoI/VtoI.c
 
Building file: ../src/main.c
Invoking: Cross ARM GNU C Compiler
arm-none-eabi-gcc -mcpu=cortex-m3 -mthumb -Og -fmessage-length=0 -fsigned-char -ffunction-sections -fdata-sections -ffreestanding -fno-move-loop-invariants -Wall -Wextra  -g3 -DDEBUG -DUSE_FULL_ASSERT -DTRACE -DOS_USE_TRACE_SEMIHOSTING_DEBUG -DSTM32F10X_MD -DUSE_STDPERIPH_DRIVER -DHSE_VALUE=8000000 -I"../include" -I"../system/include" -I"../system/include/cmsis" -I"../system/include/stm32f1-stdperiph" -std=gnu11 -MMD -MP -MF"src/main.d" -MT"src/main.o" -c -o "src/main.o" "../src/main.c"
../src/main.c: In function 'main':
../src/main.c:62:3: error: 'blu' undeclared (first use in this function)
   blu=UART_Recieve();
   ^~~
../src/main.c:62:3: note: each undeclared identifier is reported only once for each function it appears in
make: *** [src/subdir.mk:20: src/main.o] Error 1
15:02:40 **** Incremental Build of configuration Debug for project ARM_NTI ****
make all 
Building file: ../src/main.c
Invoking: Cross ARM GNU C Compiler
arm-none-eabi-gcc -mcpu=cortex-m3 -mthumb -Og -fmessage-length=0 -fsigned-char -ffunction-sections -fdata-sections -ffreestanding -fno-move-loop-invariants -Wall -Wextra  -g3 -DDEBUG -DUSE_FULL_ASSERT -DTRACE -DOS_USE_TRACE_SEMIHOSTING_DEBUG -DSTM32F10X_MD -DUSE_STDPERIPH_DRIVER -DHSE_VALUE=8000000 -I"../include" -I"../system/include" -I"../system/include/cmsis" -I"../system/include/stm32f1-stdperiph" -std=gnu11 -MMD -MP -MF"src/main.d" -MT"src/main.o" -c -o "src/main.o" "../src/main.c"
Finished building: ../src/main.c
 
Building target: ARM_NTI.elf
Invoking: Cross ARM GNU C++ Linker
arm-none-eabi-g++ -mcpu=cortex-m3 -mthumb -Og -fmessage-length=0 -fsigned-char -ffunction-sections -fdata-sections -ffreestanding -fno-move-loop-invariants -Wall -Wextra  -g3 -T mem.ld -T libs.ld -T sections.ld -nostartfiles -Xlinker --gc-sections -L"../ldscripts" -Wl,-Map,"ARM_NTI.map" --specs=nano.specs -o "ARM_NTI.elf"  ./system/src/stm32f1-stdperiph/misc.o ./system/src/stm32f1-stdperiph/stm32f10x_gpio.o ./system/src/stm32f1-stdperiph/stm32f10x_rcc.o  ./system/src/newlib/_cxx.o ./system/src/newlib/_exit.o ./system/src/newlib/_sbrk.o ./system/src/newlib/_startup.o ./system/src/newlib/_syscalls.o ./system/src/newlib/assert.o  ./system/src/diag/Trace.o ./system/src/diag/trace_impl.o  ./system/src/cortexm/_initialize_hardware.o ./system/src/cortexm/_reset_hardware.o ./system/src/cortexm/exception_handlers.o  ./system/src/cmsis/system_stm32f10x.o ./system/src/cmsis/vectors_stm32f10x.o  ./src/MCAL/UART/UART_Program.o  ./src/MCAL/TIMER/TIMER_PROGRAM.o  ./src/MCAL/SYSTICK/SYSTICK_Program.o  ./src/MCAL/SPI/SPI_Program.o  ./src/MCAL/RCC/RCC_Program.o  ./src/MCAL/NVIC/NVIC.o  ./src/MCAL/GPIO/GPIO_Program.o  ./src/MCAL/EXI_INTERRUPT/EX_Interrupt.o  ./src/MCAL/DMA/DMA_Program.o  ./src/MCAL/AFIO/AFIO.o  ./src/HAL/ULTRASONIC_SENSOR/ULTRASONIC_SENSOR_PROGRAM.o  ./src/HAL/MOTOR/MOTOR_Program.o  ./src/HAL/LCD/LCD_Program.o  ./src/HAL/ESP/ESP_Program.o  ./src/APP/VtoI/VtoI.o  ./src/main.o   
Finished building target: ARM_NTI.elf
 
Invoking: Cross ARM GNU Create Flash Image
arm-none-eabi-objcopy -O ihex "ARM_NTI.elf"  "ARM_NTI.hex"
Finished building: ARM_NTI.hex
 
Invoking: Cross ARM GNU Print Size
arm-none-eabi-size --format=berkeley "ARM_NTI.elf"
   text	   data	    bss	    dec	    hex	filename
   4687	    176	    440	   5303	   14b7	ARM_NTI.elf
Finished building: ARM_NTI.siz
 
15:03:44 **** Incremental Build of configuration Debug for project ARM_NTI ****
make all 
Building file: ../src/HAL/MOTOR/MOTOR_Program.c
Invoking: Cross ARM GNU C Compiler
arm-none-eabi-gcc -mcpu=cortex-m3 -mthumb -Og -fmessage-length=0 -fsigned-char -ffunction-sections -fdata-sections -ffreestanding -fno-move-loop-invariants -Wall -Wextra  -g3 -DDEBUG -DUSE_FULL_ASSERT -DTRACE -DOS_USE_TRACE_SEMIHOSTING_DEBUG -DSTM32F10X_MD -DUSE_STDPERIPH_DRIVER -DHSE_VALUE=8000000 -I"../include" -I"../system/include" -I"../system/include/cmsis" -I"../system/include/stm32f1-stdperiph" -std=gnu11 -MMD -MP -MF"src/HAL/MOTOR/MOTOR_Program.d" -MT"src/HAL/MOTOR/MOTOR_Program.o" -c -o "src/HAL/MOTOR/MOTOR_Program.o" "../src/HAL/MOTOR/MOTOR_Program.c"
Finished building: ../src/HAL/MOTOR/MOTOR_Program.c
 
Building target: ARM_NTI.elf
Invoking: Cross ARM GNU C++ Linker
arm-none-eabi-g++ -mcpu=cortex-m3 -mthumb -Og -fmessage-length=0 -fsigned-char -ffunction-sections -fdata-sections -ffreestanding -fno-move-loop-invariants -Wall -Wextra  -g3 -T mem.ld -T libs.ld -T sections.ld -nostartfiles -Xlinker --gc-sections -L"../ldscripts" -Wl,-Map,"ARM_NTI.map" --specs=nano.specs -o "ARM_NTI.elf"  ./system/src/stm32f1-stdperiph/misc.o ./system/src/stm32f1-stdperiph/stm32f10x_gpio.o ./system/src/stm32f1-stdperiph/stm32f10x_rcc.o  ./system/src/newlib/_cxx.o ./system/src/newlib/_exit.o ./system/src/newlib/_sbrk.o ./system/src/newlib/_startup.o ./system/src/newlib/_syscalls.o ./system/src/newlib/assert.o  ./system/src/diag/Trace.o ./system/src/diag/trace_impl.o  ./system/src/cortexm/_initialize_hardware.o ./system/src/cortexm/_reset_hardware.o ./system/src/cortexm/exception_handlers.o  ./system/src/cmsis/system_stm32f10x.o ./system/src/cmsis/vectors_stm32f10x.o  ./src/MCAL/UART/UART_Program.o  ./src/MCAL/TIMER/TIMER_PROGRAM.o  ./src/MCAL/SYSTICK/SYSTICK_Program.o  ./src/MCAL/SPI/SPI_Program.o  ./src/MCAL/RCC/RCC_Program.o  ./src/MCAL/NVIC/NVIC.o  ./src/MCAL/GPIO/GPIO_Program.o  ./src/MCAL/EXI_INTERRUPT/EX_Interrupt.o  ./src/MCAL/DMA/DMA_Program.o  ./src/MCAL/AFIO/AFIO.o  ./src/HAL/ULTRASONIC_SENSOR/ULTRASONIC_SENSOR_PROGRAM.o  ./src/HAL/MOTOR/MOTOR_Program.o  ./src/HAL/LCD/LCD_Program.o  ./src/HAL/ESP/ESP_Program.o  ./src/APP/VtoI/VtoI.o  ./src/main.o   
Finished building target: ARM_NTI.elf
 
Invoking: Cross ARM GNU Create Flash Image
arm-none-eabi-objcopy -O ihex "ARM_NTI.elf"  "ARM_NTI.hex"
Finished building: ARM_NTI.hex
 
Invoking: Cross ARM GNU Print Size
arm-none-eabi-size --format=berkeley "ARM_NTI.elf"
   text	   data	    bss	    dec	    hex	filename
   4687	    176	    440	   5303	   14b7	ARM_NTI.elf
Finished building: ARM_NTI.siz
 
15:04:16 **** Incremental Build of configuration Debug for project ARM_NTI ****
make all 
Building file: ../src/APP/VtoI/VtoI.c
Invoking: Cross ARM GNU C Compiler
arm-none-eabi-gcc -mcpu=cortex-m3 -mthumb -Og -fmessage-length=0 -fsigned-char -ffunction-sections -fdata-sections -ffreestanding -fno-move-loop-invariants -Wall -Wextra  -g3 -DDEBUG -DUSE_FULL_ASSERT -DTRACE -DOS_USE_TRACE_SEMIHOSTING_DEBUG -DSTM32F10X_MD -DUSE_STDPERIPH_DRIVER -DHSE_VALUE=8000000 -I"../include" -I"../system/include" -I"../system/include/cmsis" -I"../system/include/stm32f1-stdperiph" -std=gnu11 -MMD -MP -MF"src/APP/VtoI/VtoI.d" -MT"src/APP/VtoI/VtoI.o" -c -o "src/APP/VtoI/VtoI.o" "../src/APP/VtoI/VtoI.c"
../src/APP/VtoI/VtoI.c: In function 'CAR_Init':
../src/APP/VtoI/VtoI.c:87:2: warning: implicit declaration of function 'MOTOR_ENABLE'; did you mean 'MOTOR_Speed'? [-Wimplicit-function-declaration]
  MOTOR_ENABLE();
  ^~~~~~~~~~~~
  MOTOR_Speed
Finished building: ../src/APP/VtoI/VtoI.c
 
Building target: ARM_NTI.elf
Invoking: Cross ARM GNU C++ Linker
arm-none-eabi-g++ -mcpu=cortex-m3 -mthumb -Og -fmessage-length=0 -fsigned-char -ffunction-sections -fdata-sections -ffreestanding -fno-move-loop-invariants -Wall -Wextra  -g3 -T mem.ld -T libs.ld -T sections.ld -nostartfiles -Xlinker --gc-sections -L"../ldscripts" -Wl,-Map,"ARM_NTI.map" --specs=nano.specs -o "ARM_NTI.elf"  ./system/src/stm32f1-stdperiph/misc.o ./system/src/stm32f1-stdperiph/stm32f10x_gpio.o ./system/src/stm32f1-stdperiph/stm32f10x_rcc.o  ./system/src/newlib/_cxx.o ./system/src/newlib/_exit.o ./system/src/newlib/_sbrk.o ./system/src/newlib/_startup.o ./system/src/newlib/_syscalls.o ./system/src/newlib/assert.o  ./system/src/diag/Trace.o ./system/src/diag/trace_impl.o  ./system/src/cortexm/_initialize_hardware.o ./system/src/cortexm/_reset_hardware.o ./system/src/cortexm/exception_handlers.o  ./system/src/cmsis/system_stm32f10x.o ./system/src/cmsis/vectors_stm32f10x.o  ./src/MCAL/UART/UART_Program.o  ./src/MCAL/TIMER/TIMER_PROGRAM.o  ./src/MCAL/SYSTICK/SYSTICK_Program.o  ./src/MCAL/SPI/SPI_Program.o  ./src/MCAL/RCC/RCC_Program.o  ./src/MCAL/NVIC/NVIC.o  ./src/MCAL/GPIO/GPIO_Program.o  ./src/MCAL/EXI_INTERRUPT/EX_Interrupt.o  ./src/MCAL/DMA/DMA_Program.o  ./src/MCAL/AFIO/AFIO.o  ./src/HAL/ULTRASONIC_SENSOR/ULTRASONIC_SENSOR_PROGRAM.o  ./src/HAL/MOTOR/MOTOR_Program.o  ./src/HAL/LCD/LCD_Program.o  ./src/HAL/ESP/ESP_Program.o  ./src/APP/VtoI/VtoI.o  ./src/main.o   
Finished building target: ARM_NTI.elf
 
Invoking: Cross ARM GNU Create Flash Image
arm-none-eabi-objcopy -O ihex "ARM_NTI.elf"  "ARM_NTI.hex"
Finished building: ARM_NTI.hex
 
Invoking: Cross ARM GNU Print Size
arm-none-eabi-size --format=berkeley "ARM_NTI.elf"
   text	   data	    bss	    dec	    hex	filename
   4687	    176	    440	   5303	   14b7	ARM_NTI.elf
Finished building: ARM_NTI.siz
 
15:04:59 **** Incremental Build of configuration Debug for project ARM_NTI ****
make all 
Building file: ../src/HAL/MOTOR/MOTOR_Program.c
Invoking: Cross ARM GNU C Compiler
arm-none-eabi-gcc -mcpu=cortex-m3 -mthumb -Og -fmessage-length=0 -fsigned-char -ffunction-sections -fdata-sections -ffreestanding -fno-move-loop-invariants -Wall -Wextra  -g3 -DDEBUG -DUSE_FULL_ASSERT -DTRACE -DOS_USE_TRACE_SEMIHOSTING_DEBUG -DSTM32F10X_MD -DUSE_STDPERIPH_DRIVER -DHSE_VALUE=8000000 -I"../include" -I"../system/include" -I"../system/include/cmsis" -I"../system/include/stm32f1-stdperiph" -std=gnu11 -MMD -MP -MF"src/HAL/MOTOR/MOTOR_Program.d" -MT"src/HAL/MOTOR/MOTOR_Program.o" -c -o "src/HAL/MOTOR/MOTOR_Program.o" "../src/HAL/MOTOR/MOTOR_Program.c"
Finished building: ../src/HAL/MOTOR/MOTOR_Program.c
 
Building file: ../src/APP/VtoI/VtoI.c
Invoking: Cross ARM GNU C Compiler
arm-none-eabi-gcc -mcpu=cortex-m3 -mthumb -Og -fmessage-length=0 -fsigned-char -ffunction-sections -fdata-sections -ffreestanding -fno-move-loop-invariants -Wall -Wextra  -g3 -DDEBUG -DUSE_FULL_ASSERT -DTRACE -DOS_USE_TRACE_SEMIHOSTING_DEBUG -DSTM32F10X_MD -DUSE_STDPERIPH_DRIVER -DHSE_VALUE=8000000 -I"../include" -I"../system/include" -I"../system/include/cmsis" -I"../system/include/stm32f1-stdperiph" -std=gnu11 -MMD -MP -MF"src/APP/VtoI/VtoI.d" -MT"src/APP/VtoI/VtoI.o" -c -o "src/APP/VtoI/VtoI.o" "../src/APP/VtoI/VtoI.c"
Finished building: ../src/APP/VtoI/VtoI.c
 
Building file: ../src/main.c
Invoking: Cross ARM GNU C Compiler
arm-none-eabi-gcc -mcpu=cortex-m3 -mthumb -Og -fmessage-length=0 -fsigned-char -ffunction-sections -fdata-sections -ffreestanding -fno-move-loop-invariants -Wall -Wextra  -g3 -DDEBUG -DUSE_FULL_ASSERT -DTRACE -DOS_USE_TRACE_SEMIHOSTING_DEBUG -DSTM32F10X_MD -DUSE_STDPERIPH_DRIVER -DHSE_VALUE=8000000 -I"../include" -I"../system/include" -I"../system/include/cmsis" -I"../system/include/stm32f1-stdperiph" -std=gnu11 -MMD -MP -MF"src/main.d" -MT"src/main.o" -c -o "src/main.o" "../src/main.c"
Finished building: ../src/main.c
 
Building target: ARM_NTI.elf
Invoking: Cross ARM GNU C++ Linker
arm-none-eabi-g++ -mcpu=cortex-m3 -mthumb -Og -fmessage-length=0 -fsigned-char -ffunction-sections -fdata-sections -ffreestanding -fno-move-loop-invariants -Wall -Wextra  -g3 -T mem.ld -T libs.ld -T sections.ld -nostartfiles -Xlinker --gc-sections -L"../ldscripts" -Wl,-Map,"ARM_NTI.map" --specs=nano.specs -o "ARM_NTI.elf"  ./system/src/stm32f1-stdperiph/misc.o ./system/src/stm32f1-stdperiph/stm32f10x_gpio.o ./system/src/stm32f1-stdperiph/stm32f10x_rcc.o  ./system/src/newlib/_cxx.o ./system/src/newlib/_exit.o ./system/src/newlib/_sbrk.o ./system/src/newlib/_startup.o ./system/src/newlib/_syscalls.o ./system/src/newlib/assert.o  ./system/src/diag/Trace.o ./system/src/diag/trace_impl.o  ./system/src/cortexm/_initialize_hardware.o ./system/src/cortexm/_reset_hardware.o ./system/src/cortexm/exception_handlers.o  ./system/src/cmsis/system_stm32f10x.o ./system/src/cmsis/vectors_stm32f10x.o  ./src/MCAL/UART/UART_Program.o  ./src/MCAL/TIMER/TIMER_PROGRAM.o  ./src/MCAL/SYSTICK/SYSTICK_Program.o  ./src/MCAL/SPI/SPI_Program.o  ./src/MCAL/RCC/RCC_Program.o  ./src/MCAL/NVIC/NVIC.o  ./src/MCAL/GPIO/GPIO_Program.o  ./src/MCAL/EXI_INTERRUPT/EX_Interrupt.o  ./src/MCAL/DMA/DMA_Program.o  ./src/MCAL/AFIO/AFIO.o  ./src/HAL/ULTRASONIC_SENSOR/ULTRASONIC_SENSOR_PROGRAM.o  ./src/HAL/MOTOR/MOTOR_Program.o  ./src/HAL/LCD/LCD_Program.o  ./src/HAL/ESP/ESP_Program.o  ./src/APP/VtoI/VtoI.o  ./src/main.o   
Finished building target: ARM_NTI.elf
 
Invoking: Cross ARM GNU Create Flash Image
arm-none-eabi-objcopy -O ihex "ARM_NTI.elf"  "ARM_NTI.hex"
Finished building: ARM_NTI.hex
 
Invoking: Cross ARM GNU Print Size
arm-none-eabi-size --format=berkeley "ARM_NTI.elf"
   text	   data	    bss	    dec	    hex	filename
   4687	    176	    440	   5303	   14b7	ARM_NTI.elf
Finished building: ARM_NTI.siz
 
15:06:12 **** Incremental Build of configuration Debug for project ARM_NTI ****
make all 
Building file: ../src/main.c
Invoking: Cross ARM GNU C Compiler
arm-none-eabi-gcc -mcpu=cortex-m3 -mthumb -Og -fmessage-length=0 -fsigned-char -ffunction-sections -fdata-sections -ffreestanding -fno-move-loop-invariants -Wall -Wextra  -g3 -DDEBUG -DUSE_FULL_ASSERT -DTRACE -DOS_USE_TRACE_SEMIHOSTING_DEBUG -DSTM32F10X_MD -DUSE_STDPERIPH_DRIVER -DHSE_VALUE=8000000 -I"../include" -I"../system/include" -I"../system/include/cmsis" -I"../system/include/stm32f1-stdperiph" -std=gnu11 -MMD -MP -MF"src/main.d" -MT"src/main.o" -c -o "src/main.o" "../src/main.c"
../src/main.c: In function 'main':
../src/main.c:35:2: warning: implicit declaration of function 'VtoI_Init'; did you mean 'EXI_Init'? [-Wimplicit-function-declaration]
  VtoI_Init();
  ^~~~~~~~~
  EXI_Init
../src/main.c:39:3: warning: implicit declaration of function 'RC_Control' [-Wimplicit-function-declaration]
   RC_Control();
   ^~~~~~~~~~
Finished building: ../src/main.c
 
Building target: ARM_NTI.elf
Invoking: Cross ARM GNU C++ Linker
arm-none-eabi-g++ -mcpu=cortex-m3 -mthumb -Og -fmessage-length=0 -fsigned-char -ffunction-sections -fdata-sections -ffreestanding -fno-move-loop-invariants -Wall -Wextra  -g3 -T mem.ld -T libs.ld -T sections.ld -nostartfiles -Xlinker --gc-sections -L"../ldscripts" -Wl,-Map,"ARM_NTI.map" --specs=nano.specs -o "ARM_NTI.elf"  ./system/src/stm32f1-stdperiph/misc.o ./system/src/stm32f1-stdperiph/stm32f10x_gpio.o ./system/src/stm32f1-stdperiph/stm32f10x_rcc.o  ./system/src/newlib/_cxx.o ./system/src/newlib/_exit.o ./system/src/newlib/_sbrk.o ./system/src/newlib/_startup.o ./system/src/newlib/_syscalls.o ./system/src/newlib/assert.o  ./system/src/diag/Trace.o ./system/src/diag/trace_impl.o  ./system/src/cortexm/_initialize_hardware.o ./system/src/cortexm/_reset_hardware.o ./system/src/cortexm/exception_handlers.o  ./system/src/cmsis/system_stm32f10x.o ./system/src/cmsis/vectors_stm32f10x.o  ./src/MCAL/UART/UART_Program.o  ./src/MCAL/TIMER/TIMER_PROGRAM.o  ./src/MCAL/SYSTICK/SYSTICK_Program.o  ./src/MCAL/SPI/SPI_Program.o  ./src/MCAL/RCC/RCC_Program.o  ./src/MCAL/NVIC/NVIC.o  ./src/MCAL/GPIO/GPIO_Program.o  ./src/MCAL/EXI_INTERRUPT/EX_Interrupt.o  ./src/MCAL/DMA/DMA_Program.o  ./src/MCAL/AFIO/AFIO.o  ./src/HAL/ULTRASONIC_SENSOR/ULTRASONIC_SENSOR_PROGRAM.o  ./src/HAL/MOTOR/MOTOR_Program.o  ./src/HAL/LCD/LCD_Program.o  ./src/HAL/ESP/ESP_Program.o  ./src/APP/VtoI/VtoI.o  ./src/main.o   
Finished building target: ARM_NTI.elf
 
Invoking: Cross ARM GNU Create Flash Image
arm-none-eabi-objcopy -O ihex "ARM_NTI.elf"  "ARM_NTI.hex"
Finished building: ARM_NTI.hex
 
Invoking: Cross ARM GNU Print Size
arm-none-eabi-size --format=berkeley "ARM_NTI.elf"
   text	   data	    bss	    dec	    hex	filename
   6255	    276	    444	   6975	   1b3f	ARM_NTI.elf
Finished building: ARM_NTI.siz
 
15:07:53 **** Incremental Build of configuration Debug for project ARM_NTI ****
make all 
Building file: ../src/APP/VtoI/VtoI.c
Invoking: Cross ARM GNU C Compiler
arm-none-eabi-gcc -mcpu=cortex-m3 -mthumb -Og -fmessage-length=0 -fsigned-char -ffunction-sections -fdata-sections -ffreestanding -fno-move-loop-invariants -Wall -Wextra  -g3 -DDEBUG -DUSE_FULL_ASSERT -DTRACE -DOS_USE_TRACE_SEMIHOSTING_DEBUG -DSTM32F10X_MD -DUSE_STDPERIPH_DRIVER -DHSE_VALUE=8000000 -I"../include" -I"../system/include" -I"../system/include/cmsis" -I"../system/include/stm32f1-stdperiph" -std=gnu11 -MMD -MP -MF"src/APP/VtoI/VtoI.d" -MT"src/APP/VtoI/VtoI.o" -c -o "src/APP/VtoI/VtoI.o" "../src/APP/VtoI/VtoI.c"
Finished building: ../src/APP/VtoI/VtoI.c
 
Building file: ../src/main.c
Invoking: Cross ARM GNU C Compiler
arm-none-eabi-gcc -mcpu=cortex-m3 -mthumb -Og -fmessage-length=0 -fsigned-char -ffunction-sections -fdata-sections -ffreestanding -fno-move-loop-invariants -Wall -Wextra  -g3 -DDEBUG -DUSE_FULL_ASSERT -DTRACE -DOS_USE_TRACE_SEMIHOSTING_DEBUG -DSTM32F10X_MD -DUSE_STDPERIPH_DRIVER -DHSE_VALUE=8000000 -I"../include" -I"../system/include" -I"../system/include/cmsis" -I"../system/include/stm32f1-stdperiph" -std=gnu11 -MMD -MP -MF"src/main.d" -MT"src/main.o" -c -o "src/main.o" "../src/main.c"
Finished building: ../src/main.c
 
Building target: ARM_NTI.elf
Invoking: Cross ARM GNU C++ Linker
arm-none-eabi-g++ -mcpu=cortex-m3 -mthumb -Og -fmessage-length=0 -fsigned-char -ffunction-sections -fdata-sections -ffreestanding -fno-move-loop-invariants -Wall -Wextra  -g3 -T mem.ld -T libs.ld -T sections.ld -nostartfiles -Xlinker --gc-sections -L"../ldscripts" -Wl,-Map,"ARM_NTI.map" --specs=nano.specs -o "ARM_NTI.elf"  ./system/src/stm32f1-stdperiph/misc.o ./system/src/stm32f1-stdperiph/stm32f10x_gpio.o ./system/src/stm32f1-stdperiph/stm32f10x_rcc.o  ./system/src/newlib/_cxx.o ./system/src/newlib/_exit.o ./system/src/newlib/_sbrk.o ./system/src/newlib/_startup.o ./system/src/newlib/_syscalls.o ./system/src/newlib/assert.o  ./system/src/diag/Trace.o ./system/src/diag/trace_impl.o  ./system/src/cortexm/_initialize_hardware.o ./system/src/cortexm/_reset_hardware.o ./system/src/cortexm/exception_handlers.o  ./system/src/cmsis/system_stm32f10x.o ./system/src/cmsis/vectors_stm32f10x.o  ./src/MCAL/UART/UART_Program.o  ./src/MCAL/TIMER/TIMER_PROGRAM.o  ./src/MCAL/SYSTICK/SYSTICK_Program.o  ./src/MCAL/SPI/SPI_Program.o  ./src/MCAL/RCC/RCC_Program.o  ./src/MCAL/NVIC/NVIC.o  ./src/MCAL/GPIO/GPIO_Program.o  ./src/MCAL/EXI_INTERRUPT/EX_Interrupt.o  ./src/MCAL/DMA/DMA_Program.o  ./src/MCAL/AFIO/AFIO.o  ./src/HAL/ULTRASONIC_SENSOR/ULTRASONIC_SENSOR_PROGRAM.o  ./src/HAL/MOTOR/MOTOR_Program.o  ./src/HAL/LCD/LCD_Program.o  ./src/HAL/ESP/ESP_Program.o  ./src/APP/VtoI/VtoI.o  ./src/main.o   
Finished building target: ARM_NTI.elf
 
Invoking: Cross ARM GNU Create Flash Image
arm-none-eabi-objcopy -O ihex "ARM_NTI.elf"  "ARM_NTI.hex"
Finished building: ARM_NTI.hex
 
Invoking: Cross ARM GNU Print Size
arm-none-eabi-size --format=berkeley "ARM_NTI.elf"
   text	   data	    bss	    dec	    hex	filename
   6255	    276	    444	   6975	   1b3f	ARM_NTI.elf
Finished building: ARM_NTI.siz
 
15:09:00 **** Incremental Build of configuration Debug for project ARM_NTI ****
make all 
Building file: ../src/APP/VtoI/VtoI.c
Invoking: Cross ARM GNU C Compiler
arm-none-eabi-gcc -mcpu=cortex-m3 -mthumb -Og -fmessage-length=0 -fsigned-char -ffunction-sections -fdata-sections -ffreestanding -fno-move-loop-invariants -Wall -Wextra  -g3 -DDEBUG -DUSE_FULL_ASSERT -DTRACE -DOS_USE_TRACE_SEMIHOSTING_DEBUG -DSTM32F10X_MD -DUSE_STDPERIPH_DRIVER -DHSE_VALUE=8000000 -I"../include" -I"../system/include" -I"../system/include/cmsis" -I"../system/include/stm32f1-stdperiph" -std=gnu11 -MMD -MP -MF"src/APP/VtoI/VtoI.d" -MT"src/APP/VtoI/VtoI.o" -c -o "src/APP/VtoI/VtoI.o" "../src/APP/VtoI/VtoI.c"
Finished building: ../src/APP/VtoI/VtoI.c
 
Building file: ../src/main.c
Invoking: Cross ARM GNU C Compiler
arm-none-eabi-gcc -mcpu=cortex-m3 -mthumb -Og -fmessage-length=0 -fsigned-char -ffunction-sections -fdata-sections -ffreestanding -fno-move-loop-invariants -Wall -Wextra  -g3 -DDEBUG -DUSE_FULL_ASSERT -DTRACE -DOS_USE_TRACE_SEMIHOSTING_DEBUG -DSTM32F10X_MD -DUSE_STDPERIPH_DRIVER -DHSE_VALUE=8000000 -I"../include" -I"../system/include" -I"../system/include/cmsis" -I"../system/include/stm32f1-stdperiph" -std=gnu11 -MMD -MP -MF"src/main.d" -MT"src/main.o" -c -o "src/main.o" "../src/main.c"
Finished building: ../src/main.c
 
Building target: ARM_NTI.elf
Invoking: Cross ARM GNU C++ Linker
[...]
Finished building target: ARM_NTI.elf
 
Invoking: Cross ARM GNU Create Flash Image
arm-none-eabi-objcopy -O ihex "ARM_NTI.elf"  "ARM_NTI.hex"
Finished building: ARM_NTI.hex
 
Invoking: Cross ARM GNU Print Size
arm-none-eabi-size --format=berkeley "ARM_NTI.elf"
   text	   data	    bss	    dec	    hex	filename
   7811	    176	    552	   8539	   215b	ARM_NTI.elf
Finished building: ARM_NTI.siz
 
11:50:50 **** Incremental Build of configuration Debug for project ARM_NTI ****
make all 
Building file: ../src/APP/VtoI/VtoI.c
Invoking: Cross ARM GNU C Compiler
arm-none-eabi-gcc -mcpu=cortex-m3 -mthumb -Og -fmessage-length=0 -fsigned-char -ffunction-sections -fdata-sections -ffreestanding -fno-move-loop-invariants -Wall -Wextra  -g3 -DDEBUG -DUSE_FULL_ASSERT -DTRACE -DOS_USE_TRACE_SEMIHOSTING_DEBUG -DSTM32F10X_MD -DUSE_STDPERIPH_DRIVER -DHSE_VALUE=8000000 -I"../include" -I"../system/include" -I"../system/include/cmsis" -I"../system/include/stm32f1-stdperiph" -std=gnu11 -MMD -MP -MF"src/APP/VtoI/VtoI.d" -MT"src/APP/VtoI/VtoI.o" -c -o "src/APP/VtoI/VtoI.o" "../src/APP/VtoI/VtoI.c"
../src/APP/VtoI/VtoI.c:61:6: error: redefinition of 'VtoI_Init'
 void VtoI_Init(void)
      ^~~~~~~~~
../src/APP/VtoI/VtoI.c:32:6: note: previous definition of 'VtoI_Init' was here
 void VtoI_Init(void)
      ^~~~~~~~~
../src/APP/VtoI/VtoI.c: In function 'VtoI_Init':
../src/APP/VtoI/VtoI.c:64:2: warning: implicit declaration of function 'LANEFOLLOW_Init' [-Wimplicit-function-declaration]
  LANEFOLLOW_Init();
  ^~~~~~~~~~~~~~~
../src/APP/VtoI/VtoI.c: At top level:
../src/APP/VtoI/VtoI.c:159:6: warning: conflicting types for 'LANEFOLLOW_Init'
 void LANEFOLLOW_Init(void)
      ^~~~~~~~~~~~~~~
../src/APP/VtoI/VtoI.c:64:2: note: previous implicit declaration of 'LANEFOLLOW_Init' was here
  LANEFOLLOW_Init();
  ^~~~~~~~~~~~~~~
make: *** [src/APP/VtoI/subdir.mk:20: src/APP/VtoI/VtoI.o] Error 1
11:51:01 **** Incremental Build of configuration Debug for project ARM_NTI ****
make all 
Building file: ../src/APP/VtoI/VtoI.c
Invoking: Cross ARM GNU C Compiler
arm-none-eabi-gcc -mcpu=cortex-m3 -mthumb -Og -fmessage-length=0 -fsigned-char -ffunction-sections -fdata-sections -ffreestanding -fno-move-loop-invariants -Wall -Wextra  -g3 -DDEBUG -DUSE_FULL_ASSERT -DTRACE -DOS_USE_TRACE_SEMIHOSTING_DEBUG -DSTM32F10X_MD -DUSE_STDPERIPH_DRIVER -DHSE_VALUE=8000000 -I"../include" -I"../system/include" -I"../system/include/cmsis" -I"../system/include/stm32f1-stdperiph" -std=gnu11 -MMD -MP -MF"src/APP/VtoI/VtoI.d" -MT"src/APP/VtoI/VtoI.o" -c -o "src/APP/VtoI/VtoI.o" "../src/APP/VtoI/VtoI.c"
../src/APP/VtoI/VtoI.c:61:6: error: redefinition of 'VtoI_Init'
 void VtoI_Init(void)
      ^~~~~~~~~
../src/APP/VtoI/VtoI.c:32:6: note: previous definition of 'VtoI_Init' was here
 void VtoI_Init(void)
      ^~~~~~~~~
../src/APP/VtoI/VtoI.c: In function 'VtoI_Init':
../src/APP/VtoI/VtoI.c:64:2: warning: implicit declaration of function 'LANEFOLLOW_Init' [-Wimplicit-function-declaration]
  LANEFOLLOW_Init();
  ^~~~~~~~~~~~~~~
../src/APP/VtoI/VtoI.c: At top level:
../src/APP/VtoI/VtoI.c:159:6: warning: conflicting types for 'LANEFOLLOW_Init'
 void LANEFOLLOW_Init(void)
      ^~~~~~~~~~~~~~~
../src/APP/VtoI/VtoI.c:64:2: note: previous implicit declaration of 'LANEFOLLOW_Init' was here
  LANEFOLLOW_Init();
  ^~~~~~~~~~~~~~~
make: *** [src/APP/VtoI/subdir.mk:20: src/APP/VtoI/VtoI.o] Error 1
11:51:20 **** Incremental Build of configuration Debug for project ARM_NTI ****
make all 
Building file: ../src/APP/VtoI/VtoI.c
Invoking: Cross ARM GNU C Compiler
arm-none-eabi-gcc -mcpu=cortex-m3 -mthumb -Og -fmessage-length=0 -fsigned-char -ffunction-sections -fdata-sections -ffreestanding -fno-move-loop-invariants -Wall -Wextra  -g3 -DDEBUG -DUSE_FULL_ASSERT -DTRACE -DOS_USE_TRACE_SEMIHOSTING_DEBUG -DSTM32F10X_MD -DUSE_STDPERIPH_DRIVER -DHSE_VALUE=8000000 -I"../include" -I"../system/include" -I"../system/include/cmsis" -I"../system/include/stm32f1-stdperiph" -std=gnu11 -MMD -MP -MF"src/APP/VtoI/VtoI.d" -MT"src/APP/VtoI/VtoI.o" -c -o "src/APP/VtoI/VtoI.o" "../src/APP/VtoI/VtoI.c"
../src/APP/VtoI/VtoI.c: In function 'VtoI_APP':
../src/APP/VtoI/VtoI.c:64:2: warning: implicit declaration of function 'LANEFOLLOW_Init' [-Wimplicit-function-declaration]
  LANEFOLLOW_Init();
  ^~~~~~~~~~~~~~~
../src/APP/VtoI/VtoI.c: At top level:
../src/APP/VtoI/VtoI.c:159:6: warning: conflicting types for 'LANEFOLLOW_Init'
 void LANEFOLLOW_Init(void)
      ^~~~~~~~~~~~~~~
../src/APP/VtoI/VtoI.c:64:2: note: previous implicit declaration of 'LANEFOLLOW_Init' was here
  LANEFOLLOW_Init();
  ^~~~~~~~~~~~~~~
Finished building: ../src/APP/VtoI/VtoI.c
 
Building file: ../src/main.c
Invoking: Cross ARM GNU C Compiler
arm-none-eabi-gcc -mcpu=cortex-m3 -mthumb -Og -fmessage-length=0 -fsigned-char -ffunction-sections -fdata-sections -ffreestanding -fno-move-loop-invariants -Wall -Wextra  -g3 -DDEBUG -DUSE_FULL_ASSERT -DTRACE -DOS_USE_TRACE_SEMIHOSTING_DEBUG -DSTM32F10X_MD -DUSE_STDPERIPH_DRIVER -DHSE_VALUE=8000000 -I"../include" -I"../system/include" -I"../system/include/cmsis" -I"../system/include/stm32f1-stdperiph" -std=gnu11 -MMD -MP -MF"src/main.d" -MT"src/main.o" -c -o "src/main.o" "../src/main.c"
Finished building: ../src/main.c
 
Building target: ARM_NTI.elf
Invoking: Cross ARM GNU C++ Linker
arm-none-eabi-g++ -mcpu=cortex-m3 -mthumb -Og -fmessage-length=0 -fsigned-char -ffunction-sections -fdata-sections -ffreestanding -fno-move-loop-invariants -Wall -Wextra  -g3 -T mem.ld -T libs.ld -T sections.ld -nostartfiles -Xlinker --gc-sections -L"../ldscripts" -Wl,-Map,"ARM_NTI.map" --specs=nano.specs -o "ARM_NTI.elf"  ./system/src/stm32f1-stdperiph/misc.o ./system/src/stm32f1-stdperiph/stm32f10x_gpio.o ./system/src/stm32f1-stdperiph/stm32f10x_rcc.o  ./system/src/newlib/_cxx.o ./system/src/newlib/_exit.o ./system/src/newlib/_sbrk.o ./system/src/newlib/_startup.o ./system/src/newlib/_syscalls.o ./system/src/newlib/assert.o  ./system/src/diag/Trace.o ./system/src/diag/trace_impl.o  ./system/src/cortexm/_initialize_hardware.o ./system/src/cortexm/_reset_hardware.o ./system/src/cortexm/exception_handlers.o  ./system/src/cmsis/system_stm32f10x.o ./system/src/cmsis/vectors_stm32f10x.o  ./src/MCAL/UART/UART_Program.o  ./src/MCAL/TIMER/Timer_Program.o  ./src/MCAL/SYSTICK/SYSTICK_Program.o  ./src/MCAL/SPI/SPI_Program.o  ./src/MCAL/RCC/RCC_Program.o  ./src/MCAL/NVIC/NVIC.o  ./src/MCAL/GPIO/GPIO_Program.o  ./src/MCAL/EXI_INTERRUPT/EX_Interrupt.o  ./src/MCAL/DMA/DMA_Program.o  ./src/MCAL/AFIO/AFIO.o  ./src/HAL/ULTRA_SONIC/ULTRA_SONIC.o  ./src/HAL/MOTOR/MOTOR_Program.o  ./src/HAL/LCD/LCD_Program.o  ./src/HAL/IR_SENSOR/IR_SENSOR.o  ./src/HAL/ESP/ESP_Program.o  ./src/APP/VtoI/VtoI.o  ./src/main.o   
Finished building target: ARM_NTI.elf
 
Invoking: Cross ARM GNU Create Flash Image
arm-none-eabi-objcopy -O ihex "ARM_NTI.elf"  "ARM_NTI.hex"
Finished building: ARM_NTI.hex
 
Invoking: Cross ARM GNU Print Size
arm-none-eabi-size --format=berkeley "ARM_NTI.elf"
   text	   data	    bss	    dec	    hex	filename
   7819	    176	    552	   8547	   2163	ARM_NTI.elf
Finished building: ARM_NTI.siz
 
11:51:49 **** Incremental Build of configuration Debug for project ARM_NTI ****
make all 
Building file: ../src/APP/VtoI/VtoI.c
Invoking: Cross ARM GNU C Compiler
arm-none-eabi-gcc -mcpu=cortex-m3 -mthumb -Og -fmessage-length=0 -fsigned-char -ffunction-sections -fdata-sections -ffreestanding -fno-move-loop-invariants -Wall -Wextra  -g3 -DDEBUG -DUSE_FULL_ASSERT -DTRACE -DOS_USE_TRACE_SEMIHOSTING_DEBUG -DSTM32F10X_MD -DUSE_STDPERIPH_DRIVER -DHSE_VALUE=8000000 -I"../include" -I"../system/include" -I"../system/include/cmsis" -I"../system/include/stm32f1-stdperiph" -std=gnu11 -MMD -MP -MF"src/APP/VtoI/VtoI.d" -MT"src/APP/VtoI/VtoI.o" -c -o "src/APP/VtoI/VtoI.o" "../src/APP/VtoI/VtoI.c"
In file included from ../src/APP/VtoI/VtoI.c:23:0:
../src/APP/VtoI/VtoI_Interface.h:23:1: warning: data definition has no type or storage class
 LANEFOLLOW_Init();
 ^~~~~~~~~~~~~~~
../src/APP/VtoI/VtoI_Interface.h:23:1: warning: type defaults to 'int' in declaration of 'LANEFOLLOW_Init' [-Wimplicit-int]
../src/APP/VtoI/VtoI.c:159:6: error: conflicting types for 'LANEFOLLOW_Init'
 void LANEFOLLOW_Init(void)
      ^~~~~~~~~~~~~~~
In file included from ../src/APP/VtoI/VtoI.c:23:0:
../src/APP/VtoI/VtoI_Interface.h:23:1: note: previous declaration of 'LANEFOLLOW_Init' was here
 LANEFOLLOW_Init();
 ^~~~~~~~~~~~~~~
make: *** [src/APP/VtoI/subdir.mk:20: src/APP/VtoI/VtoI.o] Error 1
11:52:11 **** Incremental Build of configuration Debug for project ARM_NTI ****
make all 
Building file: ../src/APP/VtoI/VtoI.c
Invoking: Cross ARM GNU C Compiler
arm-none-eabi-gcc -mcpu=cortex-m3 -mthumb -Og -fmessage-length=0 -fsigned-char -ffunction-sections -fdata-sections -ffreestanding -fno-move-loop-invariants -Wall -Wextra  -g3 -DDEBUG -DUSE_FULL_ASSERT -DTRACE -DOS_USE_TRACE_SEMIHOSTING_DEBUG -DSTM32F10X_MD -DUSE_STDPERIPH_DRIVER -DHSE_VALUE=8000000 -I"../include" -I"../system/include" -I"../system/include/cmsis" -I"../system/include/stm32f1-stdperiph" -std=gnu11 -MMD -MP -MF"src/APP/VtoI/VtoI.d" -MT"src/APP/VtoI/VtoI.o" -c -o "src/APP/VtoI/VtoI.o" "../src/APP/VtoI/VtoI.c"
Finished building: ../src/APP/VtoI/VtoI.c
 
Building file: ../src/main.c
Invoking: Cross ARM GNU C Compiler
arm-none-eabi-gcc -mcpu=cortex-m3 -mthumb -Og -fmessage-length=0 -fsigned-char -ffunction-sections -fdata-sections -ffreestanding -fno-move-loop-invariants -Wall -Wextra  -g3 -DDEBUG -DUSE_FULL_ASSERT -DTRACE -DOS_USE_TRACE_SEMIHOSTING_DEBUG -DSTM32F10X_MD -DUSE_STDPERIPH_DRIVER -DHSE_VALUE=8000000 -I"../include" -I"../system/include" -I"../system/include/cmsis" -I"../system/include/stm32f1-stdperiph" -std=gnu11 -MMD -MP -MF"src/main.d" -MT"src/main.o" -c -o "src/main.o" "../src/main.c"
Finished building: ../src/main.c
 
Building target: ARM_NTI.elf
Invoking: Cross ARM GNU C++ Linker
arm-none-eabi-g++ -mcpu=cortex-m3 -mthumb -Og -fmessage-length=0 -fsigned-char -ffunction-sections -fdata-sections -ffreestanding -fno-move-loop-invariants -Wall -Wextra  -g3 -T mem.ld -T libs.ld -T sections.ld -nostartfiles -Xlinker --gc-sections -L"../ldscripts" -Wl,-Map,"ARM_NTI.map" --specs=nano.specs -o "ARM_NTI.elf"  ./system/src/stm32f1-stdperiph/misc.o ./system/src/stm32f1-stdperiph/stm32f10x_gpio.o ./system/src/stm32f1-stdperiph/stm32f10x_rcc.o  ./system/src/newlib/_cxx.o ./system/src/newlib/_exit.o ./system/src/newlib/_sbrk.o ./system/src/newlib/_startup.o ./system/src/newlib/_syscalls.o ./system/src/newlib/assert.o  ./system/src/diag/Trace.o ./system/src/diag/trace_impl.o  ./system/src/cortexm/_initialize_hardware.o ./system/src/cortexm/_reset_hardware.o ./system/src/cortexm/exception_handlers.o  ./system/src/cmsis/system_stm32f10x.o ./system/src/cmsis/vectors_stm32f10x.o  ./src/MCAL/UART/UART_Program.o  ./src/MCAL/TIMER/Timer_Program.o  ./src/MCAL/SYSTICK/SYSTICK_Program.o  ./src/MCAL/SPI/SPI_Program.o  ./src/MCAL/RCC/RCC_Program.o  ./src/MCAL/NVIC/NVIC.o  ./src/MCAL/GPIO/GPIO_Program.o  ./src/MCAL/EXI_INTERRUPT/EX_Interrupt.o  ./src/MCAL/DMA/DMA_Program.o  ./src/MCAL/AFIO/AFIO.o  ./src/HAL/ULTRA_SONIC/ULTRA_SONIC.o  ./src/HAL/MOTOR/MOTOR_Program.o  ./src/HAL/LCD/LCD_Program.o  ./src/HAL/IR_SENSOR/IR_SENSOR.o  ./src/HAL/ESP/ESP_Program.o  ./src/APP/VtoI/VtoI.o  ./src/main.o   
Finished building target: ARM_NTI.elf
 
Invoking: Cross ARM GNU Create Flash Image
arm-none-eabi-objcopy -O ihex "ARM_NTI.elf"  "ARM_NTI.hex"
Finished building: ARM_NTI.hex
 
Invoking: Cross ARM GNU Print Size
arm-none-eabi-size --format=berkeley "ARM_NTI.elf"
   text	   data	    bss	    dec	    hex	filename
   7819	    176	    552	   8547	   2163	ARM_NTI.elf
Finished building: ARM_NTI.siz
 
11:52:35 **** Incremental Build of configuration Debug for project ARM_NTI ****
make all 
Building file: ../src/main.c
Invoking: Cross ARM GNU C Compiler
arm-none-eabi-gcc -mcpu=cortex-m3 -mthumb -Og -fmessage-length=0 -fsigned-char -ffunction-sections -fdata-sections -ffreestanding -fno-move-loop-invariants -Wall -Wextra  -g3 -DDEBUG -DUSE_FULL_ASSERT -DTRACE -DOS_USE_TRACE_SEMIHOSTING_DEBUG -DSTM32F10X_MD -DUSE_STDPERIPH_DRIVER -DHSE_VALUE=8000000 -I"../include" -I"../system/include" -I"../system/include/cmsis" -I"../system/include/stm32f1-stdperiph" -std=gnu11 -MMD -MP -MF"src/main.d" -MT"src/main.o" -c -o "src/main.o" "../src/main.c"
Finished building: ../src/main.c
 
Building target: ARM_NTI.elf
Invoking: Cross ARM GNU C++ Linker
arm-none-eabi-g++ -mcpu=cortex-m3 -mthumb -Og -fmessage-length=0 -fsigned-char -ffunction-sections -fdata-sections -ffreestanding -fno-move-loop-invariants -Wall -Wextra  -g3 -T mem.ld -T libs.ld -T sections.ld -nostartfiles -Xlinker --gc-sections -L"../ldscripts" -Wl,-Map,"ARM_NTI.map" --specs=nano.specs -o "ARM_NTI.elf"  ./system/src/stm32f1-stdperiph/misc.o ./system/src/stm32f1-stdperiph/stm32f10x_gpio.o ./system/src/stm32f1-stdperiph/stm32f10x_rcc.o  ./system/src/newlib/_cxx.o ./system/src/newlib/_exit.o ./system/src/newlib/_sbrk.o ./system/src/newlib/_startup.o ./system/src/newlib/_syscalls.o ./system/src/newlib/assert.o  ./system/src/diag/Trace.o ./system/src/diag/trace_impl.o  ./system/src/cortexm/_initialize_hardware.o ./system/src/cortexm/_reset_hardware.o ./system/src/cortexm/exception_handlers.o  ./system/src/cmsis/system_stm32f10x.o ./system/src/cmsis/vectors_stm32f10x.o  ./src/MCAL/UART/UART_Program.o  ./src/MCAL/TIMER/Timer_Program.o  ./src/MCAL/SYSTICK/SYSTICK_Program.o  ./src/MCAL/SPI/SPI_Program.o  ./src/MCAL/RCC/RCC_Program.o  ./src/MCAL/NVIC/NVIC.o  ./src/MCAL/GPIO/GPIO_Program.o  ./src/MCAL/EXI_INTERRUPT/EX_Interrupt.o  ./src/MCAL/DMA/DMA_Program.o  ./src/MCAL/AFIO/AFIO.o  ./src/HAL/ULTRA_SONIC/ULTRA_SONIC.o  ./src/HAL/MOTOR/MOTOR_Program.o  ./src/HAL/LCD/LCD_Program.o  ./src/HAL/IR_SENSOR/IR_SENSOR.o  ./src/HAL/ESP/ESP_Program.o  ./src/APP/VtoI/VtoI.o  ./src/main.o   
Finished building target: ARM_NTI.elf
 
Invoking: Cross ARM GNU Create Flash Image
arm-none-eabi-objcopy -O ihex "ARM_NTI.elf"  "ARM_NTI.hex"
Finished building: ARM_NTI.hex
 
Invoking: Cross ARM GNU Print Size
arm-none-eabi-size --format=berkeley "ARM_NTI.elf"
   text	   data	    bss	    dec	    hex	filename
   7819	    176	    552	   8547	   2163	ARM_NTI.elf
Finished building: ARM_NTI.siz
 
11:53:27 **** Incremental Build of configuration Debug for project ARM_NTI ****
make all 
Invoking: Cross ARM GNU Print Size
arm-none-eabi-size --format=berkeley "ARM_NTI.elf"
   text	   data	    bss	    dec	    hex	filename
   7819	    176	    552	   8547	   2163	ARM_NTI.elf
Finished building: ARM_NTI.siz
 
11:53:42 **** Incremental Build of configuration Debug for project ARM_NTI ****
make all 
Invoking: Cross ARM GNU Print Size
arm-none-eabi-size --format=berkeley "ARM_NTI.elf"
   text	   data	    bss	    dec	    hex	filename
   7819	    176	    552	   8547	   2163	ARM_NTI.elf
Finished building: ARM_NTI.siz
 
20:07:09 **** Incremental Build of configuration Debug for project ARM_NTI ****
make all 
Building file: ../src/main.c
Invoking: Cross ARM GNU C Compiler
arm-none-eabi-gcc -mcpu=cortex-m3 -mthumb -Og -fmessage-length=0 -fsigned-char -ffunction-sections -fdata-sections -ffreestanding -fno-move-loop-invariants -Wall -Wextra  -g3 -DDEBUG -DUSE_FULL_ASSERT -DTRACE -DOS_USE_TRACE_SEMIHOSTING_DEBUG -DSTM32F10X_MD -DUSE_STDPERIPH_DRIVER -DHSE_VALUE=8000000 -I"../include" -I"../system/include" -I"../system/include/cmsis" -I"../system/include/stm32f1-stdperiph" -std=gnu11 -MMD -MP -MF"src/main.d" -MT"src/main.o" -c -o "src/main.o" "../src/main.c"
Finished building: ../src/main.c
 
Building target: ARM_NTI.elf
Invoking: Cross ARM GNU C++ Linker
arm-none-eabi-g++ -mcpu=cortex-m3 -mthumb -Og -fmessage-length=0 -fsigned-char -ffunction-sections -fdata-sections -ffreestanding -fno-move-loop-invariants -Wall -Wextra  -g3 -T mem.ld -T libs.ld -T sections.ld -nostartfiles -Xlinker --gc-sections -L"../ldscripts" -Wl,-Map,"ARM_NTI.map" --specs=nano.specs -o "ARM_NTI.elf"  ./system/src/stm32f1-stdperiph/misc.o ./system/src/stm32f1-stdperiph/stm32f10x_gpio.o ./system/src/stm32f1-stdperiph/stm32f10x_rcc.o  ./system/src/newlib/_cxx.o ./system/src/newlib/_exit.o ./system/src/newlib/_sbrk.o ./system/src/newlib/_startup.o ./system/src/newlib/_syscalls.o ./system/src/newlib/assert.o  ./system/src/diag/Trace.o ./system/src/diag/trace_impl.o  ./system/src/cortexm/_initialize_hardware.o ./system/src/cortexm/_reset_hardware.o ./system/src/cortexm/exception_handlers.o  ./system/src/cmsis/system_stm32f10x.o ./system/src/cmsis/vectors_stm32f10x.o  ./src/MCAL/UART/UART_Program.o  ./src/MCAL/TIMER/Timer_Program.o  ./src/MCAL/SYSTICK/SYSTICK_Program.o  ./src/MCAL/SPI/SPI_Program.o  ./src/MCAL/RCC/RCC_Program.o  ./src/MCAL/NVIC/NVIC.o  ./src/MCAL/GPIO/GPIO_Program.o  ./src/MCAL/EXI_INTERRUPT/EX_Interrupt.o  ./src/MCAL/DMA/DMA_Program.o  ./src/MCAL/AFIO/AFIO.o  ./src/HAL/ULTRA_SONIC/ULTRA_SONIC.o  ./src/HAL/MOTOR/MOTOR_Program.o  ./src/HAL/LCD/LCD_Program.o  ./src/HAL/IR_SENSOR/IR_SENSOR.o  ./src/HAL/ESP/ESP_Program.o  ./src/APP/VtoI/VtoI.o  ./src/main.o   
Finished building target: ARM_NTI.elf
 
Invoking: Cross ARM GNU Create Flash Image
arm-none-eabi-objcopy -O ihex "ARM_NTI.elf"  "ARM_NTI.hex"
Finished building: ARM_NTI.hex
 
Invoking: Cross ARM GNU Print Size
arm-none-eabi-size --format=berkeley "ARM_NTI.elf"
   text	   data	    bss	    dec	    hex	filename
   7819	    176	    552	   8547	   2163	ARM_NTI.elf
Finished building: ARM_NTI.siz
 
20:07:22 **** Incremental Build of configuration Debug for project ARM_NTI ****
make all 
Building file: ../src/main.c
Invoking: Cross ARM GNU C Compiler
arm-none-eabi-gcc -mcpu=cortex-m3 -mthumb -Og -fmessage-length=0 -fsigned-char -ffunction-sections -fdata-sections -ffreestanding -fno-move-loop-invariants -Wall -Wextra  -g3 -DDEBUG -DUSE_FULL_ASSERT -DTRACE -DOS_USE_TRACE_SEMIHOSTING_DEBUG -DSTM32F10X_MD -DUSE_STDPERIPH_DRIVER -DHSE_VALUE=8000000 -I"../include" -I"../system/include" -I"../system/include/cmsis" -I"../system/include/stm32f1-stdperiph" -std=gnu11 -MMD -MP -MF"src/main.d" -MT"src/main.o" -c -o "src/main.o" "../src/main.c"
Finished building: ../src/main.c
 
Building target: ARM_NTI.elf
Invoking: Cross ARM GNU C++ Linker
arm-none-eabi-g++ -mcpu=cortex-m3 -mthumb -Og -fmessage-length=0 -fsigned-char -ffunction-sections -fdata-sections -ffreestanding -fno-move-loop-invariants -Wall -Wextra  -g3 -T mem.ld -T libs.ld -T sections.ld -nostartfiles -Xlinker --gc-sections -L"../ldscripts" -Wl,-Map,"ARM_NTI.map" --specs=nano.specs -o "ARM_NTI.elf"  ./system/src/stm32f1-stdperiph/misc.o ./system/src/stm32f1-stdperiph/stm32f10x_gpio.o ./system/src/stm32f1-stdperiph/stm32f10x_rcc.o  ./system/src/newlib/_cxx.o ./system/src/newlib/_exit.o ./system/src/newlib/_sbrk.o ./system/src/newlib/_startup.o ./system/src/newlib/_syscalls.o ./system/src/newlib/assert.o  ./system/src/diag/Trace.o ./system/src/diag/trace_impl.o  ./system/src/cortexm/_initialize_hardware.o ./system/src/cortexm/_reset_hardware.o ./system/src/cortexm/exception_handlers.o  ./system/src/cmsis/system_stm32f10x.o ./system/src/cmsis/vectors_stm32f10x.o  ./src/MCAL/UART/UART_Program.o  ./src/MCAL/TIMER/Timer_Program.o  ./src/MCAL/SYSTICK/SYSTICK_Program.o  ./src/MCAL/SPI/SPI_Program.o  ./src/MCAL/RCC/RCC_Program.o  ./src/MCAL/NVIC/NVIC.o  ./src/MCAL/GPIO/GPIO_Program.o  ./src/MCAL/EXI_INTERRUPT/EX_Interrupt.o  ./src/MCAL/DMA/DMA_Program.o  ./src/MCAL/AFIO/AFIO.o  ./src/HAL/ULTRA_SONIC/ULTRA_SONIC.o  ./src/HAL/MOTOR/MOTOR_Program.o  ./src/HAL/LCD/LCD_Program.o  ./src/HAL/IR_SENSOR/IR_SENSOR.o  ./src/HAL/ESP/ESP_Program.o  ./src/APP/VtoI/VtoI.o  ./src/main.o   
Finished building target: ARM_NTI.elf
 
Invoking: Cross ARM GNU Create Flash Image
arm-none-eabi-objcopy -O ihex "ARM_NTI.elf"  "ARM_NTI.hex"
Finished building: ARM_NTI.hex
 
Invoking: Cross ARM GNU Print Size
arm-none-eabi-size --format=berkeley "ARM_NTI.elf"
   text	   data	    bss	    dec	    hex	filename
   7819	    176	    552	   8547	   2163	ARM_NTI.elf
Finished building: ARM_NTI.siz
 
